22:56:32 **** Incremental Build of configuration Debug for project fdrmkw41z_ble_observer ****
make -r -j4 all 
Building file: ../source/observer.c
Invoking: MCU C Compiler
arm-none-eabi-gcc -std=gnu99 -DCR_INTEGER_PRINTF -DDEBUG -DFSL_RTOS_FREE_RTOS -DFRDM_KW41Z -DFREEDOM -DSDK_DEBUGCONSOLE=0 -D__MCUXPRESSO -D__USE_CMSIS -DSDK_OS_FREE_RTOS -DCPU_MKW41Z512VHT4 -DCPU_MKW41Z512VHT4_cm0plus -D__REDLIB__ -I"C:\Users\Joe\OneDrive - University of Southampton\Real-Time-Systems-Lab-2\MCUXpresso\fdrmkw41z_ble_observer\source" -I"C:\Users\Joe\OneDrive - University of Southampton\Real-Time-Systems-Lab-2\MCUXpresso\fdrmkw41z_ble_observer" -I"C:\Users\Joe\OneDrive - University of Southampton\Real-Time-Systems-Lab-2\MCUXpresso\fdrmkw41z_ble_observer\drivers" -I"C:\Users\Joe\OneDrive - University of Southampton\Real-Time-Systems-Lab-2\MCUXpresso\fdrmkw41z_ble_observer\framework\ModuleInfo" -I"C:\Users\Joe\OneDrive - University of Southampton\Real-Time-Systems-Lab-2\MCUXpresso\fdrmkw41z_ble_observer\framework\XCVR\MKW41Z4" -I"C:\Users\Joe\OneDrive - University of Southampton\Real-Time-Systems-Lab-2\MCUXpresso\fdrmkw41z_ble_observer\bluetooth\profiles\battery" -I"C:\Users\Joe\OneDrive - University of Southampton\Real-Time-Systems-Lab-2\MCUXpresso\fdrmkw41z_ble_observer\utilities" -I"C:\Users\Joe\OneDrive - University of Southampton\Real-Time-Systems-Lab-2\MCUXpresso\fdrmkw41z_ble_observer\bluetooth\profiles\device_info" -I"C:\Users\Joe\OneDrive - University of Southampton\Real-Time-Systems-Lab-2\MCUXpresso\fdrmkw41z_ble_observer\bluetooth\hci_transport\interface" -I"C:\Users\Joe\OneDrive - University of Southampton\Real-Time-Systems-Lab-2\MCUXpresso\fdrmkw41z_ble_observer\bluetooth\controller\interface" -I"C:\Users\Joe\OneDrive - University of Southampton\Real-Time-Systems-Lab-2\MCUXpresso\fdrmkw41z_ble_observer\source\common" -I"C:\Users\Joe\OneDrive - University of Southampton\Real-Time-Systems-Lab-2\MCUXpresso\fdrmkw41z_ble_observer\framework\common" -I"C:\Users\Joe\OneDrive - University of Southampton\Real-Time-Systems-Lab-2\MCUXpresso\fdrmkw41z_ble_observer\framework\SerialManager\Source\I2C_Adapter" -I"C:\Users\Joe\OneDrive - University of Southampton\Real-Time-Systems-Lab-2\MCUXpresso\fdrmkw41z_ble_observer\framework\Panic\Interface" -I"C:\Users\Joe\OneDrive - University of Southampton\Real-Time-Systems-Lab-2\MCUXpresso\fdrmkw41z_ble_observer\framework\OSAbstraction\Interface" -I"C:\Users\Joe\OneDrive - University of Southampton\Real-Time-Systems-Lab-2\MCUXpresso\fdrmkw41z_ble_observer\framework\DCDC\Interface" -I"C:\Users\Joe\OneDrive - University of Southampton\Real-Time-Systems-Lab-2\MCUXpresso\fdrmkw41z_ble_observer\framework\RNG\Interface" -I"C:\Users\Joe\OneDrive - University of Southampton\Real-Time-Systems-Lab-2\MCUXpresso\fdrmkw41z_ble_observer\framework\MWSCoexistence\Interface" -I"C:\Users\Joe\OneDrive - University of Southampton\Real-Time-Systems-Lab-2\MCUXpresso\fdrmkw41z_ble_observer\source\common\gatt_db\macros" -I"C:\Users\Joe\OneDrive - University of Southampton\Real-Time-Systems-Lab-2\MCUXpresso\fdrmkw41z_ble_observer\source\common\gatt_db" -I"C:\Users\Joe\OneDrive - University of Southampton\Real-Time-Systems-Lab-2\MCUXpresso\fdrmkw41z_ble_observer\framework\FunctionLib" -I"C:\Users\Joe\OneDrive - University of Southampton\Real-Time-Systems-Lab-2\MCUXpresso\fdrmkw41z_ble_observer\bluetooth\host\interface" -I"C:\Users\Joe\OneDrive - University of Southampton\Real-Time-Systems-Lab-2\MCUXpresso\fdrmkw41z_ble_observer\bluetooth\host\config" -I"C:\Users\Joe\OneDrive - University of Southampton\Real-Time-Systems-Lab-2\MCUXpresso\fdrmkw41z_ble_observer\framework\LED\Interface" -I"C:\Users\Joe\OneDrive - University of Southampton\Real-Time-Systems-Lab-2\MCUXpresso\fdrmkw41z_ble_observer\freertos" -I"C:\Users\Joe\OneDrive - University of Southampton\Real-Time-Systems-Lab-2\MCUXpresso\fdrmkw41z_ble_observer\framework\Flash\Internal" -I"C:\Users\Joe\OneDrive - University of Southampton\Real-Time-Systems-Lab-2\MCUXpresso\fdrmkw41z_ble_observer\framework\SecLib" -I"C:\Users\Joe\OneDrive - University of Southampton\Real-Time-Systems-Lab-2\MCUXpresso\fdrmkw41z_ble_observer\bluetooth\profiles\heart_rate" -I"C:\Users\Joe\OneDrive - University of Southampton\Real-Time-Systems-Lab-2\MCUXpresso\fdrmkw41z_ble_observer\framework\Messaging\Interface" -I"C:\Users\Joe\OneDrive - University of Southampton\Real-Time-Systems-Lab-2\MCUXpresso\fdrmkw41z_ble_observer\board" -I"C:\Users\Joe\OneDrive - University of Southampton\Real-Time-Systems-Lab-2\MCUXpresso\fdrmkw41z_ble_observer\framework\Keyboard\Interface" -I"C:\Users\Joe\OneDrive - University of Southampton\Real-Time-Systems-Lab-2\MCUXpresso\fdrmkw41z_ble_observer\framework\Lists" -I"C:\Users\Joe\OneDrive - University of Southampton\Real-Time-Systems-Lab-2\MCUXpresso\fdrmkw41z_ble_observer\framework\GPIO" -I"C:\Users\Joe\OneDrive - University of Southampton\Real-Time-Systems-Lab-2\MCUXpresso\fdrmkw41z_ble_observer\framework\SerialManager\Source\UART_Adapter" -I"C:\Users\Joe\OneDrive - University of Southampton\Real-Time-Systems-Lab-2\MCUXpresso\fdrmkw41z_ble_observer\framework\MemManager\Interface" -I"C:\Users\Joe\OneDrive - University of Southampton\Real-Time-Systems-Lab-2\MCUXpresso\fdrmkw41z_ble_observer\framework\TimersManager\Interface" -I"C:\Users\Joe\OneDrive - University of Southampton\Real-Time-Systems-Lab-2\MCUXpresso\fdrmkw41z_ble_observer\framework\TimersManager\Source" -I"C:\Users\Joe\OneDrive - University of Southampton\Real-Time-Systems-Lab-2\MCUXpresso\fdrmkw41z_ble_observer\CMSIS" -I"C:\Users\Joe\OneDrive - University of Southampton\Real-Time-Systems-Lab-2\MCUXpresso\fdrmkw41z_ble_observer\framework\SerialManager\Source\SPI_Adapter" -I"C:\Users\Joe\OneDrive - University of Southampton\Real-Time-Systems-Lab-2\MCUXpresso\fdrmkw41z_ble_observer\framework\SerialManager\Interface" -O0 -fno-common -g -Wall -c  -ffunction-sections  -fdata-sections  -ffreestanding  -fno-builtin -imacros "C:/Users/Joe/OneDrive - University of Southampton/Real-Time-Systems-Lab-2/MCUXpresso/fdrmkw41z_ble_observer/source/app_preinclude.h" -mcpu=cortex-m0plus -mthumb -D__REDLIB__ -specs=redlib.specs -MMD -MP -MF"source/observer.d" -MT"source/observer.o" -MT"source/observer.d" -o "source/observer.o" "../source/observer.c"
../source/observer.c: In function 'BleApp_ScanningCallback':
../source/observer.c:252:41: warning: missing braces around initializer [-Wmissing-braces]
    bleDeviceAddress_t beaconAddress[] = {0x0E, 0x21, 0x00, 0x2F, 0x62, 0x00};
                                         ^
../source/observer.c:252:41: note: (near initialization for 'beaconAddress')
../source/observer.c:253:24: warning: comparison of distinct pointer types lacks a cast
    if (device.aAddress == beaconAddress){
                        ^
../source/observer.c:251:8: warning: variable 'test' set but not used [-Wunused-but-set-variable]
    int test = 0;
        ^
../source/observer.c:245:2: warning: enumeration value 'gScanCommandFailed_c' not handled in switch [-Wswitch]
  switch (pScanningEvent->eventType)
  ^
../source/observer.c: At top level:
../source/observer.c:230:13: warning: 'BleApp_Advertise' defined but not used [-Wunused-function]
 static void BleApp_Advertise(void)
             ^
Finished building: ../source/observer.c
 
Building target: fdrmkw41z_ble_observer.axf
Invoking: MCU Linker
arm-none-eabi-gcc -L"C:\Users\Joe\OneDrive - University of Southampton\Real-Time-Systems-Lab-2\MCUXpresso\fdrmkw41z_ble_observer\libs" -Xlinker -Map="fdrmkw41z_ble_observer.map" -Xlinker --gc-sections -Xlinker -print-memory-usage -mcpu=cortex-m0plus -mthumb -T MKW41Z512xxx4_connectivity.ld -L ../source -o "fdrmkw41z_ble_observer.axf"  ./utilities/fsl_debug_console.o  ./startup/startup_MKW41Z4.o  ./source/common/gatt_db/gatt_database.o  ./source/common/ApplMain.o ./source/common/ble_conn_manager.o ./source/common/ble_controller_task.o ./source/common/ble_host_tasks.o ./source/common/ble_init.o  ./source/app_config.o ./source/mtb.o ./source/observer.o  ./freertos/croutine.o ./freertos/event_groups.o ./freertos/fsl_tickless_lptmr.o ./freertos/fsl_tickless_systick.o ./freertos/heap_4.o ./freertos/list.o ./freertos/port.o ./freertos/queue.o ./freertos/tasks.o ./freertos/timers.o  ./framework/XCVR/MKW41Z4/cfgs_kw4x_3x_2x/fsl_xcvr_ant_config.o ./framework/XCVR/MKW41Z4/cfgs_kw4x_3x_2x/fsl_xcvr_ble_config.o ./framework/XCVR/MKW41Z4/cfgs_kw4x_3x_2x/fsl_xcvr_common_config.o ./framework/XCVR/MKW41Z4/cfgs_kw4x_3x_2x/fsl_xcvr_gfsk_bt_0p3_h_0p5_config.o ./framework/XCVR/MKW41Z4/cfgs_kw4x_3x_2x/fsl_xcvr_gfsk_bt_0p5_h_0p32_config.o ./framework/XCVR/MKW41Z4/cfgs_kw4x_3x_2x/fsl_xcvr_gfsk_bt_0p5_h_0p5_config.o ./framework/XCVR/MKW41Z4/cfgs_kw4x_3x_2x/fsl_xcvr_gfsk_bt_0p5_h_0p7_config.o ./framework/XCVR/MKW41Z4/cfgs_kw4x_3x_2x/fsl_xcvr_gfsk_bt_0p5_h_1p0_config.o ./framework/XCVR/MKW41Z4/cfgs_kw4x_3x_2x/fsl_xcvr_gfsk_bt_0p7_h_0p5_config.o ./framework/XCVR/MKW41Z4/cfgs_kw4x_3x_2x/fsl_xcvr_mode_datarate_config.o ./framework/XCVR/MKW41Z4/cfgs_kw4x_3x_2x/fsl_xcvr_msk_config.o ./framework/XCVR/MKW41Z4/cfgs_kw4x_3x_2x/fsl_xcvr_zgbe_config.o  ./framework/XCVR/MKW41Z4/dbg_ram_capture.o ./framework/XCVR/MKW41Z4/fsl_xcvr.o ./framework/XCVR/MKW41Z4/fsl_xcvr_trim.o ./framework/XCVR/MKW41Z4/ifr_radio.o  ./framework/TimersManager/Source/TMR_Adapter.o ./framework/TimersManager/Source/TimersManager.o  ./framework/SerialManager/Source/UART_Adapter/UART_Adapter.o  ./framework/SerialManager/Source/SPI_Adapter/SPI_Adapter.o  ./framework/SerialManager/Source/I2C_Adapter/I2C_Adapter.o  ./framework/SerialManager/Source/SerialManager.o  ./framework/SecLib/SecLib.o  ./framework/Reset/Reset.o  ./framework/RNG/Source/RNG.o  ./framework/Panic/Source/Panic.o  ./framework/OSAbstraction/Source/fsl_os_abstraction_free_rtos.o  ./framework/ModuleInfo/ModuleInfo.o  ./framework/Messaging/Source/Messaging.o  ./framework/MemManager/Source/MemManager.o  ./framework/MWSCoexistence/Source/MWS.o  ./framework/Lists/GenericList.o  ./framework/LED/Source/LED.o  ./framework/Keyboard/Source/Keyboard.o  ./framework/GPIO/GPIO_Adapter.o  ./framework/FunctionLib/FunctionLib.o  ./framework/Flash/Internal/Flash_Adapter.o  ./framework/DCDC/Source/DCDC.o  ./drivers/fsl_adc16.o ./drivers/fsl_clock.o ./drivers/fsl_common.o ./drivers/fsl_dspi.o ./drivers/fsl_dspi_freertos.o ./drivers/fsl_flash.o ./drivers/fsl_gpio.o ./drivers/fsl_i2c.o ./drivers/fsl_i2c_freertos.o ./drivers/fsl_llwu.o ./drivers/fsl_lptmr.o ./drivers/fsl_lpuart.o ./drivers/fsl_lpuart_freertos.o ./drivers/fsl_ltc.o ./drivers/fsl_pmc.o ./drivers/fsl_rtc.o ./drivers/fsl_smc.o ./drivers/fsl_tpm.o ./drivers/fsl_trng.o  ./board/board.o ./board/clock_config.o ./board/gpio_pins.o ./board/pin_mux.o  ./bluetooth/profiles/heart_rate/heart_rate_service.o  ./bluetooth/profiles/device_info/device_info_service.o  ./bluetooth/profiles/battery/battery_service.o  ./bluetooth/host/config/ble_globals.o  ./bluetooth/hci_transport/source/hcit_serial_interface.o  ./CMSIS/system_MKW41Z4.o   -lm -lc -lgcc -lnosys -l_ble_kw41z_controller -l_ble_4-2_host_cm0p -l_crypto_m0
Memory region         Used Size  Region Size  %age Used
    TEXT_region1:         192 B         1 KB     18.75%
m_flash_config_region:          16 B         16 B    100.00%
    TEXT_region2:      190083 B     513006 B     37.05%
      NVM_region:          0 GB       8191 B      0.00%
     DATA_region:       23520 B       128 KB     17.94%
PRODUCT_INFO_region:          0 GB       2047 B      0.00%
Finished building target: fdrmkw41z_ble_observer.axf
 
/bin/make --no-print-directory post-build
Performing post-build steps
arm-none-eabi-size "fdrmkw41z_ble_observer.axf"; # arm-none-eabi-objcopy -v -O binary "fdrmkw41z_ble_observer.axf" "fdrmkw41z_ble_observer.bin" ; # checksum -p MKW41Z512xxx4 -d "fdrmkw41z_ble_observer.bin";
   text	   data	    bss	    dec	    hex	filename
 190264	   1728	  21808	 213800	  34328	fdrmkw41z_ble_observer.axf
 
22:57:14 **** Incremental Build of configuration Debug for project fdrmkw41z_ble_observer ****
make -r -j4 all 
Building file: ../source/observer.c
Invoking: MCU C Compiler
arm-none-eabi-gcc -std=gnu99 -DCR_INTEGER_PRINTF -DDEBUG -DFSL_RTOS_FREE_RTOS -DFRDM_KW41Z -DFREEDOM -DSDK_DEBUGCONSOLE=0 -D__MCUXPRESSO -D__USE_CMSIS -DSDK_OS_FREE_RTOS -DCPU_MKW41Z512VHT4 -DCPU_MKW41Z512VHT4_cm0plus -D__REDLIB__ -I"C:\Users\Joe\OneDrive - University of Southampton\Real-Time-Systems-Lab-2\MCUXpresso\fdrmkw41z_ble_observer\source" -I"C:\Users\Joe\OneDrive - University of Southampton\Real-Time-Systems-Lab-2\MCUXpresso\fdrmkw41z_ble_observer" -I"C:\Users\Joe\OneDrive - University of Southampton\Real-Time-Systems-Lab-2\MCUXpresso\fdrmkw41z_ble_observer\drivers" -I"C:\Users\Joe\OneDrive - University of Southampton\Real-Time-Systems-Lab-2\MCUXpresso\fdrmkw41z_ble_observer\framework\ModuleInfo" -I"C:\Users\Joe\OneDrive - University of Southampton\Real-Time-Systems-Lab-2\MCUXpresso\fdrmkw41z_ble_observer\framework\XCVR\MKW41Z4" -I"C:\Users\Joe\OneDrive - University of Southampton\Real-Time-Systems-Lab-2\MCUXpresso\fdrmkw41z_ble_observer\bluetooth\profiles\battery" -I"C:\Users\Joe\OneDrive - University of Southampton\Real-Time-Systems-Lab-2\MCUXpresso\fdrmkw41z_ble_observer\utilities" -I"C:\Users\Joe\OneDrive - University of Southampton\Real-Time-Systems-Lab-2\MCUXpresso\fdrmkw41z_ble_observer\bluetooth\profiles\device_info" -I"C:\Users\Joe\OneDrive - University of Southampton\Real-Time-Systems-Lab-2\MCUXpresso\fdrmkw41z_ble_observer\bluetooth\hci_transport\interface" -I"C:\Users\Joe\OneDrive - University of Southampton\Real-Time-Systems-Lab-2\MCUXpresso\fdrmkw41z_ble_observer\bluetooth\controller\interface" -I"C:\Users\Joe\OneDrive - University of Southampton\Real-Time-Systems-Lab-2\MCUXpresso\fdrmkw41z_ble_observer\source\common" -I"C:\Users\Joe\OneDrive - University of Southampton\Real-Time-Systems-Lab-2\MCUXpresso\fdrmkw41z_ble_observer\framework\common" -I"C:\Users\Joe\OneDrive - University of Southampton\Real-Time-Systems-Lab-2\MCUXpresso\fdrmkw41z_ble_observer\framework\SerialManager\Source\I2C_Adapter" -I"C:\Users\Joe\OneDrive - University of Southampton\Real-Time-Systems-Lab-2\MCUXpresso\fdrmkw41z_ble_observer\framework\Panic\Interface" -I"C:\Users\Joe\OneDrive - University of Southampton\Real-Time-Systems-Lab-2\MCUXpresso\fdrmkw41z_ble_observer\framework\OSAbstraction\Interface" -I"C:\Users\Joe\OneDrive - University of Southampton\Real-Time-Systems-Lab-2\MCUXpresso\fdrmkw41z_ble_observer\framework\DCDC\Interface" -I"C:\Users\Joe\OneDrive - University of Southampton\Real-Time-Systems-Lab-2\MCUXpresso\fdrmkw41z_ble_observer\framework\RNG\Interface" -I"C:\Users\Joe\OneDrive - University of Southampton\Real-Time-Systems-Lab-2\MCUXpresso\fdrmkw41z_ble_observer\framework\MWSCoexistence\Interface" -I"C:\Users\Joe\OneDrive - University of Southampton\Real-Time-Systems-Lab-2\MCUXpresso\fdrmkw41z_ble_observer\source\common\gatt_db\macros" -I"C:\Users\Joe\OneDrive - University of Southampton\Real-Time-Systems-Lab-2\MCUXpresso\fdrmkw41z_ble_observer\source\common\gatt_db" -I"C:\Users\Joe\OneDrive - University of Southampton\Real-Time-Systems-Lab-2\MCUXpresso\fdrmkw41z_ble_observer\framework\FunctionLib" -I"C:\Users\Joe\OneDrive - University of Southampton\Real-Time-Systems-Lab-2\MCUXpresso\fdrmkw41z_ble_observer\bluetooth\host\interface" -I"C:\Users\Joe\OneDrive - University of Southampton\Real-Time-Systems-Lab-2\MCUXpresso\fdrmkw41z_ble_observer\bluetooth\host\config" -I"C:\Users\Joe\OneDrive - University of Southampton\Real-Time-Systems-Lab-2\MCUXpresso\fdrmkw41z_ble_observer\framework\LED\Interface" -I"C:\Users\Joe\OneDrive - University of Southampton\Real-Time-Systems-Lab-2\MCUXpresso\fdrmkw41z_ble_observer\freertos" -I"C:\Users\Joe\OneDrive - University of Southampton\Real-Time-Systems-Lab-2\MCUXpresso\fdrmkw41z_ble_observer\framework\Flash\Internal" -I"C:\Users\Joe\OneDrive - University of Southampton\Real-Time-Systems-Lab-2\MCUXpresso\fdrmkw41z_ble_observer\framework\SecLib" -I"C:\Users\Joe\OneDrive - University of Southampton\Real-Time-Systems-Lab-2\MCUXpresso\fdrmkw41z_ble_observer\bluetooth\profiles\heart_rate" -I"C:\Users\Joe\OneDrive - University of Southampton\Real-Time-Systems-Lab-2\MCUXpresso\fdrmkw41z_ble_observer\framework\Messaging\Interface" -I"C:\Users\Joe\OneDrive - University of Southampton\Real-Time-Systems-Lab-2\MCUXpresso\fdrmkw41z_ble_observer\board" -I"C:\Users\Joe\OneDrive - University of Southampton\Real-Time-Systems-Lab-2\MCUXpresso\fdrmkw41z_ble_observer\framework\Keyboard\Interface" -I"C:\Users\Joe\OneDrive - University of Southampton\Real-Time-Systems-Lab-2\MCUXpresso\fdrmkw41z_ble_observer\framework\Lists" -I"C:\Users\Joe\OneDrive - University of Southampton\Real-Time-Systems-Lab-2\MCUXpresso\fdrmkw41z_ble_observer\framework\GPIO" -I"C:\Users\Joe\OneDrive - University of Southampton\Real-Time-Systems-Lab-2\MCUXpresso\fdrmkw41z_ble_observer\framework\SerialManager\Source\UART_Adapter" -I"C:\Users\Joe\OneDrive - University of Southampton\Real-Time-Systems-Lab-2\MCUXpresso\fdrmkw41z_ble_observer\framework\MemManager\Interface" -I"C:\Users\Joe\OneDrive - University of Southampton\Real-Time-Systems-Lab-2\MCUXpresso\fdrmkw41z_ble_observer\framework\TimersManager\Interface" -I"C:\Users\Joe\OneDrive - University of Southampton\Real-Time-Systems-Lab-2\MCUXpresso\fdrmkw41z_ble_observer\framework\TimersManager\Source" -I"C:\Users\Joe\OneDrive - University of Southampton\Real-Time-Systems-Lab-2\MCUXpresso\fdrmkw41z_ble_observer\CMSIS" -I"C:\Users\Joe\OneDrive - University of Southampton\Real-Time-Systems-Lab-2\MCUXpresso\fdrmkw41z_ble_observer\framework\SerialManager\Source\SPI_Adapter" -I"C:\Users\Joe\OneDrive - University of Southampton\Real-Time-Systems-Lab-2\MCUXpresso\fdrmkw41z_ble_observer\framework\SerialManager\Interface" -O0 -fno-common -g -Wall -c  -ffunction-sections  -fdata-sections  -ffreestanding  -fno-builtin -imacros "C:/Users/Joe/OneDrive - University of Southampton/Real-Time-Systems-Lab-2/MCUXpresso/fdrmkw41z_ble_observer/source/app_preinclude.h" -mcpu=cortex-m0plus -mthumb -D__REDLIB__ -specs=redlib.specs -MMD -MP -MF"source/observer.d" -MT"source/observer.o" -MT"source/observer.d" -o "source/observer.o" "../source/observer.c"
../source/observer.c: In function 'BleApp_ScanningCallback':
../source/observer.c:252:41: warning: missing braces around initializer [-Wmissing-braces]
    bleDeviceAddress_t beaconAddress[] = {0x0E, 0x21, 0x00, 0x2F, 0x62, 0x00};
                                         ^
../source/observer.c:252:41: note: (near initialization for 'beaconAddress')
../source/observer.c:253:24: warning: comparison of distinct pointer types lacks a cast
    if (device.aAddress == beaconAddress){
                        ^
../source/observer.c:251:8: warning: variable 'test' set but not used [-Wunused-but-set-variable]
    int test = 0;
        ^
../source/observer.c:245:2: warning: enumeration value 'gScanCommandFailed_c' not handled in switch [-Wswitch]
  switch (pScanningEvent->eventType)
  ^
../source/observer.c: At top level:
../source/observer.c:230:13: warning: 'BleApp_Advertise' defined but not used [-Wunused-function]
 static void BleApp_Advertise(void)
             ^
Finished building: ../source/observer.c
 
Building target: fdrmkw41z_ble_observer.axf
Invoking: MCU Linker
arm-none-eabi-gcc -L"C:\Users\Joe\OneDrive - University of Southampton\Real-Time-Systems-Lab-2\MCUXpresso\fdrmkw41z_ble_observer\libs" -Xlinker -Map="fdrmkw41z_ble_observer.map" -Xlinker --gc-sections -Xlinker -print-memory-usage -mcpu=cortex-m0plus -mthumb -T MKW41Z512xxx4_connectivity.ld -L ../source -o "fdrmkw41z_ble_observer.axf"  ./utilities/fsl_debug_console.o  ./startup/startup_MKW41Z4.o  ./source/common/gatt_db/gatt_database.o  ./source/common/ApplMain.o ./source/common/ble_conn_manager.o ./source/common/ble_controller_task.o ./source/common/ble_host_tasks.o ./source/common/ble_init.o  ./source/app_config.o ./source/mtb.o ./source/observer.o  ./freertos/croutine.o ./freertos/event_groups.o ./freertos/fsl_tickless_lptmr.o ./freertos/fsl_tickless_systick.o ./freertos/heap_4.o ./freertos/list.o ./freertos/port.o ./freertos/queue.o ./freertos/tasks.o ./freertos/timers.o  ./framework/XCVR/MKW41Z4/cfgs_kw4x_3x_2x/fsl_xcvr_ant_config.o ./framework/XCVR/MKW41Z4/cfgs_kw4x_3x_2x/fsl_xcvr_ble_config.o ./framework/XCVR/MKW41Z4/cfgs_kw4x_3x_2x/fsl_xcvr_common_config.o ./framework/XCVR/MKW41Z4/cfgs_kw4x_3x_2x/fsl_xcvr_gfsk_bt_0p3_h_0p5_config.o ./framework/XCVR/MKW41Z4/cfgs_kw4x_3x_2x/fsl_xcvr_gfsk_bt_0p5_h_0p32_config.o ./framework/XCVR/MKW41Z4/cfgs_kw4x_3x_2x/fsl_xcvr_gfsk_bt_0p5_h_0p5_config.o ./framework/XCVR/MKW41Z4/cfgs_kw4x_3x_2x/fsl_xcvr_gfsk_bt_0p5_h_0p7_config.o ./framework/XCVR/MKW41Z4/cfgs_kw4x_3x_2x/fsl_xcvr_gfsk_bt_0p5_h_1p0_config.o ./framework/XCVR/MKW41Z4/cfgs_kw4x_3x_2x/fsl_xcvr_gfsk_bt_0p7_h_0p5_config.o ./framework/XCVR/MKW41Z4/cfgs_kw4x_3x_2x/fsl_xcvr_mode_datarate_config.o ./framework/XCVR/MKW41Z4/cfgs_kw4x_3x_2x/fsl_xcvr_msk_config.o ./framework/XCVR/MKW41Z4/cfgs_kw4x_3x_2x/fsl_xcvr_zgbe_config.o  ./framework/XCVR/MKW41Z4/dbg_ram_capture.o ./framework/XCVR/MKW41Z4/fsl_xcvr.o ./framework/XCVR/MKW41Z4/fsl_xcvr_trim.o ./framework/XCVR/MKW41Z4/ifr_radio.o  ./framework/TimersManager/Source/TMR_Adapter.o ./framework/TimersManager/Source/TimersManager.o  ./framework/SerialManager/Source/UART_Adapter/UART_Adapter.o  ./framework/SerialManager/Source/SPI_Adapter/SPI_Adapter.o  ./framework/SerialManager/Source/I2C_Adapter/I2C_Adapter.o  ./framework/SerialManager/Source/SerialManager.o  ./framework/SecLib/SecLib.o  ./framework/Reset/Reset.o  ./framework/RNG/Source/RNG.o  ./framework/Panic/Source/Panic.o  ./framework/OSAbstraction/Source/fsl_os_abstraction_free_rtos.o  ./framework/ModuleInfo/ModuleInfo.o  ./framework/Messaging/Source/Messaging.o  ./framework/MemManager/Source/MemManager.o  ./framework/MWSCoexistence/Source/MWS.o  ./framework/Lists/GenericList.o  ./framework/LED/Source/LED.o  ./framework/Keyboard/Source/Keyboard.o  ./framework/GPIO/GPIO_Adapter.o  ./framework/FunctionLib/FunctionLib.o  ./framework/Flash/Internal/Flash_Adapter.o  ./framework/DCDC/Source/DCDC.o  ./drivers/fsl_adc16.o ./drivers/fsl_clock.o ./drivers/fsl_common.o ./drivers/fsl_dspi.o ./drivers/fsl_dspi_freertos.o ./drivers/fsl_flash.o ./drivers/fsl_gpio.o ./drivers/fsl_i2c.o ./drivers/fsl_i2c_freertos.o ./drivers/fsl_llwu.o ./drivers/fsl_lptmr.o ./drivers/fsl_lpuart.o ./drivers/fsl_lpuart_freertos.o ./drivers/fsl_ltc.o ./drivers/fsl_pmc.o ./drivers/fsl_rtc.o ./drivers/fsl_smc.o ./drivers/fsl_tpm.o ./drivers/fsl_trng.o  ./board/board.o ./board/clock_config.o ./board/gpio_pins.o ./board/pin_mux.o  ./bluetooth/profiles/heart_rate/heart_rate_service.o  ./bluetooth/profiles/device_info/device_info_service.o  ./bluetooth/profiles/battery/battery_service.o  ./bluetooth/host/config/ble_globals.o  ./bluetooth/hci_transport/source/hcit_serial_interface.o  ./CMSIS/system_MKW41Z4.o   -lm -lc -lgcc -lnosys -l_ble_kw41z_controller -l_ble_4-2_host_cm0p -l_crypto_m0
Memory region         Used Size  Region Size  %age Used
    TEXT_region1:         192 B         1 KB     18.75%
m_flash_config_region:          16 B         16 B    100.00%
    TEXT_region2:      190083 B     513006 B     37.05%
      NVM_region:          0 GB       8191 B      0.00%
     DATA_region:       23520 B       128 KB     17.94%
PRODUCT_INFO_region:          0 GB       2047 B      0.00%
Finished building target: fdrmkw41z_ble_observer.axf
 
/bin/make --no-print-directory post-build
Performing post-build steps
arm-none-eabi-size "fdrmkw41z_ble_observer.axf"; # arm-none-eabi-objcopy -v -O binary "fdrmkw41z_ble_observer.axf" "fdrmkw41z_ble_observer.bin" ; # checksum -p MKW41Z512xxx4 -d "fdrmkw41z_ble_observer.bin";
   text	   data	    bss	    dec	    hex	filename
 190264	   1728	  21808	 213800	  34328	fdrmkw41z_ble_observer.axf
 
22:57:20 **** Incremental Build of configuration Debug for project fdrmkw41z_ble_observer ****
make -r -j4 all 
make: Nothing to be done for `all'.
23:01:11 **** Incremental Build of configuration Debug for project frdmkw41z_wireless_examples_bluetooth_beacon_freertos ****
make -r -j4 all 
Building file: ../utilities/fsl_debug_console.c
Invoking: MCU C Compiler
arm-none-eabi-gcc -std=gnu99 -DDEBUG -DFSL_RTOS_FREE_RTOS -DFRDM_KW41Z -DFREEDOM -D__MCUXPRESSO -D__USE_CMSIS -DSDK_OS_FREE_RTOS -DCPU_MKW41Z512VHT4 -DCPU_MKW41Z512VHT4_cm0plus -D__REDLIB__ -I"C:\Users\Joe\OneDrive - University of Southampton\Real-Time-Systems-Lab-2\MCUXpresso\frdmkw41z_wireless_examples_bluetooth_beacon_freertos\source" -I"C:\Users\Joe\OneDrive - University of Southampton\Real-Time-Systems-Lab-2\MCUXpresso\frdmkw41z_wireless_examples_bluetooth_beacon_freertos" -I"C:\Users\Joe\OneDrive - University of Southampton\Real-Time-Systems-Lab-2\MCUXpresso\frdmkw41z_wireless_examples_bluetooth_beacon_freertos\drivers" -I"C:\Users\Joe\OneDrive - University of Southampton\Real-Time-Systems-Lab-2\MCUXpresso\frdmkw41z_wireless_examples_bluetooth_beacon_freertos\framework\ModuleInfo" -I"C:\Users\Joe\OneDrive - University of Southampton\Real-Time-Systems-Lab-2\MCUXpresso\frdmkw41z_wireless_examples_bluetooth_beacon_freertos\framework\XCVR\MKW41Z4" -I"C:\Users\Joe\OneDrive - University of Southampton\Real-Time-Systems-Lab-2\MCUXpresso\frdmkw41z_wireless_examples_bluetooth_beacon_freertos\bluetooth\profiles\battery" -I"C:\Users\Joe\OneDrive - University of Southampton\Real-Time-Systems-Lab-2\MCUXpresso\frdmkw41z_wireless_examples_bluetooth_beacon_freertos\utilities" -I"C:\Users\Joe\OneDrive - University of Southampton\Real-Time-Systems-Lab-2\MCUXpresso\frdmkw41z_wireless_examples_bluetooth_beacon_freertos\bluetooth\profiles\device_info" -I"C:\Users\Joe\OneDrive - University of Southampton\Real-Time-Systems-Lab-2\MCUXpresso\frdmkw41z_wireless_examples_bluetooth_beacon_freertos\bluetooth\hci_transport\interface" -I"C:\Users\Joe\OneDrive - University of Southampton\Real-Time-Systems-Lab-2\MCUXpresso\frdmkw41z_wireless_examples_bluetooth_beacon_freertos\bluetooth\controller\interface" -I"C:\Users\Joe\OneDrive - University of Southampton\Real-Time-Systems-Lab-2\MCUXpresso\frdmkw41z_wireless_examples_bluetooth_beacon_freertos\source\common" -I"C:\Users\Joe\OneDrive - University of Southampton\Real-Time-Systems-Lab-2\MCUXpresso\frdmkw41z_wireless_examples_bluetooth_beacon_freertos\framework\common" -I"C:\Users\Joe\OneDrive - University of Southampton\Real-Time-Systems-Lab-2\MCUXpresso\frdmkw41z_wireless_examples_bluetooth_beacon_freertos\framework\SerialManager\Source\I2C_Adapter" -I"C:\Users\Joe\OneDrive - University of Southampton\Real-Time-Systems-Lab-2\MCUXpresso\frdmkw41z_wireless_examples_bluetooth_beacon_freertos\framework\Panic\Interface" -I"C:\Users\Joe\OneDrive - University of Southampton\Real-Time-Systems-Lab-2\MCUXpresso\frdmkw41z_wireless_examples_bluetooth_beacon_freertos\framework\OSAbstraction\Interface" -I"C:\Users\Joe\OneDrive - University of Southampton\Real-Time-Systems-Lab-2\MCUXpresso\frdmkw41z_wireless_examples_bluetooth_beacon_freertos\framework\DCDC\Interface" -I"C:\Users\Joe\OneDrive - University of Southampton\Real-Time-Systems-Lab-2\MCUXpresso\frdmkw41z_wireless_examples_bluetooth_beacon_freertos\framework\RNG\Interface" -I"C:\Users\Joe\OneDrive - University of Southampton\Real-Time-Systems-Lab-2\MCUXpresso\frdmkw41z_wireless_examples_bluetooth_beacon_freertos\framework\MWSCoexistence\Interface" -I"C:\Users\Joe\OneDrive - University of Southampton\Real-Time-Systems-Lab-2\MCUXpresso\frdmkw41z_wireless_examples_bluetooth_beacon_freertos\source\common\gatt_db\macros" -I"C:\Users\Joe\OneDrive - University of Southampton\Real-Time-Systems-Lab-2\MCUXpresso\frdmkw41z_wireless_examples_bluetooth_beacon_freertos\source\common\gatt_db" -I"C:\Users\Joe\OneDrive - University of Southampton\Real-Time-Systems-Lab-2\MCUXpresso\frdmkw41z_wireless_examples_bluetooth_beacon_freertos\framework\FunctionLib" -I"C:\Users\Joe\OneDrive - University of Southampton\Real-Time-Systems-Lab-2\MCUXpresso\frdmkw41z_wireless_examples_bluetooth_beacon_freertos\bluetooth\host\interface" -I"C:\Users\Joe\OneDrive - University of Southampton\Real-Time-Systems-Lab-2\MCUXpresso\frdmkw41z_wireless_examples_bluetooth_beacon_freertos\bluetooth\host\config" -I"C:\Users\Joe\OneDrive - University of Southampton\Real-Time-Systems-Lab-2\MCUXpresso\frdmkw41z_wireless_examples_bluetooth_beacon_freertos\framework\LED\Interface" -I"C:\Users\Joe\OneDrive - University of Southampton\Real-Time-Systems-Lab-2\MCUXpresso\frdmkw41z_wireless_examples_bluetooth_beacon_freertos\freertos" -I"C:\Users\Joe\OneDrive - University of Southampton\Real-Time-Systems-Lab-2\MCUXpresso\frdmkw41z_wireless_examples_bluetooth_beacon_freertos\framework\Flash\Internal" -I"C:\Users\Joe\OneDrive - University of Southampton\Real-Time-Systems-Lab-2\MCUXpresso\frdmkw41z_wireless_examples_bluetooth_beacon_freertos\framework\SecLib" -I"C:\Users\Joe\OneDrive - University of Southampton\Real-Time-Systems-Lab-2\MCUXpresso\frdmkw41z_wireless_examples_bluetooth_beacon_freertos\bluetooth\profiles\heart_rate" -I"C:\Users\Joe\OneDrive - University of Southampton\Real-Time-Systems-Lab-2\MCUXpresso\frdmkw41z_wireless_examples_bluetooth_beacon_freertos\framework\Messaging\Interface" -I"C:\Users\Joe\OneDrive - University of Southampton\Real-Time-Systems-Lab-2\MCUXpresso\frdmkw41z_wireless_examples_bluetooth_beacon_freertos\board" -I"C:\Users\Joe\OneDrive - University of Southampton\Real-Time-Systems-Lab-2\MCUXpresso\frdmkw41z_wireless_examples_bluetooth_beacon_freertos\framework\Keyboard\Interface" -I"C:\Users\Joe\OneDrive - University of Southampton\Real-Time-Systems-Lab-2\MCUXpresso\frdmkw41z_wireless_examples_bluetooth_beacon_freertos\framework\Lists" -I"C:\Users\Joe\OneDrive - University of Southampton\Real-Time-Systems-Lab-2\MCUXpresso\frdmkw41z_wireless_examples_bluetooth_beacon_freertos\framework\GPIO" -I"C:\Users\Joe\OneDrive - University of Southampton\Real-Time-Systems-Lab-2\MCUXpresso\frdmkw41z_wireless_examples_bluetooth_beacon_freertos\framework\SerialManager\Source\UART_Adapter" -I"C:\Users\Joe\OneDrive - University of Southampton\Real-Time-Systems-Lab-2\MCUXpresso\frdmkw41z_wireless_examples_bluetooth_beacon_freertos\framework\MemManager\Interface" -I"C:\Users\Joe\OneDrive - University of Southampton\Real-Time-Systems-Lab-2\MCUXpresso\frdmkw41z_wireless_examples_bluetooth_beacon_freertos\framework\TimersManager\Interface" -I"C:\Users\Joe\OneDrive - University of Southampton\Real-Time-Systems-Lab-2\MCUXpresso\frdmkw41z_wireless_examples_bluetooth_beacon_freertos\framework\TimersManager\Source" -I"C:\Users\Joe\OneDrive - University of Southampton\Real-Time-Systems-Lab-2\MCUXpresso\frdmkw41z_wireless_examples_bluetooth_beacon_freertos\CMSIS" -I"C:\Users\Joe\OneDrive - University of Southampton\Real-Time-Systems-Lab-2\MCUXpresso\frdmkw41z_wireless_examples_bluetooth_beacon_freertos\framework\SerialManager\Source\SPI_Adapter" -I"C:\Users\Joe\OneDrive - University of Southampton\Real-Time-Systems-Lab-2\MCUXpresso\frdmkw41z_wireless_examples_bluetooth_beacon_freertos\framework\SerialManager\Interface" -O0 -fno-common -g -Wall -c  -ffunction-sections  -fdata-sections  -ffreestanding  -fno-builtin -imacros "C:/Users/Joe/OneDrive - University of Southampton/Real-Time-Systems-Lab-2/MCUXpresso/frdmkw41z_wireless_examples_bluetooth_beacon_freertos/source/app_preinclude.h" -mcpu=cortex-m0plus -mthumb -D__REDLIB__ -specs=redlib.specs -MMD -MP -MF"utilities/fsl_debug_console.d" -MT"utilities/fsl_debug_console.o" -MT"utilities/fsl_debug_console.d" -o "utilities/fsl_debug_console.o" "../utilities/fsl_debug_console.c"
Building file: ../source/common/gatt_db/gatt_database.c
Building file: ../source/common/ble_conn_manager.c
Building file: ../source/common/ApplMain.c
Invoking: MCU C Compiler
arm-none-eabi-gcc -std=gnu99 -DDEBUG -DFSL_RTOS_FREE_RTOS -DFRDM_KW41Z -DFREEDOM -D__MCUXPRESSO -D__USE_CMSIS -DSDK_OS_FREE_RTOS -DCPU_MKW41Z512VHT4 -DCPU_MKW41Z512VHT4_cm0plus -D__REDLIB__ -I"C:\Users\Joe\OneDrive - University of Southampton\Real-Time-Systems-Lab-2\MCUXpresso\frdmkw41z_wireless_examples_bluetooth_beacon_freertos\source" -I"C:\Users\Joe\OneDrive - University of Southampton\Real-Time-Systems-Lab-2\MCUXpresso\frdmkw41z_wireless_examples_bluetooth_beacon_freertos" -I"C:\Users\Joe\OneDrive - University of Southampton\Real-Time-Systems-Lab-2\MCUXpresso\frdmkw41z_wireless_examples_bluetooth_beacon_freertos\drivers" -I"C:\Users\Joe\OneDrive - University of Southampton\Real-Time-Systems-Lab-2\MCUXpresso\frdmkw41z_wireless_examples_bluetooth_beacon_freertos\framework\ModuleInfo" -I"C:\Users\Joe\OneDrive - University of Southampton\Real-Time-Systems-Lab-2\MCUXpresso\frdmkw41z_wireless_examples_bluetooth_beacon_freertos\framework\XCVR\MKW41Z4" -I"C:\Users\Joe\OneDrive - University of Southampton\Real-Time-Systems-Lab-2\MCUXpresso\frdmkw41z_wireless_examples_bluetooth_beacon_freertos\bluetooth\profiles\battery" -I"C:\Users\Joe\OneDrive - University of Southampton\Real-Time-Systems-Lab-2\MCUXpresso\frdmkw41z_wireless_examples_bluetooth_beacon_freertos\utilities" -I"C:\Users\Joe\OneDrive - University of Southampton\Real-Time-Systems-Lab-2\MCUXpresso\frdmkw41z_wireless_examples_bluetooth_beacon_freertos\bluetooth\profiles\device_info" -I"C:\Users\Joe\OneDrive - University of Southampton\Real-Time-Systems-Lab-2\MCUXpresso\frdmkw41z_wireless_examples_bluetooth_beacon_freertos\bluetooth\hci_transport\interface" -I"C:\Users\Joe\OneDrive - University of Southampton\Real-Time-Systems-Lab-2\MCUXpresso\frdmkw41z_wireless_examples_bluetooth_beacon_freertos\bluetooth\controller\interface" -I"C:\Users\Joe\OneDrive - University of Southampton\Real-Time-Systems-Lab-2\MCUXpresso\frdmkw41z_wireless_examples_bluetooth_beacon_freertos\source\common" -I"C:\Users\Joe\OneDrive - University of Southampton\Real-Time-Systems-Lab-2\MCUXpresso\frdmkw41z_wireless_examples_bluetooth_beacon_freertos\framework\common" -I"C:\Users\Joe\OneDrive - University of Southampton\Real-Time-Systems-Lab-2\MCUXpresso\frdmkw41z_wireless_examples_bluetooth_beacon_freertos\framework\SerialManager\Source\I2C_Adapter" -I"C:\Users\Joe\OneDrive - University of Southampton\Real-Time-Systems-Lab-2\MCUXpresso\frdmkw41z_wireless_examples_bluetooth_beacon_freertos\framework\Panic\Interface" -I"C:\Users\Joe\OneDrive - University of Southampton\Real-Time-Systems-Lab-2\MCUXpresso\frdmkw41z_wireless_examples_bluetooth_beacon_freertos\framework\OSAbstraction\Interface" -I"C:\Users\Joe\OneDrive - University of Southampton\Real-Time-Systems-Lab-2\MCUXpresso\frdmkw41z_wireless_examples_bluetooth_beacon_freertos\framework\DCDC\Interface" -I"C:\Users\Joe\OneDrive - University of Southampton\Real-Time-Systems-Lab-2\MCUXpresso\frdmkw41z_wireless_examples_bluetooth_beacon_freertos\framework\RNG\Interface" -I"C:\Users\Joe\OneDrive - University of Southampton\Real-Time-Systems-Lab-2\MCUXpresso\frdmkw41z_wireless_examples_bluetooth_beacon_freertos\framework\MWSCoexistence\Interface" -I"C:\Users\Joe\OneDrive - University of Southampton\Real-Time-Systems-Lab-2\MCUXpresso\frdmkw41z_wireless_examples_bluetooth_beacon_freertos\source\common\gatt_db\macros" -I"C:\Users\Joe\OneDrive - University of Southampton\Real-Time-Systems-Lab-2\MCUXpresso\frdmkw41z_wireless_examples_bluetooth_beacon_freertos\source\common\gatt_db" -I"C:\Users\Joe\OneDrive - University of Southampton\Real-Time-Systems-Lab-2\MCUXpresso\frdmkw41z_wireless_examples_bluetooth_beacon_freertos\framework\FunctionLib" -I"C:\Users\Joe\OneDrive - University of Southampton\Real-Time-Systems-Lab-2\MCUXpresso\frdmkw41z_wireless_examples_bluetooth_beacon_freertos\bluetooth\host\interface" -I"C:\Users\Joe\OneDrive - University of Southampton\Real-Time-Systems-Lab-2\MCUXpresso\frdmkw41z_wireless_examples_bluetooth_beacon_freertos\bluetooth\host\config" -I"C:\Users\Joe\OneDrive - University of Southampton\Real-Time-Systems-Lab-2\MCUXpresso\frdmkw41z_wireless_examples_bluetooth_beacon_freertos\framework\LED\Interface" -I"C:\Users\Joe\OneDrive - University of Southampton\Real-Time-Systems-Lab-2\MCUXpresso\frdmkw41z_wireless_examples_bluetooth_beacon_freertos\freertos" -I"C:\Users\Joe\OneDrive - University of Southampton\Real-Time-Systems-Lab-2\MCUXpresso\frdmkw41z_wireless_examples_bluetooth_beacon_freertos\framework\Flash\Internal" -I"C:\Users\Joe\OneDrive - University of Southampton\Real-Time-Systems-Lab-2\MCUXpresso\frdmkw41z_wireless_examples_bluetooth_beacon_freertos\framework\SecLib" -I"C:\Users\Joe\OneDrive - University of Southampton\Real-Time-Systems-Lab-2\MCUXpresso\frdmkw41z_wireless_examples_bluetooth_beacon_freertos\bluetooth\profiles\heart_rate" -I"C:\Users\Joe\OneDrive - University of Southampton\Real-Time-Systems-Lab-2\MCUXpresso\frdmkw41z_wireless_examples_bluetooth_beacon_freertos\framework\Messaging\Interface" -I"C:\Users\Joe\OneDrive - University of Southampton\Real-Time-Systems-Lab-2\MCUXpresso\frdmkw41z_wireless_examples_bluetooth_beacon_freertos\board" -I"C:\Users\Joe\OneDrive - University of Southampton\Real-Time-Systems-Lab-2\MCUXpresso\frdmkw41z_wireless_examples_bluetooth_beacon_freertos\framework\Keyboard\Interface" -I"C:\Users\Joe\OneDrive - University of Southampton\Real-Time-Systems-Lab-2\MCUXpresso\frdmkw41z_wireless_examples_bluetooth_beacon_freertos\framework\Lists" -I"C:\Users\Joe\OneDrive - University of Southampton\Real-Time-Systems-Lab-2\MCUXpresso\frdmkw41z_wireless_examples_bluetooth_beacon_freertos\framework\GPIO" -I"C:\Users\Joe\OneDrive - University of Southampton\Real-Time-Systems-Lab-2\MCUXpresso\frdmkw41z_wireless_examples_bluetooth_beacon_freertos\framework\SerialManager\Source\UART_Adapter" -I"C:\Users\Joe\OneDrive - University of Southampton\Real-Time-Systems-Lab-2\MCUXpresso\frdmkw41z_wireless_examples_bluetooth_beacon_freertos\framework\MemManager\Interface" -I"C:\Users\Joe\OneDrive - University of Southampton\Real-Time-Systems-Lab-2\MCUXpresso\frdmkw41z_wireless_examples_bluetooth_beacon_freertos\framework\TimersManager\Interface" -I"C:\Users\Joe\OneDrive - University of Southampton\Real-Time-Systems-Lab-2\MCUXpresso\frdmkw41z_wireless_examples_bluetooth_beacon_freertos\framework\TimersManager\Source" -I"C:\Users\Joe\OneDrive - University of Southampton\Real-Time-Systems-Lab-2\MCUXpresso\frdmkw41z_wireless_examples_bluetooth_beacon_freertos\CMSIS" -I"C:\Users\Joe\OneDrive - University of Southampton\Real-Time-Systems-Lab-2\MCUXpresso\frdmkw41z_wireless_examples_bluetooth_beacon_freertos\framework\SerialManager\Source\SPI_Adapter" -I"C:\Users\Joe\OneDrive - University of Southampton\Real-Time-Systems-Lab-2\MCUXpresso\frdmkw41z_wireless_examples_bluetooth_beacon_freertos\framework\SerialManager\Interface" -O0 -fno-common -g -Wall -c  -ffunction-sections  -fdata-sections  -ffreestanding  -fno-builtin -imacros "C:/Users/Joe/OneDrive - University of Southampton/Real-Time-Systems-Lab-2/MCUXpresso/frdmkw41z_wireless_examples_bluetooth_beacon_freertos/source/app_preinclude.h" -mcpu=cortex-m0plus -mthumb -D__REDLIB__ -specs=redlib.specs -MMD -MP -MF"source/common/gatt_db/gatt_database.d" -MT"source/common/gatt_db/gatt_database.o" -MT"source/common/gatt_db/gatt_database.d" -o "source/common/gatt_db/gatt_database.o" "../source/common/gatt_db/gatt_database.c"
Invoking: MCU C Compiler
Invoking: MCU C Compiler
arm-none-eabi-gcc -std=gnu99 -DDEBUG -DFSL_RTOS_FREE_RTOS -DFRDM_KW41Z -DFREEDOM -D__MCUXPRESSO -D__USE_CMSIS -DSDK_OS_FREE_RTOS -DCPU_MKW41Z512VHT4 -DCPU_MKW41Z512VHT4_cm0plus -D__REDLIB__ -I"C:\Users\Joe\OneDrive - University of Southampton\Real-Time-Systems-Lab-2\MCUXpresso\frdmkw41z_wireless_examples_bluetooth_beacon_freertos\source" -I"C:\Users\Joe\OneDrive - University of Southampton\Real-Time-Systems-Lab-2\MCUXpresso\frdmkw41z_wireless_examples_bluetooth_beacon_freertos" -I"C:\Users\Joe\OneDrive - University of Southampton\Real-Time-Systems-Lab-2\MCUXpresso\frdmkw41z_wireless_examples_bluetooth_beacon_freertos\drivers" -I"C:\Users\Joe\OneDrive - University of Southampton\Real-Time-Systems-Lab-2\MCUXpresso\frdmkw41z_wireless_examples_bluetooth_beacon_freertos\framework\ModuleInfo" -I"C:\Users\Joe\OneDrive - University of Southampton\Real-Time-Systems-Lab-2\MCUXpresso\frdmkw41z_wireless_examples_bluetooth_beacon_freertos\framework\XCVR\MKW41Z4" -I"C:\Users\Joe\OneDrive - University of Southampton\Real-Time-Systems-Lab-2\MCUXpresso\frdmkw41z_wireless_examples_bluetooth_beacon_freertos\bluetooth\profiles\battery" -I"C:\Users\Joe\OneDrive - University of Southampton\Real-Time-Systems-Lab-2\MCUXpresso\frdmkw41z_wireless_examples_bluetooth_beacon_freertos\utilities" -I"C:\Users\Joe\OneDrive - University of Southampton\Real-Time-Systems-Lab-2\MCUXpresso\frdmkw41z_wireless_examples_bluetooth_beacon_freertos\bluetooth\profiles\device_info" -I"C:\Users\Joe\OneDrive - University of Southampton\Real-Time-Systems-Lab-2\MCUXpresso\frdmkw41z_wireless_examples_bluetooth_beacon_freertos\bluetooth\hci_transport\interface" -I"C:\Users\Joe\OneDrive - University of Southampton\Real-Time-Systems-Lab-2\MCUXpresso\frdmkw41z_wireless_examples_bluetooth_beacon_freertos\bluetooth\controller\interface" -I"C:\Users\Joe\OneDrive - University of Southampton\Real-Time-Systems-Lab-2\MCUXpresso\frdmkw41z_wireless_examples_bluetooth_beacon_freertos\source\common" -I"C:\Users\Joe\OneDrive - University of Southampton\Real-Time-Systems-Lab-2\MCUXpresso\frdmkw41z_wireless_examples_bluetooth_beacon_freertos\framework\common" -I"C:\Users\Joe\OneDrive - University of Southampton\Real-Time-Systems-Lab-2\MCUXpresso\frdmkw41z_wireless_examples_bluetooth_beacon_freertos\framework\SerialManager\Source\I2C_Adapter" -I"C:\Users\Joe\OneDrive - University of Southampton\Real-Time-Systems-Lab-2\MCUXpresso\frdmkw41z_wireless_examples_bluetooth_beacon_freertos\framework\Panic\Interface" -I"C:\Users\Joe\OneDrive - University of Southampton\Real-Time-Systems-Lab-2\MCUXpresso\frdmkw41z_wireless_examples_bluetooth_beacon_freertos\framework\OSAbstraction\Interface" -I"C:\Users\Joe\OneDrive - University of Southampton\Real-Time-Systems-Lab-2\MCUXpresso\frdmkw41z_wireless_examples_bluetooth_beacon_freertos\framework\DCDC\Interface" -I"C:\Users\Joe\OneDrive - University of Southampton\Real-Time-Systems-Lab-2\MCUXpresso\frdmkw41z_wireless_examples_bluetooth_beacon_freertos\framework\RNG\Interface" -I"C:\Users\Joe\OneDrive - University of Southampton\Real-Time-Systems-Lab-2\MCUXpresso\frdmkw41z_wireless_examples_bluetooth_beacon_freertos\framework\MWSCoexistence\Interface" -I"C:\Users\Joe\OneDrive - University of Southampton\Real-Time-Systems-Lab-2\MCUXpresso\frdmkw41z_wireless_examples_bluetooth_beacon_freertos\source\common\gatt_db\macros" -I"C:\Users\Joe\OneDrive - University of Southampton\Real-Time-Systems-Lab-2\MCUXpresso\frdmkw41z_wireless_examples_bluetooth_beacon_freertos\source\common\gatt_db" -I"C:\Users\Joe\OneDrive - University of Southampton\Real-Time-Systems-Lab-2\MCUXpresso\frdmkw41z_wireless_examples_bluetooth_beacon_freertos\framework\FunctionLib" -I"C:\Users\Joe\OneDrive - University of Southampton\Real-Time-Systems-Lab-2\MCUXpresso\frdmkw41z_wireless_examples_bluetooth_beacon_freertos\bluetooth\host\interface" -I"C:\Users\Joe\OneDrive - University of Southampton\Real-Time-Systems-Lab-2\MCUXpresso\frdmkw41z_wireless_examples_bluetooth_beacon_freertos\bluetooth\host\config" -I"C:\Users\Joe\OneDrive - University of Southampton\Real-Time-Systems-Lab-2\MCUXpresso\frdmkw41z_wireless_examples_bluetooth_beacon_freertos\framework\LED\Interface" -I"C:\Users\Joe\OneDrive - University of Southampton\Real-Time-Systems-Lab-2\MCUXpresso\frdmkw41z_wireless_examples_bluetooth_beacon_freertos\freertos" -I"C:\Users\Joe\OneDrive - University of Southampton\Real-Time-Systems-Lab-2\MCUXpresso\frdmkw41z_wireless_examples_bluetooth_beacon_freertos\framework\Flash\Internal" -I"C:\Users\Joe\OneDrive - University of Southampton\Real-Time-Systems-Lab-2\MCUXpresso\frdmkw41z_wireless_examples_bluetooth_beacon_freertos\framework\SecLib" -I"C:\Users\Joe\OneDrive - University of Southampton\Real-Time-Systems-Lab-2\MCUXpresso\frdmkw41z_wireless_examples_bluetooth_beacon_freertos\bluetooth\profiles\heart_rate" -I"C:\Users\Joe\OneDrive - University of Southampton\Real-Time-Systems-Lab-2\MCUXpresso\frdmkw41z_wireless_examples_bluetooth_beacon_freertos\framework\Messaging\Interface" -I"C:\Users\Joe\OneDrive - University of Southampton\Real-Time-Systems-Lab-2\MCUXpresso\frdmkw41z_wireless_examples_bluetooth_beacon_freertos\board" -I"C:\Users\Joe\OneDrive - University of Southampton\Real-Time-Systems-Lab-2\MCUXpresso\frdmkw41z_wireless_examples_bluetooth_beacon_freertos\framework\Keyboard\Interface" -I"C:\Users\Joe\OneDrive - University of Southampton\Real-Time-Systems-Lab-2\MCUXpresso\frdmkw41z_wireless_examples_bluetooth_beacon_freertos\framework\Lists" -I"C:\Users\Joe\OneDrive - University of Southampton\Real-Time-Systems-Lab-2\MCUXpresso\frdmkw41z_wireless_examples_bluetooth_beacon_freertos\framework\GPIO" -I"C:\Users\Joe\OneDrive - University of Southampton\Real-Time-Systems-Lab-2\MCUXpresso\frdmkw41z_wireless_examples_bluetooth_beacon_freertos\framework\SerialManager\Source\UART_Adapter" -I"C:\Users\Joe\OneDrive - University of Southampton\Real-Time-Systems-Lab-2\MCUXpresso\frdmkw41z_wireless_examples_bluetooth_beacon_freertos\framework\MemManager\Interface" -I"C:\Users\Joe\OneDrive - University of Southampton\Real-Time-Systems-Lab-2\MCUXpresso\frdmkw41z_wireless_examples_bluetooth_beacon_freertos\framework\TimersManager\Interface" -I"C:\Users\Joe\OneDrive - University of Southampton\Real-Time-Systems-Lab-2\MCUXpresso\frdmkw41z_wireless_examples_bluetooth_beacon_freertos\framework\TimersManager\Source" -I"C:\Users\Joe\OneDrive - University of Southampton\Real-Time-Systems-Lab-2\MCUXpresso\frdmkw41z_wireless_examples_bluetooth_beacon_freertos\CMSIS" -I"C:\Users\Joe\OneDrive - University of Southampton\Real-Time-Systems-Lab-2\MCUXpresso\frdmkw41z_wireless_examples_bluetooth_beacon_freertos\framework\SerialManager\Source\SPI_Adapter" -I"C:\Users\Joe\OneDrive - University of Southampton\Real-Time-Systems-Lab-2\MCUXpresso\frdmkw41z_wireless_examples_bluetooth_beacon_freertos\framework\SerialManager\Interface" -O0 -fno-common -g -Wall -c  -ffunction-sections  -fdata-sections  -ffreestanding  -fno-builtin -imacros "C:/Users/Joe/OneDrive - University of Southampton/Real-Time-Systems-Lab-2/MCUXpresso/frdmkw41z_wireless_examples_bluetooth_beacon_freertos/source/app_preinclude.h" -mcpu=cortex-m0plus -mthumb -D__REDLIB__ -specs=redlib.specs -MMD -MP -MF"source/common/ble_conn_manager.d" -MT"source/common/ble_conn_manager.o" -MT"source/common/ble_conn_manager.d" -o "source/common/ble_conn_manager.o" "../source/common/ble_conn_manager.c"
arm-none-eabi-gcc -std=gnu99 -DDEBUG -DFSL_RTOS_FREE_RTOS -DFRDM_KW41Z -DFREEDOM -D__MCUXPRESSO -D__USE_CMSIS -DSDK_OS_FREE_RTOS -DCPU_MKW41Z512VHT4 -DCPU_MKW41Z512VHT4_cm0plus -D__REDLIB__ -I"C:\Users\Joe\OneDrive - University of Southampton\Real-Time-Systems-Lab-2\MCUXpresso\frdmkw41z_wireless_examples_bluetooth_beacon_freertos\source" -I"C:\Users\Joe\OneDrive - University of Southampton\Real-Time-Systems-Lab-2\MCUXpresso\frdmkw41z_wireless_examples_bluetooth_beacon_freertos" -I"C:\Users\Joe\OneDrive - University of Southampton\Real-Time-Systems-Lab-2\MCUXpresso\frdmkw41z_wireless_examples_bluetooth_beacon_freertos\drivers" -I"C:\Users\Joe\OneDrive - University of Southampton\Real-Time-Systems-Lab-2\MCUXpresso\frdmkw41z_wireless_examples_bluetooth_beacon_freertos\framework\ModuleInfo" -I"C:\Users\Joe\OneDrive - University of Southampton\Real-Time-Systems-Lab-2\MCUXpresso\frdmkw41z_wireless_examples_bluetooth_beacon_freertos\framework\XCVR\MKW41Z4" -I"C:\Users\Joe\OneDrive - University of Southampton\Real-Time-Systems-Lab-2\MCUXpresso\frdmkw41z_wireless_examples_bluetooth_beacon_freertos\bluetooth\profiles\battery" -I"C:\Users\Joe\OneDrive - University of Southampton\Real-Time-Systems-Lab-2\MCUXpresso\frdmkw41z_wireless_examples_bluetooth_beacon_freertos\utilities" -I"C:\Users\Joe\OneDrive - University of Southampton\Real-Time-Systems-Lab-2\MCUXpresso\frdmkw41z_wireless_examples_bluetooth_beacon_freertos\bluetooth\profiles\device_info" -I"C:\Users\Joe\OneDrive - University of Southampton\Real-Time-Systems-Lab-2\MCUXpresso\frdmkw41z_wireless_examples_bluetooth_beacon_freertos\bluetooth\hci_transport\interface" -I"C:\Users\Joe\OneDrive - University of Southampton\Real-Time-Systems-Lab-2\MCUXpresso\frdmkw41z_wireless_examples_bluetooth_beacon_freertos\bluetooth\controller\interface" -I"C:\Users\Joe\OneDrive - University of Southampton\Real-Time-Systems-Lab-2\MCUXpresso\frdmkw41z_wireless_examples_bluetooth_beacon_freertos\source\common" -I"C:\Users\Joe\OneDrive - University of Southampton\Real-Time-Systems-Lab-2\MCUXpresso\frdmkw41z_wireless_examples_bluetooth_beacon_freertos\framework\common" -I"C:\Users\Joe\OneDrive - University of Southampton\Real-Time-Systems-Lab-2\MCUXpresso\frdmkw41z_wireless_examples_bluetooth_beacon_freertos\framework\SerialManager\Source\I2C_Adapter" -I"C:\Users\Joe\OneDrive - University of Southampton\Real-Time-Systems-Lab-2\MCUXpresso\frdmkw41z_wireless_examples_bluetooth_beacon_freertos\framework\Panic\Interface" -I"C:\Users\Joe\OneDrive - University of Southampton\Real-Time-Systems-Lab-2\MCUXpresso\frdmkw41z_wireless_examples_bluetooth_beacon_freertos\framework\OSAbstraction\Interface" -I"C:\Users\Joe\OneDrive - University of Southampton\Real-Time-Systems-Lab-2\MCUXpresso\frdmkw41z_wireless_examples_bluetooth_beacon_freertos\framework\DCDC\Interface" -I"C:\Users\Joe\OneDrive - University of Southampton\Real-Time-Systems-Lab-2\MCUXpresso\frdmkw41z_wireless_examples_bluetooth_beacon_freertos\framework\RNG\Interface" -I"C:\Users\Joe\OneDrive - University of Southampton\Real-Time-Systems-Lab-2\MCUXpresso\frdmkw41z_wireless_examples_bluetooth_beacon_freertos\framework\MWSCoexistence\Interface" -I"C:\Users\Joe\OneDrive - University of Southampton\Real-Time-Systems-Lab-2\MCUXpresso\frdmkw41z_wireless_examples_bluetooth_beacon_freertos\source\common\gatt_db\macros" -I"C:\Users\Joe\OneDrive - University of Southampton\Real-Time-Systems-Lab-2\MCUXpresso\frdmkw41z_wireless_examples_bluetooth_beacon_freertos\source\common\gatt_db" -I"C:\Users\Joe\OneDrive - University of Southampton\Real-Time-Systems-Lab-2\MCUXpresso\frdmkw41z_wireless_examples_bluetooth_beacon_freertos\framework\FunctionLib" -I"C:\Users\Joe\OneDrive - University of Southampton\Real-Time-Systems-Lab-2\MCUXpresso\frdmkw41z_wireless_examples_bluetooth_beacon_freertos\bluetooth\host\interface" -I"C:\Users\Joe\OneDrive - University of Southampton\Real-Time-Systems-Lab-2\MCUXpresso\frdmkw41z_wireless_examples_bluetooth_beacon_freertos\bluetooth\host\config" -I"C:\Users\Joe\OneDrive - University of Southampton\Real-Time-Systems-Lab-2\MCUXpresso\frdmkw41z_wireless_examples_bluetooth_beacon_freertos\framework\LED\Interface" -I"C:\Users\Joe\OneDrive - University of Southampton\Real-Time-Systems-Lab-2\MCUXpresso\frdmkw41z_wireless_examples_bluetooth_beacon_freertos\freertos" -I"C:\Users\Joe\OneDrive - University of Southampton\Real-Time-Systems-Lab-2\MCUXpresso\frdmkw41z_wireless_examples_bluetooth_beacon_freertos\framework\Flash\Internal" -I"C:\Users\Joe\OneDrive - University of Southampton\Real-Time-Systems-Lab-2\MCUXpresso\frdmkw41z_wireless_examples_bluetooth_beacon_freertos\framework\SecLib" -I"C:\Users\Joe\OneDrive - University of Southampton\Real-Time-Systems-Lab-2\MCUXpresso\frdmkw41z_wireless_examples_bluetooth_beacon_freertos\bluetooth\profiles\heart_rate" -I"C:\Users\Joe\OneDrive - University of Southampton\Real-Time-Systems-Lab-2\MCUXpresso\frdmkw41z_wireless_examples_bluetooth_beacon_freertos\framework\Messaging\Interface" -I"C:\Users\Joe\OneDrive - University of Southampton\Real-Time-Systems-Lab-2\MCUXpresso\frdmkw41z_wireless_examples_bluetooth_beacon_freertos\board" -I"C:\Users\Joe\OneDrive - University of Southampton\Real-Time-Systems-Lab-2\MCUXpresso\frdmkw41z_wireless_examples_bluetooth_beacon_freertos\framework\Keyboard\Interface" -I"C:\Users\Joe\OneDrive - University of Southampton\Real-Time-Systems-Lab-2\MCUXpresso\frdmkw41z_wireless_examples_bluetooth_beacon_freertos\framework\Lists" -I"C:\Users\Joe\OneDrive - University of Southampton\Real-Time-Systems-Lab-2\MCUXpresso\frdmkw41z_wireless_examples_bluetooth_beacon_freertos\framework\GPIO" -I"C:\Users\Joe\OneDrive - University of Southampton\Real-Time-Systems-Lab-2\MCUXpresso\frdmkw41z_wireless_examples_bluetooth_beacon_freertos\framework\SerialManager\Source\UART_Adapter" -I"C:\Users\Joe\OneDrive - University of Southampton\Real-Time-Systems-Lab-2\MCUXpresso\frdmkw41z_wireless_examples_bluetooth_beacon_freertos\framework\MemManager\Interface" -I"C:\Users\Joe\OneDrive - University of Southampton\Real-Time-Systems-Lab-2\MCUXpresso\frdmkw41z_wireless_examples_bluetooth_beacon_freertos\framework\TimersManager\Interface" -I"C:\Users\Joe\OneDrive - University of Southampton\Real-Time-Systems-Lab-2\MCUXpresso\frdmkw41z_wireless_examples_bluetooth_beacon_freertos\framework\TimersManager\Source" -I"C:\Users\Joe\OneDrive - University of Southampton\Real-Time-Systems-Lab-2\MCUXpresso\frdmkw41z_wireless_examples_bluetooth_beacon_freertos\CMSIS" -I"C:\Users\Joe\OneDrive - University of Southampton\Real-Time-Systems-Lab-2\MCUXpresso\frdmkw41z_wireless_examples_bluetooth_beacon_freertos\framework\SerialManager\Source\SPI_Adapter" -I"C:\Users\Joe\OneDrive - University of Southampton\Real-Time-Systems-Lab-2\MCUXpresso\frdmkw41z_wireless_examples_bluetooth_beacon_freertos\framework\SerialManager\Interface" -O0 -fno-common -g -Wall -c  -ffunction-sections  -fdata-sections  -ffreestanding  -fno-builtin -imacros "C:/Users/Joe/OneDrive - University of Southampton/Real-Time-Systems-Lab-2/MCUXpresso/frdmkw41z_wireless_examples_bluetooth_beacon_freertos/source/app_preinclude.h" -mcpu=cortex-m0plus -mthumb -D__REDLIB__ -specs=redlib.specs -MMD -MP -MF"source/common/ApplMain.d" -MT"source/common/ApplMain.o" -MT"source/common/ApplMain.d" -o "source/common/ApplMain.o" "../source/common/ApplMain.c"
Finished building: ../source/common/gatt_db/gatt_database.c
 
Finished building: ../source/common/ble_conn_manager.c
Building file: ../source/common/ble_controller_task.c
 
Building file: ../source/common/ble_host_tasks.c
Invoking: MCU C Compiler
arm-none-eabi-gcc -std=gnu99 -DDEBUG -DFSL_RTOS_FREE_RTOS -DFRDM_KW41Z -DFREEDOM -D__MCUXPRESSO -D__USE_CMSIS -DSDK_OS_FREE_RTOS -DCPU_MKW41Z512VHT4 -DCPU_MKW41Z512VHT4_cm0plus -D__REDLIB__ -I"C:\Users\Joe\OneDrive - University of Southampton\Real-Time-Systems-Lab-2\MCUXpresso\frdmkw41z_wireless_examples_bluetooth_beacon_freertos\source" -I"C:\Users\Joe\OneDrive - University of Southampton\Real-Time-Systems-Lab-2\MCUXpresso\frdmkw41z_wireless_examples_bluetooth_beacon_freertos" -I"C:\Users\Joe\OneDrive - University of Southampton\Real-Time-Systems-Lab-2\MCUXpresso\frdmkw41z_wireless_examples_bluetooth_beacon_freertos\drivers" -I"C:\Users\Joe\OneDrive - University of Southampton\Real-Time-Systems-Lab-2\MCUXpresso\frdmkw41z_wireless_examples_bluetooth_beacon_freertos\framework\ModuleInfo" -I"C:\Users\Joe\OneDrive - University of Southampton\Real-Time-Systems-Lab-2\MCUXpresso\frdmkw41z_wireless_examples_bluetooth_beacon_freertos\framework\XCVR\MKW41Z4" -I"C:\Users\Joe\OneDrive - University of Southampton\Real-Time-Systems-Lab-2\MCUXpresso\frdmkw41z_wireless_examples_bluetooth_beacon_freertos\bluetooth\profiles\battery" -I"C:\Users\Joe\OneDrive - University of Southampton\Real-Time-Systems-Lab-2\MCUXpresso\frdmkw41z_wireless_examples_bluetooth_beacon_freertos\utilities" -I"C:\Users\Joe\OneDrive - University of Southampton\Real-Time-Systems-Lab-2\MCUXpresso\frdmkw41z_wireless_examples_bluetooth_beacon_freertos\bluetooth\profiles\device_info" -I"C:\Users\Joe\OneDrive - University of Southampton\Real-Time-Systems-Lab-2\MCUXpresso\frdmkw41z_wireless_examples_bluetooth_beacon_freertos\bluetooth\hci_transport\interface" -I"C:\Users\Joe\OneDrive - University of Southampton\Real-Time-Systems-Lab-2\MCUXpresso\frdmkw41z_wireless_examples_bluetooth_beacon_freertos\bluetooth\controller\interface" -I"C:\Users\Joe\OneDrive - University of Southampton\Real-Time-Systems-Lab-2\MCUXpresso\frdmkw41z_wireless_examples_bluetooth_beacon_freertos\source\common" -I"C:\Users\Joe\OneDrive - University of Southampton\Real-Time-Systems-Lab-2\MCUXpresso\frdmkw41z_wireless_examples_bluetooth_beacon_freertos\framework\common" -I"C:\Users\Joe\OneDrive - University of Southampton\Real-Time-Systems-Lab-2\MCUXpresso\frdmkw41z_wireless_examples_bluetooth_beacon_freertos\framework\SerialManager\Source\I2C_Adapter" -I"C:\Users\Joe\OneDrive - University of Southampton\Real-Time-Systems-Lab-2\MCUXpresso\frdmkw41z_wireless_examples_bluetooth_beacon_freertos\framework\Panic\Interface" -I"C:\Users\Joe\OneDrive - University of Southampton\Real-Time-Systems-Lab-2\MCUXpresso\frdmkw41z_wireless_examples_bluetooth_beacon_freertos\framework\OSAbstraction\Interface" -I"C:\Users\Joe\OneDrive - University of Southampton\Real-Time-Systems-Lab-2\MCUXpresso\frdmkw41z_wireless_examples_bluetooth_beacon_freertos\framework\DCDC\Interface" -I"C:\Users\Joe\OneDrive - University of Southampton\Real-Time-Systems-Lab-2\MCUXpresso\frdmkw41z_wireless_examples_bluetooth_beacon_freertos\framework\RNG\Interface" -I"C:\Users\Joe\OneDrive - University of Southampton\Real-Time-Systems-Lab-2\MCUXpresso\frdmkw41z_wireless_examples_bluetooth_beacon_freertos\framework\MWSCoexistence\Interface" -I"C:\Users\Joe\OneDrive - University of Southampton\Real-Time-Systems-Lab-2\MCUXpresso\frdmkw41z_wireless_examples_bluetooth_beacon_freertos\source\common\gatt_db\macros" -I"C:\Users\Joe\OneDrive - University of Southampton\Real-Time-Systems-Lab-2\MCUXpresso\frdmkw41z_wireless_examples_bluetooth_beacon_freertos\source\common\gatt_db" -I"C:\Users\Joe\OneDrive - University of Southampton\Real-Time-Systems-Lab-2\MCUXpresso\frdmkw41z_wireless_examples_bluetooth_beacon_freertos\framework\FunctionLib" -I"C:\Users\Joe\OneDrive - University of Southampton\Real-Time-Systems-Lab-2\MCUXpresso\frdmkw41z_wireless_examples_bluetooth_beacon_freertos\bluetooth\host\interface" -I"C:\Users\Joe\OneDrive - University of Southampton\Real-Time-Systems-Lab-2\MCUXpresso\frdmkw41z_wireless_examples_bluetooth_beacon_freertos\bluetooth\host\config" -I"C:\Users\Joe\OneDrive - University of Southampton\Real-Time-Systems-Lab-2\MCUXpresso\frdmkw41z_wireless_examples_bluetooth_beacon_freertos\framework\LED\Interface" -I"C:\Users\Joe\OneDrive - University of Southampton\Real-Time-Systems-Lab-2\MCUXpresso\frdmkw41z_wireless_examples_bluetooth_beacon_freertos\freertos" -I"C:\Users\Joe\OneDrive - University of Southampton\Real-Time-Systems-Lab-2\MCUXpresso\frdmkw41z_wireless_examples_bluetooth_beacon_freertos\framework\Flash\Internal" -I"C:\Users\Joe\OneDrive - University of Southampton\Real-Time-Systems-Lab-2\MCUXpresso\frdmkw41z_wireless_examples_bluetooth_beacon_freertos\framework\SecLib" -I"C:\Users\Joe\OneDrive - University of Southampton\Real-Time-Systems-Lab-2\MCUXpresso\frdmkw41z_wireless_examples_bluetooth_beacon_freertos\bluetooth\profiles\heart_rate" -I"C:\Users\Joe\OneDrive - University of Southampton\Real-Time-Systems-Lab-2\MCUXpresso\frdmkw41z_wireless_examples_bluetooth_beacon_freertos\framework\Messaging\Interface" -I"C:\Users\Joe\OneDrive - University of Southampton\Real-Time-Systems-Lab-2\MCUXpresso\frdmkw41z_wireless_examples_bluetooth_beacon_freertos\board" -I"C:\Users\Joe\OneDrive - University of Southampton\Real-Time-Systems-Lab-2\MCUXpresso\frdmkw41z_wireless_examples_bluetooth_beacon_freertos\framework\Keyboard\Interface" -I"C:\Users\Joe\OneDrive - University of Southampton\Real-Time-Systems-Lab-2\MCUXpresso\frdmkw41z_wireless_examples_bluetooth_beacon_freertos\framework\Lists" -I"C:\Users\Joe\OneDrive - University of Southampton\Real-Time-Systems-Lab-2\MCUXpresso\frdmkw41z_wireless_examples_bluetooth_beacon_freertos\framework\GPIO" -I"C:\Users\Joe\OneDrive - University of Southampton\Real-Time-Systems-Lab-2\MCUXpresso\frdmkw41z_wireless_examples_bluetooth_beacon_freertos\framework\SerialManager\Source\UART_Adapter" -I"C:\Users\Joe\OneDrive - University of Southampton\Real-Time-Systems-Lab-2\MCUXpresso\frdmkw41z_wireless_examples_bluetooth_beacon_freertos\framework\MemManager\Interface" -I"C:\Users\Joe\OneDrive - University of Southampton\Real-Time-Systems-Lab-2\MCUXpresso\frdmkw41z_wireless_examples_bluetooth_beacon_freertos\framework\TimersManager\Interface" -I"C:\Users\Joe\OneDrive - University of Southampton\Real-Time-Systems-Lab-2\MCUXpresso\frdmkw41z_wireless_examples_bluetooth_beacon_freertos\framework\TimersManager\Source" -I"C:\Users\Joe\OneDrive - University of Southampton\Real-Time-Systems-Lab-2\MCUXpresso\frdmkw41z_wireless_examples_bluetooth_beacon_freertos\CMSIS" -I"C:\Users\Joe\OneDrive - University of Southampton\Real-Time-Systems-Lab-2\MCUXpresso\frdmkw41z_wireless_examples_bluetooth_beacon_freertos\framework\SerialManager\Source\SPI_Adapter" -I"C:\Users\Joe\OneDrive - University of Southampton\Real-Time-Systems-Lab-2\MCUXpresso\frdmkw41z_wireless_examples_bluetooth_beacon_freertos\framework\SerialManager\Interface" -O0 -fno-common -g -Wall -c  -ffunction-sections  -fdata-sections  -ffreestanding  -fno-builtin -imacros "C:/Users/Joe/OneDrive - University of Southampton/Real-Time-Systems-Lab-2/MCUXpresso/frdmkw41z_wireless_examples_bluetooth_beacon_freertos/source/app_preinclude.h" -mcpu=cortex-m0plus -mthumb -D__REDLIB__ -specs=redlib.specs -MMD -MP -MF"source/common/ble_controller_task.d" -MT"source/common/ble_controller_task.o" -MT"source/common/ble_controller_task.d" -o "source/common/ble_controller_task.o" "../source/common/ble_controller_task.c"
Invoking: MCU C Compiler
arm-none-eabi-gcc -std=gnu99 -DDEBUG -DFSL_RTOS_FREE_RTOS -DFRDM_KW41Z -DFREEDOM -D__MCUXPRESSO -D__USE_CMSIS -DSDK_OS_FREE_RTOS -DCPU_MKW41Z512VHT4 -DCPU_MKW41Z512VHT4_cm0plus -D__REDLIB__ -I"C:\Users\Joe\OneDrive - University of Southampton\Real-Time-Systems-Lab-2\MCUXpresso\frdmkw41z_wireless_examples_bluetooth_beacon_freertos\source" -I"C:\Users\Joe\OneDrive - University of Southampton\Real-Time-Systems-Lab-2\MCUXpresso\frdmkw41z_wireless_examples_bluetooth_beacon_freertos" -I"C:\Users\Joe\OneDrive - University of Southampton\Real-Time-Systems-Lab-2\MCUXpresso\frdmkw41z_wireless_examples_bluetooth_beacon_freertos\drivers" -I"C:\Users\Joe\OneDrive - University of Southampton\Real-Time-Systems-Lab-2\MCUXpresso\frdmkw41z_wireless_examples_bluetooth_beacon_freertos\framework\ModuleInfo" -I"C:\Users\Joe\OneDrive - University of Southampton\Real-Time-Systems-Lab-2\MCUXpresso\frdmkw41z_wireless_examples_bluetooth_beacon_freertos\framework\XCVR\MKW41Z4" -I"C:\Users\Joe\OneDrive - University of Southampton\Real-Time-Systems-Lab-2\MCUXpresso\frdmkw41z_wireless_examples_bluetooth_beacon_freertos\bluetooth\profiles\battery" -I"C:\Users\Joe\OneDrive - University of Southampton\Real-Time-Systems-Lab-2\MCUXpresso\frdmkw41z_wireless_examples_bluetooth_beacon_freertos\utilities" -I"C:\Users\Joe\OneDrive - University of Southampton\Real-Time-Systems-Lab-2\MCUXpresso\frdmkw41z_wireless_examples_bluetooth_beacon_freertos\bluetooth\profiles\device_info" -I"C:\Users\Joe\OneDrive - University of Southampton\Real-Time-Systems-Lab-2\MCUXpresso\frdmkw41z_wireless_examples_bluetooth_beacon_freertos\bluetooth\hci_transport\interface" -I"C:\Users\Joe\OneDrive - University of Southampton\Real-Time-Systems-Lab-2\MCUXpresso\frdmkw41z_wireless_examples_bluetooth_beacon_freertos\bluetooth\controller\interface" -I"C:\Users\Joe\OneDrive - University of Southampton\Real-Time-Systems-Lab-2\MCUXpresso\frdmkw41z_wireless_examples_bluetooth_beacon_freertos\source\common" -I"C:\Users\Joe\OneDrive - University of Southampton\Real-Time-Systems-Lab-2\MCUXpresso\frdmkw41z_wireless_examples_bluetooth_beacon_freertos\framework\common" -I"C:\Users\Joe\OneDrive - University of Southampton\Real-Time-Systems-Lab-2\MCUXpresso\frdmkw41z_wireless_examples_bluetooth_beacon_freertos\framework\SerialManager\Source\I2C_Adapter" -I"C:\Users\Joe\OneDrive - University of Southampton\Real-Time-Systems-Lab-2\MCUXpresso\frdmkw41z_wireless_examples_bluetooth_beacon_freertos\framework\Panic\Interface" -I"C:\Users\Joe\OneDrive - University of Southampton\Real-Time-Systems-Lab-2\MCUXpresso\frdmkw41z_wireless_examples_bluetooth_beacon_freertos\framework\OSAbstraction\Interface" -I"C:\Users\Joe\OneDrive - University of Southampton\Real-Time-Systems-Lab-2\MCUXpresso\frdmkw41z_wireless_examples_bluetooth_beacon_freertos\framework\DCDC\Interface" -I"C:\Users\Joe\OneDrive - University of Southampton\Real-Time-Systems-Lab-2\MCUXpresso\frdmkw41z_wireless_examples_bluetooth_beacon_freertos\framework\RNG\Interface" -I"C:\Users\Joe\OneDrive - University of Southampton\Real-Time-Systems-Lab-2\MCUXpresso\frdmkw41z_wireless_examples_bluetooth_beacon_freertos\framework\MWSCoexistence\Interface" -I"C:\Users\Joe\OneDrive - University of Southampton\Real-Time-Systems-Lab-2\MCUXpresso\frdmkw41z_wireless_examples_bluetooth_beacon_freertos\source\common\gatt_db\macros" -I"C:\Users\Joe\OneDrive - University of Southampton\Real-Time-Systems-Lab-2\MCUXpresso\frdmkw41z_wireless_examples_bluetooth_beacon_freertos\source\common\gatt_db" -I"C:\Users\Joe\OneDrive - University of Southampton\Real-Time-Systems-Lab-2\MCUXpresso\frdmkw41z_wireless_examples_bluetooth_beacon_freertos\framework\FunctionLib" -I"C:\Users\Joe\OneDrive - University of Southampton\Real-Time-Systems-Lab-2\MCUXpresso\frdmkw41z_wireless_examples_bluetooth_beacon_freertos\bluetooth\host\interface" -I"C:\Users\Joe\OneDrive - University of Southampton\Real-Time-Systems-Lab-2\MCUXpresso\frdmkw41z_wireless_examples_bluetooth_beacon_freertos\bluetooth\host\config" -I"C:\Users\Joe\OneDrive - University of Southampton\Real-Time-Systems-Lab-2\MCUXpresso\frdmkw41z_wireless_examples_bluetooth_beacon_freertos\framework\LED\Interface" -I"C:\Users\Joe\OneDrive - University of Southampton\Real-Time-Systems-Lab-2\MCUXpresso\frdmkw41z_wireless_examples_bluetooth_beacon_freertos\freertos" -I"C:\Users\Joe\OneDrive - University of Southampton\Real-Time-Systems-Lab-2\MCUXpresso\frdmkw41z_wireless_examples_bluetooth_beacon_freertos\framework\Flash\Internal" -I"C:\Users\Joe\OneDrive - University of Southampton\Real-Time-Systems-Lab-2\MCUXpresso\frdmkw41z_wireless_examples_bluetooth_beacon_freertos\framework\SecLib" -I"C:\Users\Joe\OneDrive - University of Southampton\Real-Time-Systems-Lab-2\MCUXpresso\frdmkw41z_wireless_examples_bluetooth_beacon_freertos\bluetooth\profiles\heart_rate" -I"C:\Users\Joe\OneDrive - University of Southampton\Real-Time-Systems-Lab-2\MCUXpresso\frdmkw41z_wireless_examples_bluetooth_beacon_freertos\framework\Messaging\Interface" -I"C:\Users\Joe\OneDrive - University of Southampton\Real-Time-Systems-Lab-2\MCUXpresso\frdmkw41z_wireless_examples_bluetooth_beacon_freertos\board" -I"C:\Users\Joe\OneDrive - University of Southampton\Real-Time-Systems-Lab-2\MCUXpresso\frdmkw41z_wireless_examples_bluetooth_beacon_freertos\framework\Keyboard\Interface" -I"C:\Users\Joe\OneDrive - University of Southampton\Real-Time-Systems-Lab-2\MCUXpresso\frdmkw41z_wireless_examples_bluetooth_beacon_freertos\framework\Lists" -I"C:\Users\Joe\OneDrive - University of Southampton\Real-Time-Systems-Lab-2\MCUXpresso\frdmkw41z_wireless_examples_bluetooth_beacon_freertos\framework\GPIO" -I"C:\Users\Joe\OneDrive - University of Southampton\Real-Time-Systems-Lab-2\MCUXpresso\frdmkw41z_wireless_examples_bluetooth_beacon_freertos\framework\SerialManager\Source\UART_Adapter" -I"C:\Users\Joe\OneDrive - University of Southampton\Real-Time-Systems-Lab-2\MCUXpresso\frdmkw41z_wireless_examples_bluetooth_beacon_freertos\framework\MemManager\Interface" -I"C:\Users\Joe\OneDrive - University of Southampton\Real-Time-Systems-Lab-2\MCUXpresso\frdmkw41z_wireless_examples_bluetooth_beacon_freertos\framework\TimersManager\Interface" -I"C:\Users\Joe\OneDrive - University of Southampton\Real-Time-Systems-Lab-2\MCUXpresso\frdmkw41z_wireless_examples_bluetooth_beacon_freertos\framework\TimersManager\Source" -I"C:\Users\Joe\OneDrive - University of Southampton\Real-Time-Systems-Lab-2\MCUXpresso\frdmkw41z_wireless_examples_bluetooth_beacon_freertos\CMSIS" -I"C:\Users\Joe\OneDrive - University of Southampton\Real-Time-Systems-Lab-2\MCUXpresso\frdmkw41z_wireless_examples_bluetooth_beacon_freertos\framework\SerialManager\Source\SPI_Adapter" -I"C:\Users\Joe\OneDrive - University of Southampton\Real-Time-Systems-Lab-2\MCUXpresso\frdmkw41z_wireless_examples_bluetooth_beacon_freertos\framework\SerialManager\Interface" -O0 -fno-common -g -Wall -c  -ffunction-sections  -fdata-sections  -ffreestanding  -fno-builtin -imacros "C:/Users/Joe/OneDrive - University of Southampton/Real-Time-Systems-Lab-2/MCUXpresso/frdmkw41z_wireless_examples_bluetooth_beacon_freertos/source/app_preinclude.h" -mcpu=cortex-m0plus -mthumb -D__REDLIB__ -specs=redlib.specs -MMD -MP -MF"source/common/ble_host_tasks.d" -MT"source/common/ble_host_tasks.o" -MT"source/common/ble_host_tasks.d" -o "source/common/ble_host_tasks.o" "../source/common/ble_host_tasks.c"
Finished building: ../utilities/fsl_debug_console.c
 
Building file: ../source/common/ble_init.c
Finished building: ../source/common/ApplMain.c
Invoking: MCU C Compiler
arm-none-eabi-gcc -std=gnu99 -DDEBUG -DFSL_RTOS_FREE_RTOS -DFRDM_KW41Z -DFREEDOM -D__MCUXPRESSO -D__USE_CMSIS -DSDK_OS_FREE_RTOS -DCPU_MKW41Z512VHT4 -DCPU_MKW41Z512VHT4_cm0plus -D__REDLIB__ -I"C:\Users\Joe\OneDrive - University of Southampton\Real-Time-Systems-Lab-2\MCUXpresso\frdmkw41z_wireless_examples_bluetooth_beacon_freertos\source" -I"C:\Users\Joe\OneDrive - University of Southampton\Real-Time-Systems-Lab-2\MCUXpresso\frdmkw41z_wireless_examples_bluetooth_beacon_freertos" -I"C:\Users\Joe\OneDrive - University of Southampton\Real-Time-Systems-Lab-2\MCUXpresso\frdmkw41z_wireless_examples_bluetooth_beacon_freertos\drivers" -I"C:\Users\Joe\OneDrive - University of Southampton\Real-Time-Systems-Lab-2\MCUXpresso\frdmkw41z_wireless_examples_bluetooth_beacon_freertos\framework\ModuleInfo" -I"C:\Users\Joe\OneDrive - University of Southampton\Real-Time-Systems-Lab-2\MCUXpresso\frdmkw41z_wireless_examples_bluetooth_beacon_freertos\framework\XCVR\MKW41Z4" -I"C:\Users\Joe\OneDrive - University of Southampton\Real-Time-Systems-Lab-2\MCUXpresso\frdmkw41z_wireless_examples_bluetooth_beacon_freertos\bluetooth\profiles\battery" -I"C:\Users\Joe\OneDrive - University of Southampton\Real-Time-Systems-Lab-2\MCUXpresso\frdmkw41z_wireless_examples_bluetooth_beacon_freertos\utilities" -I"C:\Users\Joe\OneDrive - University of Southampton\Real-Time-Systems-Lab-2\MCUXpresso\frdmkw41z_wireless_examples_bluetooth_beacon_freertos\bluetooth\profiles\device_info" -I"C:\Users\Joe\OneDrive - University of Southampton\Real-Time-Systems-Lab-2\MCUXpresso\frdmkw41z_wireless_examples_bluetooth_beacon_freertos\bluetooth\hci_transport\interface" -I"C:\Users\Joe\OneDrive - University of Southampton\Real-Time-Systems-Lab-2\MCUXpresso\frdmkw41z_wireless_examples_bluetooth_beacon_freertos\bluetooth\controller\interface" -I"C:\Users\Joe\OneDrive - University of Southampton\Real-Time-Systems-Lab-2\MCUXpresso\frdmkw41z_wireless_examples_bluetooth_beacon_freertos\source\common" -I"C:\Users\Joe\OneDrive - University of Southampton\Real-Time-Systems-Lab-2\MCUXpresso\frdmkw41z_wireless_examples_bluetooth_beacon_freertos\framework\common" -I"C:\Users\Joe\OneDrive - University of Southampton\Real-Time-Systems-Lab-2\MCUXpresso\frdmkw41z_wireless_examples_bluetooth_beacon_freertos\framework\SerialManager\Source\I2C_Adapter" -I"C:\Users\Joe\OneDrive - University of Southampton\Real-Time-Systems-Lab-2\MCUXpresso\frdmkw41z_wireless_examples_bluetooth_beacon_freertos\framework\Panic\Interface" -I"C:\Users\Joe\OneDrive - University of Southampton\Real-Time-Systems-Lab-2\MCUXpresso\frdmkw41z_wireless_examples_bluetooth_beacon_freertos\framework\OSAbstraction\Interface" -I"C:\Users\Joe\OneDrive - University of Southampton\Real-Time-Systems-Lab-2\MCUXpresso\frdmkw41z_wireless_examples_bluetooth_beacon_freertos\framework\DCDC\Interface" -I"C:\Users\Joe\OneDrive - University of Southampton\Real-Time-Systems-Lab-2\MCUXpresso\frdmkw41z_wireless_examples_bluetooth_beacon_freertos\framework\RNG\Interface" -I"C:\Users\Joe\OneDrive - University of Southampton\Real-Time-Systems-Lab-2\MCUXpresso\frdmkw41z_wireless_examples_bluetooth_beacon_freertos\framework\MWSCoexistence\Interface" -I"C:\Users\Joe\OneDrive - University of Southampton\Real-Time-Systems-Lab-2\MCUXpresso\frdmkw41z_wireless_examples_bluetooth_beacon_freertos\source\common\gatt_db\macros" -I"C:\Users\Joe\OneDrive - University of Southampton\Real-Time-Systems-Lab-2\MCUXpresso\frdmkw41z_wireless_examples_bluetooth_beacon_freertos\source\common\gatt_db" -I"C:\Users\Joe\OneDrive - University of Southampton\Real-Time-Systems-Lab-2\MCUXpresso\frdmkw41z_wireless_examples_bluetooth_beacon_freertos\framework\FunctionLib" -I"C:\Users\Joe\OneDrive - University of Southampton\Real-Time-Systems-Lab-2\MCUXpresso\frdmkw41z_wireless_examples_bluetooth_beacon_freertos\bluetooth\host\interface" -I"C:\Users\Joe\OneDrive - University of Southampton\Real-Time-Systems-Lab-2\MCUXpresso\frdmkw41z_wireless_examples_bluetooth_beacon_freertos\bluetooth\host\config" -I"C:\Users\Joe\OneDrive - University of Southampton\Real-Time-Systems-Lab-2\MCUXpresso\frdmkw41z_wireless_examples_bluetooth_beacon_freertos\framework\LED\Interface" -I"C:\Users\Joe\OneDrive - University of Southampton\Real-Time-Systems-Lab-2\MCUXpresso\frdmkw41z_wireless_examples_bluetooth_beacon_freertos\freertos" -I"C:\Users\Joe\OneDrive - University of Southampton\Real-Time-Systems-Lab-2\MCUXpresso\frdmkw41z_wireless_examples_bluetooth_beacon_freertos\framework\Flash\Internal" -I"C:\Users\Joe\OneDrive - University of Southampton\Real-Time-Systems-Lab-2\MCUXpresso\frdmkw41z_wireless_examples_bluetooth_beacon_freertos\framework\SecLib" -I"C:\Users\Joe\OneDrive - University of Southampton\Real-Time-Systems-Lab-2\MCUXpresso\frdmkw41z_wireless_examples_bluetooth_beacon_freertos\bluetooth\profiles\heart_rate" -I"C:\Users\Joe\OneDrive - University of Southampton\Real-Time-Systems-Lab-2\MCUXpresso\frdmkw41z_wireless_examples_bluetooth_beacon_freertos\framework\Messaging\Interface" -I"C:\Users\Joe\OneDrive - University of Southampton\Real-Time-Systems-Lab-2\MCUXpresso\frdmkw41z_wireless_examples_bluetooth_beacon_freertos\board" -I"C:\Users\Joe\OneDrive - University of Southampton\Real-Time-Systems-Lab-2\MCUXpresso\frdmkw41z_wireless_examples_bluetooth_beacon_freertos\framework\Keyboard\Interface" -I"C:\Users\Joe\OneDrive - University of Southampton\Real-Time-Systems-Lab-2\MCUXpresso\frdmkw41z_wireless_examples_bluetooth_beacon_freertos\framework\Lists" -I"C:\Users\Joe\OneDrive - University of Southampton\Real-Time-Systems-Lab-2\MCUXpresso\frdmkw41z_wireless_examples_bluetooth_beacon_freertos\framework\GPIO" -I"C:\Users\Joe\OneDrive - University of Southampton\Real-Time-Systems-Lab-2\MCUXpresso\frdmkw41z_wireless_examples_bluetooth_beacon_freertos\framework\SerialManager\Source\UART_Adapter" -I"C:\Users\Joe\OneDrive - University of Southampton\Real-Time-Systems-Lab-2\MCUXpresso\frdmkw41z_wireless_examples_bluetooth_beacon_freertos\framework\MemManager\Interface" -I"C:\Users\Joe\OneDrive - University of Southampton\Real-Time-Systems-Lab-2\MCUXpresso\frdmkw41z_wireless_examples_bluetooth_beacon_freertos\framework\TimersManager\Interface" -I"C:\Users\Joe\OneDrive - University of Southampton\Real-Time-Systems-Lab-2\MCUXpresso\frdmkw41z_wireless_examples_bluetooth_beacon_freertos\framework\TimersManager\Source" -I"C:\Users\Joe\OneDrive - University of Southampton\Real-Time-Systems-Lab-2\MCUXpresso\frdmkw41z_wireless_examples_bluetooth_beacon_freertos\CMSIS" -I"C:\Users\Joe\OneDrive - University of Southampton\Real-Time-Systems-Lab-2\MCUXpresso\frdmkw41z_wireless_examples_bluetooth_beacon_freertos\framework\SerialManager\Source\SPI_Adapter" -I"C:\Users\Joe\OneDrive - University of Southampton\Real-Time-Systems-Lab-2\MCUXpresso\frdmkw41z_wireless_examples_bluetooth_beacon_freertos\framework\SerialManager\Interface" -O0 -fno-common -g -Wall -c  -ffunction-sections  -fdata-sections  -ffreestanding  -fno-builtin -imacros "C:/Users/Joe/OneDrive - University of Southampton/Real-Time-Systems-Lab-2/MCUXpresso/frdmkw41z_wireless_examples_bluetooth_beacon_freertos/source/app_preinclude.h" -mcpu=cortex-m0plus -mthumb -D__REDLIB__ -specs=redlib.specs -MMD -MP -MF"source/common/ble_init.d" -MT"source/common/ble_init.o" -MT"source/common/ble_init.d" -o "source/common/ble_init.o" "../source/common/ble_init.c"
 
Building file: ../source/app_config.c
Invoking: MCU C Compiler
arm-none-eabi-gcc -std=gnu99 -DDEBUG -DFSL_RTOS_FREE_RTOS -DFRDM_KW41Z -DFREEDOM -D__MCUXPRESSO -D__USE_CMSIS -DSDK_OS_FREE_RTOS -DCPU_MKW41Z512VHT4 -DCPU_MKW41Z512VHT4_cm0plus -D__REDLIB__ -I"C:\Users\Joe\OneDrive - University of Southampton\Real-Time-Systems-Lab-2\MCUXpresso\frdmkw41z_wireless_examples_bluetooth_beacon_freertos\source" -I"C:\Users\Joe\OneDrive - University of Southampton\Real-Time-Systems-Lab-2\MCUXpresso\frdmkw41z_wireless_examples_bluetooth_beacon_freertos" -I"C:\Users\Joe\OneDrive - University of Southampton\Real-Time-Systems-Lab-2\MCUXpresso\frdmkw41z_wireless_examples_bluetooth_beacon_freertos\drivers" -I"C:\Users\Joe\OneDrive - University of Southampton\Real-Time-Systems-Lab-2\MCUXpresso\frdmkw41z_wireless_examples_bluetooth_beacon_freertos\framework\ModuleInfo" -I"C:\Users\Joe\OneDrive - University of Southampton\Real-Time-Systems-Lab-2\MCUXpresso\frdmkw41z_wireless_examples_bluetooth_beacon_freertos\framework\XCVR\MKW41Z4" -I"C:\Users\Joe\OneDrive - University of Southampton\Real-Time-Systems-Lab-2\MCUXpresso\frdmkw41z_wireless_examples_bluetooth_beacon_freertos\bluetooth\profiles\battery" -I"C:\Users\Joe\OneDrive - University of Southampton\Real-Time-Systems-Lab-2\MCUXpresso\frdmkw41z_wireless_examples_bluetooth_beacon_freertos\utilities" -I"C:\Users\Joe\OneDrive - University of Southampton\Real-Time-Systems-Lab-2\MCUXpresso\frdmkw41z_wireless_examples_bluetooth_beacon_freertos\bluetooth\profiles\device_info" -I"C:\Users\Joe\OneDrive - University of Southampton\Real-Time-Systems-Lab-2\MCUXpresso\frdmkw41z_wireless_examples_bluetooth_beacon_freertos\bluetooth\hci_transport\interface" -I"C:\Users\Joe\OneDrive - University of Southampton\Real-Time-Systems-Lab-2\MCUXpresso\frdmkw41z_wireless_examples_bluetooth_beacon_freertos\bluetooth\controller\interface" -I"C:\Users\Joe\OneDrive - University of Southampton\Real-Time-Systems-Lab-2\MCUXpresso\frdmkw41z_wireless_examples_bluetooth_beacon_freertos\source\common" -I"C:\Users\Joe\OneDrive - University of Southampton\Real-Time-Systems-Lab-2\MCUXpresso\frdmkw41z_wireless_examples_bluetooth_beacon_freertos\framework\common" -I"C:\Users\Joe\OneDrive - University of Southampton\Real-Time-Systems-Lab-2\MCUXpresso\frdmkw41z_wireless_examples_bluetooth_beacon_freertos\framework\SerialManager\Source\I2C_Adapter" -I"C:\Users\Joe\OneDrive - University of Southampton\Real-Time-Systems-Lab-2\MCUXpresso\frdmkw41z_wireless_examples_bluetooth_beacon_freertos\framework\Panic\Interface" -I"C:\Users\Joe\OneDrive - University of Southampton\Real-Time-Systems-Lab-2\MCUXpresso\frdmkw41z_wireless_examples_bluetooth_beacon_freertos\framework\OSAbstraction\Interface" -I"C:\Users\Joe\OneDrive - University of Southampton\Real-Time-Systems-Lab-2\MCUXpresso\frdmkw41z_wireless_examples_bluetooth_beacon_freertos\framework\DCDC\Interface" -I"C:\Users\Joe\OneDrive - University of Southampton\Real-Time-Systems-Lab-2\MCUXpresso\frdmkw41z_wireless_examples_bluetooth_beacon_freertos\framework\RNG\Interface" -I"C:\Users\Joe\OneDrive - University of Southampton\Real-Time-Systems-Lab-2\MCUXpresso\frdmkw41z_wireless_examples_bluetooth_beacon_freertos\framework\MWSCoexistence\Interface" -I"C:\Users\Joe\OneDrive - University of Southampton\Real-Time-Systems-Lab-2\MCUXpresso\frdmkw41z_wireless_examples_bluetooth_beacon_freertos\source\common\gatt_db\macros" -I"C:\Users\Joe\OneDrive - University of Southampton\Real-Time-Systems-Lab-2\MCUXpre
[...]
ramework\Messaging\Interface" -I"C:\Users\Joe\OneDrive - University of Southampton\Real-Time-Systems-Lab-2\MCUXpresso\frdmkw41z_wireless_examples_bluetooth_beacon_freertos\board" -I"C:\Users\Joe\OneDrive - University of Southampton\Real-Time-Systems-Lab-2\MCUXpresso\frdmkw41z_wireless_examples_bluetooth_beacon_freertos\framework\Keyboard\Interface" -I"C:\Users\Joe\OneDrive - University of Southampton\Real-Time-Systems-Lab-2\MCUXpresso\frdmkw41z_wireless_examples_bluetooth_beacon_freertos\framework\Lists" -I"C:\Users\Joe\OneDrive - University of Southampton\Real-Time-Systems-Lab-2\MCUXpresso\frdmkw41z_wireless_examples_bluetooth_beacon_freertos\framework\GPIO" -I"C:\Users\Joe\OneDrive - University of Southampton\Real-Time-Systems-Lab-2\MCUXpresso\frdmkw41z_wireless_examples_bluetooth_beacon_freertos\framework\SerialManager\Source\UART_Adapter" -I"C:\Users\Joe\OneDrive - University of Southampton\Real-Time-Systems-Lab-2\MCUXpresso\frdmkw41z_wireless_examples_bluetooth_beacon_freertos\framework\MemManager\Interface" -I"C:\Users\Joe\OneDrive - University of Southampton\Real-Time-Systems-Lab-2\MCUXpresso\frdmkw41z_wireless_examples_bluetooth_beacon_freertos\framework\TimersManager\Interface" -I"C:\Users\Joe\OneDrive - University of Southampton\Real-Time-Systems-Lab-2\MCUXpresso\frdmkw41z_wireless_examples_bluetooth_beacon_freertos\framework\TimersManager\Source" -I"C:\Users\Joe\OneDrive - University of Southampton\Real-Time-Systems-Lab-2\MCUXpresso\frdmkw41z_wireless_examples_bluetooth_beacon_freertos\CMSIS" -I"C:\Users\Joe\OneDrive - University of Southampton\Real-Time-Systems-Lab-2\MCUXpresso\frdmkw41z_wireless_examples_bluetooth_beacon_freertos\framework\SerialManager\Source\SPI_Adapter" -I"C:\Users\Joe\OneDrive - University of Southampton\Real-Time-Systems-Lab-2\MCUXpresso\frdmkw41z_wireless_examples_bluetooth_beacon_freertos\framework\SerialManager\Interface" -O0 -fno-common -g -Wall -c  -ffunction-sections  -fdata-sections  -ffreestanding  -fno-builtin -imacros "C:/Users/Joe/OneDrive - University of Southampton/Real-Time-Systems-Lab-2/MCUXpresso/frdmkw41z_wireless_examples_bluetooth_beacon_freertos/source/app_preinclude.h" -mcpu=cortex-m0plus -mthumb -D__REDLIB__ -specs=redlib.specs -MMD -MP -MF"CMSIS/system_MKW41Z4.d" -MT"CMSIS/system_MKW41Z4.o" -MT"CMSIS/system_MKW41Z4.d" -o "CMSIS/system_MKW41Z4.o" "../CMSIS/system_MKW41Z4.c"
Finished building: ../bluetooth/host/config/ble_globals.c
 
Finished building: ../bluetooth/hci_transport/source/hcit_serial_interface.c
 
Finished building: ../CMSIS/system_MKW41Z4.c
 
Building target: frdmkw41z_wireless_examples_bluetooth_beacon_freertos.axf
Invoking: MCU Linker
arm-none-eabi-gcc -L"C:\Users\Joe\OneDrive - University of Southampton\Real-Time-Systems-Lab-2\MCUXpresso\frdmkw41z_wireless_examples_bluetooth_beacon_freertos\libs" -Xlinker -Map="frdmkw41z_wireless_examples_bluetooth_beacon_freertos.map" -Xlinker --gc-sections -Xlinker -print-memory-usage -mcpu=cortex-m0plus -mthumb -T MKW41Z512xxx4_connectivity.ld -L ../source -o "frdmkw41z_wireless_examples_bluetooth_beacon_freertos.axf"  ./utilities/fsl_debug_console.o  ./startup/startup_MKW41Z4.o  ./source/common/gatt_db/gatt_database.o  ./source/common/ApplMain.o ./source/common/ble_conn_manager.o ./source/common/ble_controller_task.o ./source/common/ble_host_tasks.o ./source/common/ble_init.o  ./source/app_config.o ./source/beacon.o ./source/mtb.o  ./freertos/croutine.o ./freertos/event_groups.o ./freertos/fsl_tickless_lptmr.o ./freertos/fsl_tickless_systick.o ./freertos/heap_4.o ./freertos/list.o ./freertos/port.o ./freertos/queue.o ./freertos/tasks.o ./freertos/timers.o  ./framework/XCVR/MKW41Z4/cfgs_kw4x_3x_2x/fsl_xcvr_ant_config.o ./framework/XCVR/MKW41Z4/cfgs_kw4x_3x_2x/fsl_xcvr_ble_config.o ./framework/XCVR/MKW41Z4/cfgs_kw4x_3x_2x/fsl_xcvr_common_config.o ./framework/XCVR/MKW41Z4/cfgs_kw4x_3x_2x/fsl_xcvr_gfsk_bt_0p3_h_0p5_config.o ./framework/XCVR/MKW41Z4/cfgs_kw4x_3x_2x/fsl_xcvr_gfsk_bt_0p5_h_0p32_config.o ./framework/XCVR/MKW41Z4/cfgs_kw4x_3x_2x/fsl_xcvr_gfsk_bt_0p5_h_0p5_config.o ./framework/XCVR/MKW41Z4/cfgs_kw4x_3x_2x/fsl_xcvr_gfsk_bt_0p5_h_0p7_config.o ./framework/XCVR/MKW41Z4/cfgs_kw4x_3x_2x/fsl_xcvr_gfsk_bt_0p5_h_1p0_config.o ./framework/XCVR/MKW41Z4/cfgs_kw4x_3x_2x/fsl_xcvr_gfsk_bt_0p7_h_0p5_config.o ./framework/XCVR/MKW41Z4/cfgs_kw4x_3x_2x/fsl_xcvr_mode_datarate_config.o ./framework/XCVR/MKW41Z4/cfgs_kw4x_3x_2x/fsl_xcvr_msk_config.o ./framework/XCVR/MKW41Z4/cfgs_kw4x_3x_2x/fsl_xcvr_zgbe_config.o  ./framework/XCVR/MKW41Z4/dbg_ram_capture.o ./framework/XCVR/MKW41Z4/fsl_xcvr.o ./framework/XCVR/MKW41Z4/fsl_xcvr_trim.o ./framework/XCVR/MKW41Z4/ifr_radio.o  ./framework/TimersManager/Source/TMR_Adapter.o ./framework/TimersManager/Source/TimersManager.o  ./framework/SerialManager/Source/UART_Adapter/UART_Adapter.o  ./framework/SerialManager/Source/SPI_Adapter/SPI_Adapter.o  ./framework/SerialManager/Source/I2C_Adapter/I2C_Adapter.o  ./framework/SerialManager/Source/SerialManager.o  ./framework/SecLib/SecLib.o  ./framework/Reset/Reset.o  ./framework/RNG/Source/RNG.o  ./framework/Panic/Source/Panic.o  ./framework/OSAbstraction/Source/fsl_os_abstraction_free_rtos.o  ./framework/ModuleInfo/ModuleInfo.o  ./framework/Messaging/Source/Messaging.o  ./framework/MemManager/Source/MemManager.o  ./framework/MWSCoexistence/Source/MWS.o  ./framework/Lists/GenericList.o  ./framework/LED/Source/LED.o  ./framework/Keyboard/Source/Keyboard.o  ./framework/GPIO/GPIO_Adapter.o  ./framework/FunctionLib/FunctionLib.o  ./framework/Flash/Internal/Flash_Adapter.o  ./framework/DCDC/Source/DCDC.o  ./drivers/fsl_adc16.o ./drivers/fsl_clock.o ./drivers/fsl_common.o ./drivers/fsl_dspi.o ./drivers/fsl_dspi_freertos.o ./drivers/fsl_flash.o ./drivers/fsl_gpio.o ./drivers/fsl_i2c.o ./drivers/fsl_i2c_freertos.o ./drivers/fsl_llwu.o ./drivers/fsl_lptmr.o ./drivers/fsl_lpuart.o ./drivers/fsl_lpuart_freertos.o ./drivers/fsl_ltc.o ./drivers/fsl_pmc.o ./drivers/fsl_rtc.o ./drivers/fsl_smc.o ./drivers/fsl_tpm.o ./drivers/fsl_trng.o  ./board/board.o ./board/clock_config.o ./board/gpio_pins.o ./board/pin_mux.o  ./bluetooth/profiles/heart_rate/heart_rate_service.o  ./bluetooth/profiles/device_info/device_info_service.o  ./bluetooth/profiles/battery/battery_service.o  ./bluetooth/host/config/ble_globals.o  ./bluetooth/hci_transport/source/hcit_serial_interface.o  ./CMSIS/system_MKW41Z4.o   -lm -lc -lgcc -lnosys -l_ble_kw41z_controller -l_ble_4-2_host_cm0p -l_crypto_m0
Memory region         Used Size  Region Size  %age Used
    TEXT_region1:         192 B         1 KB     18.75%
m_flash_config_region:          16 B         16 B    100.00%
    TEXT_region2:      192883 B     513006 B     37.60%
      NVM_region:          0 GB       8191 B      0.00%
     DATA_region:       23576 B       128 KB     17.99%
PRODUCT_INFO_region:          0 GB       2047 B      0.00%
Finished building target: frdmkw41z_wireless_examples_bluetooth_beacon_freertos.axf
 
/usr/bin/make --no-print-directory post-build
Performing post-build steps
arm-none-eabi-size "frdmkw41z_wireless_examples_bluetooth_beacon_freertos.axf"; # arm-none-eabi-objcopy -v -O binary "frdmkw41z_wireless_examples_bluetooth_beacon_freertos.axf" "frdmkw41z_wireless_examples_bluetooth_beacon_freertos.bin" ; # checksum -p MKW41Z512xxx4 -d "frdmkw41z_wireless_examples_bluetooth_beacon_freertos.bin";
   text	   data	    bss	    dec	    hex	filename
 193064	   1768	  21824	 216656	  34e50	frdmkw41z_wireless_examples_bluetooth_beacon_freertos.axf
 
23:01:53 **** Incremental Build of configuration Debug for project frdmkw41z_wireless_examples_bluetooth_beacon_freertos ****
make -r -j4 all 
make: Nothing to be done for `all'.
23:03:07 **** Incremental Build of configuration Debug for project fdrmkw41z_ble_observer ****
make -r -j4 all 
Building file: ../source/observer.c
Invoking: MCU C Compiler
arm-none-eabi-gcc -std=gnu99 -DCR_INTEGER_PRINTF -DDEBUG -DFSL_RTOS_FREE_RTOS -DFRDM_KW41Z -DFREEDOM -DSDK_DEBUGCONSOLE=0 -D__MCUXPRESSO -D__USE_CMSIS -DSDK_OS_FREE_RTOS -DCPU_MKW41Z512VHT4 -DCPU_MKW41Z512VHT4_cm0plus -D__REDLIB__ -I"C:\Users\Joe\OneDrive - University of Southampton\Real-Time-Systems-Lab-2\MCUXpresso\fdrmkw41z_ble_observer\source" -I"C:\Users\Joe\OneDrive - University of Southampton\Real-Time-Systems-Lab-2\MCUXpresso\fdrmkw41z_ble_observer" -I"C:\Users\Joe\OneDrive - University of Southampton\Real-Time-Systems-Lab-2\MCUXpresso\fdrmkw41z_ble_observer\drivers" -I"C:\Users\Joe\OneDrive - University of Southampton\Real-Time-Systems-Lab-2\MCUXpresso\fdrmkw41z_ble_observer\framework\ModuleInfo" -I"C:\Users\Joe\OneDrive - University of Southampton\Real-Time-Systems-Lab-2\MCUXpresso\fdrmkw41z_ble_observer\framework\XCVR\MKW41Z4" -I"C:\Users\Joe\OneDrive - University of Southampton\Real-Time-Systems-Lab-2\MCUXpresso\fdrmkw41z_ble_observer\bluetooth\profiles\battery" -I"C:\Users\Joe\OneDrive - University of Southampton\Real-Time-Systems-Lab-2\MCUXpresso\fdrmkw41z_ble_observer\utilities" -I"C:\Users\Joe\OneDrive - University of Southampton\Real-Time-Systems-Lab-2\MCUXpresso\fdrmkw41z_ble_observer\bluetooth\profiles\device_info" -I"C:\Users\Joe\OneDrive - University of Southampton\Real-Time-Systems-Lab-2\MCUXpresso\fdrmkw41z_ble_observer\bluetooth\hci_transport\interface" -I"C:\Users\Joe\OneDrive - University of Southampton\Real-Time-Systems-Lab-2\MCUXpresso\fdrmkw41z_ble_observer\bluetooth\controller\interface" -I"C:\Users\Joe\OneDrive - University of Southampton\Real-Time-Systems-Lab-2\MCUXpresso\fdrmkw41z_ble_observer\source\common" -I"C:\Users\Joe\OneDrive - University of Southampton\Real-Time-Systems-Lab-2\MCUXpresso\fdrmkw41z_ble_observer\framework\common" -I"C:\Users\Joe\OneDrive - University of Southampton\Real-Time-Systems-Lab-2\MCUXpresso\fdrmkw41z_ble_observer\framework\SerialManager\Source\I2C_Adapter" -I"C:\Users\Joe\OneDrive - University of Southampton\Real-Time-Systems-Lab-2\MCUXpresso\fdrmkw41z_ble_observer\framework\Panic\Interface" -I"C:\Users\Joe\OneDrive - University of Southampton\Real-Time-Systems-Lab-2\MCUXpresso\fdrmkw41z_ble_observer\framework\OSAbstraction\Interface" -I"C:\Users\Joe\OneDrive - University of Southampton\Real-Time-Systems-Lab-2\MCUXpresso\fdrmkw41z_ble_observer\framework\DCDC\Interface" -I"C:\Users\Joe\OneDrive - University of Southampton\Real-Time-Systems-Lab-2\MCUXpresso\fdrmkw41z_ble_observer\framework\RNG\Interface" -I"C:\Users\Joe\OneDrive - University of Southampton\Real-Time-Systems-Lab-2\MCUXpresso\fdrmkw41z_ble_observer\framework\MWSCoexistence\Interface" -I"C:\Users\Joe\OneDrive - University of Southampton\Real-Time-Systems-Lab-2\MCUXpresso\fdrmkw41z_ble_observer\source\common\gatt_db\macros" -I"C:\Users\Joe\OneDrive - University of Southampton\Real-Time-Systems-Lab-2\MCUXpresso\fdrmkw41z_ble_observer\source\common\gatt_db" -I"C:\Users\Joe\OneDrive - University of Southampton\Real-Time-Systems-Lab-2\MCUXpresso\fdrmkw41z_ble_observer\framework\FunctionLib" -I"C:\Users\Joe\OneDrive - University of Southampton\Real-Time-Systems-Lab-2\MCUXpresso\fdrmkw41z_ble_observer\bluetooth\host\interface" -I"C:\Users\Joe\OneDrive - University of Southampton\Real-Time-Systems-Lab-2\MCUXpresso\fdrmkw41z_ble_observer\bluetooth\host\config" -I"C:\Users\Joe\OneDrive - University of Southampton\Real-Time-Systems-Lab-2\MCUXpresso\fdrmkw41z_ble_observer\framework\LED\Interface" -I"C:\Users\Joe\OneDrive - University of Southampton\Real-Time-Systems-Lab-2\MCUXpresso\fdrmkw41z_ble_observer\freertos" -I"C:\Users\Joe\OneDrive - University of Southampton\Real-Time-Systems-Lab-2\MCUXpresso\fdrmkw41z_ble_observer\framework\Flash\Internal" -I"C:\Users\Joe\OneDrive - University of Southampton\Real-Time-Systems-Lab-2\MCUXpresso\fdrmkw41z_ble_observer\framework\SecLib" -I"C:\Users\Joe\OneDrive - University of Southampton\Real-Time-Systems-Lab-2\MCUXpresso\fdrmkw41z_ble_observer\bluetooth\profiles\heart_rate" -I"C:\Users\Joe\OneDrive - University of Southampton\Real-Time-Systems-Lab-2\MCUXpresso\fdrmkw41z_ble_observer\framework\Messaging\Interface" -I"C:\Users\Joe\OneDrive - University of Southampton\Real-Time-Systems-Lab-2\MCUXpresso\fdrmkw41z_ble_observer\board" -I"C:\Users\Joe\OneDrive - University of Southampton\Real-Time-Systems-Lab-2\MCUXpresso\fdrmkw41z_ble_observer\framework\Keyboard\Interface" -I"C:\Users\Joe\OneDrive - University of Southampton\Real-Time-Systems-Lab-2\MCUXpresso\fdrmkw41z_ble_observer\framework\Lists" -I"C:\Users\Joe\OneDrive - University of Southampton\Real-Time-Systems-Lab-2\MCUXpresso\fdrmkw41z_ble_observer\framework\GPIO" -I"C:\Users\Joe\OneDrive - University of Southampton\Real-Time-Systems-Lab-2\MCUXpresso\fdrmkw41z_ble_observer\framework\SerialManager\Source\UART_Adapter" -I"C:\Users\Joe\OneDrive - University of Southampton\Real-Time-Systems-Lab-2\MCUXpresso\fdrmkw41z_ble_observer\framework\MemManager\Interface" -I"C:\Users\Joe\OneDrive - University of Southampton\Real-Time-Systems-Lab-2\MCUXpresso\fdrmkw41z_ble_observer\framework\TimersManager\Interface" -I"C:\Users\Joe\OneDrive - University of Southampton\Real-Time-Systems-Lab-2\MCUXpresso\fdrmkw41z_ble_observer\framework\TimersManager\Source" -I"C:\Users\Joe\OneDrive - University of Southampton\Real-Time-Systems-Lab-2\MCUXpresso\fdrmkw41z_ble_observer\CMSIS" -I"C:\Users\Joe\OneDrive - University of Southampton\Real-Time-Systems-Lab-2\MCUXpresso\fdrmkw41z_ble_observer\framework\SerialManager\Source\SPI_Adapter" -I"C:\Users\Joe\OneDrive - University of Southampton\Real-Time-Systems-Lab-2\MCUXpresso\fdrmkw41z_ble_observer\framework\SerialManager\Interface" -O0 -fno-common -g -Wall -c  -ffunction-sections  -fdata-sections  -ffreestanding  -fno-builtin -imacros "C:/Users/Joe/OneDrive - University of Southampton/Real-Time-Systems-Lab-2/MCUXpresso/fdrmkw41z_ble_observer/source/app_preinclude.h" -mcpu=cortex-m0plus -mthumb -D__REDLIB__ -specs=redlib.specs -MMD -MP -MF"source/observer.d" -MT"source/observer.o" -MT"source/observer.d" -o "source/observer.o" "../source/observer.c"
../source/observer.c: In function 'BleApp_ScanningCallback':
../source/observer.c:252:41: warning: missing braces around initializer [-Wmissing-braces]
    bleDeviceAddress_t beaconAddress[] = {0x0E, 0x21, 0x00, 0x2F, 0x62, 0x00};
                                         ^
../source/observer.c:252:41: note: (near initialization for 'beaconAddress')
../source/observer.c:253:24: warning: comparison of distinct pointer types lacks a cast
    if (device.aAddress == beaconAddress){
                        ^
../source/observer.c:251:8: warning: variable 'test' set but not used [-Wunused-but-set-variable]
    int test = 0;
        ^
../source/observer.c:245:2: warning: enumeration value 'gScanCommandFailed_c' not handled in switch [-Wswitch]
  switch (pScanningEvent->eventType)
  ^
../source/observer.c: At top level:
../source/observer.c:230:13: warning: 'BleApp_Advertise' defined but not used [-Wunused-function]
 static void BleApp_Advertise(void)
             ^
Finished building: ../source/observer.c
 
Building target: fdrmkw41z_ble_observer.axf
Invoking: MCU Linker
arm-none-eabi-gcc -L"C:\Users\Joe\OneDrive - University of Southampton\Real-Time-Systems-Lab-2\MCUXpresso\fdrmkw41z_ble_observer\libs" -Xlinker -Map="fdrmkw41z_ble_observer.map" -Xlinker --gc-sections -Xlinker -print-memory-usage -mcpu=cortex-m0plus -mthumb -T MKW41Z512xxx4_connectivity.ld -L ../source -o "fdrmkw41z_ble_observer.axf"  ./utilities/fsl_debug_console.o  ./startup/startup_MKW41Z4.o  ./source/common/gatt_db/gatt_database.o  ./source/common/ApplMain.o ./source/common/ble_conn_manager.o ./source/common/ble_controller_task.o ./source/common/ble_host_tasks.o ./source/common/ble_init.o  ./source/app_config.o ./source/mtb.o ./source/observer.o  ./freertos/croutine.o ./freertos/event_groups.o ./freertos/fsl_tickless_lptmr.o ./freertos/fsl_tickless_systick.o ./freertos/heap_4.o ./freertos/list.o ./freertos/port.o ./freertos/queue.o ./freertos/tasks.o ./freertos/timers.o  ./framework/XCVR/MKW41Z4/cfgs_kw4x_3x_2x/fsl_xcvr_ant_config.o ./framework/XCVR/MKW41Z4/cfgs_kw4x_3x_2x/fsl_xcvr_ble_config.o ./framework/XCVR/MKW41Z4/cfgs_kw4x_3x_2x/fsl_xcvr_common_config.o ./framework/XCVR/MKW41Z4/cfgs_kw4x_3x_2x/fsl_xcvr_gfsk_bt_0p3_h_0p5_config.o ./framework/XCVR/MKW41Z4/cfgs_kw4x_3x_2x/fsl_xcvr_gfsk_bt_0p5_h_0p32_config.o ./framework/XCVR/MKW41Z4/cfgs_kw4x_3x_2x/fsl_xcvr_gfsk_bt_0p5_h_0p5_config.o ./framework/XCVR/MKW41Z4/cfgs_kw4x_3x_2x/fsl_xcvr_gfsk_bt_0p5_h_0p7_config.o ./framework/XCVR/MKW41Z4/cfgs_kw4x_3x_2x/fsl_xcvr_gfsk_bt_0p5_h_1p0_config.o ./framework/XCVR/MKW41Z4/cfgs_kw4x_3x_2x/fsl_xcvr_gfsk_bt_0p7_h_0p5_config.o ./framework/XCVR/MKW41Z4/cfgs_kw4x_3x_2x/fsl_xcvr_mode_datarate_config.o ./framework/XCVR/MKW41Z4/cfgs_kw4x_3x_2x/fsl_xcvr_msk_config.o ./framework/XCVR/MKW41Z4/cfgs_kw4x_3x_2x/fsl_xcvr_zgbe_config.o  ./framework/XCVR/MKW41Z4/dbg_ram_capture.o ./framework/XCVR/MKW41Z4/fsl_xcvr.o ./framework/XCVR/MKW41Z4/fsl_xcvr_trim.o ./framework/XCVR/MKW41Z4/ifr_radio.o  ./framework/TimersManager/Source/TMR_Adapter.o ./framework/TimersManager/Source/TimersManager.o  ./framework/SerialManager/Source/UART_Adapter/UART_Adapter.o  ./framework/SerialManager/Source/SPI_Adapter/SPI_Adapter.o  ./framework/SerialManager/Source/I2C_Adapter/I2C_Adapter.o  ./framework/SerialManager/Source/SerialManager.o  ./framework/SecLib/SecLib.o  ./framework/Reset/Reset.o  ./framework/RNG/Source/RNG.o  ./framework/Panic/Source/Panic.o  ./framework/OSAbstraction/Source/fsl_os_abstraction_free_rtos.o  ./framework/ModuleInfo/ModuleInfo.o  ./framework/Messaging/Source/Messaging.o  ./framework/MemManager/Source/MemManager.o  ./framework/MWSCoexistence/Source/MWS.o  ./framework/Lists/GenericList.o  ./framework/LED/Source/LED.o  ./framework/Keyboard/Source/Keyboard.o  ./framework/GPIO/GPIO_Adapter.o  ./framework/FunctionLib/FunctionLib.o  ./framework/Flash/Internal/Flash_Adapter.o  ./framework/DCDC/Source/DCDC.o  ./drivers/fsl_adc16.o ./drivers/fsl_clock.o ./drivers/fsl_common.o ./drivers/fsl_dspi.o ./drivers/fsl_dspi_freertos.o ./drivers/fsl_flash.o ./drivers/fsl_gpio.o ./drivers/fsl_i2c.o ./drivers/fsl_i2c_freertos.o ./drivers/fsl_llwu.o ./drivers/fsl_lptmr.o ./drivers/fsl_lpuart.o ./drivers/fsl_lpuart_freertos.o ./drivers/fsl_ltc.o ./drivers/fsl_pmc.o ./drivers/fsl_rtc.o ./drivers/fsl_smc.o ./drivers/fsl_tpm.o ./drivers/fsl_trng.o  ./board/board.o ./board/clock_config.o ./board/gpio_pins.o ./board/pin_mux.o  ./bluetooth/profiles/heart_rate/heart_rate_service.o  ./bluetooth/profiles/device_info/device_info_service.o  ./bluetooth/profiles/battery/battery_service.o  ./bluetooth/host/config/ble_globals.o  ./bluetooth/hci_transport/source/hcit_serial_interface.o  ./CMSIS/system_MKW41Z4.o   -lm -lc -lgcc -lnosys -l_ble_kw41z_controller -l_ble_4-2_host_cm0p -l_crypto_m0
Memory region         Used Size  Region Size  %age Used
    TEXT_region1:         192 B         1 KB     18.75%
m_flash_config_region:          16 B         16 B    100.00%
    TEXT_region2:      190083 B     513006 B     37.05%
      NVM_region:          0 GB       8191 B      0.00%
     DATA_region:       23520 B       128 KB     17.94%
PRODUCT_INFO_region:          0 GB       2047 B      0.00%
Finished building target: fdrmkw41z_ble_observer.axf
 
/bin/make --no-print-directory post-build
Performing post-build steps
arm-none-eabi-size "fdrmkw41z_ble_observer.axf"; # arm-none-eabi-objcopy -v -O binary "fdrmkw41z_ble_observer.axf" "fdrmkw41z_ble_observer.bin" ; # checksum -p MKW41Z512xxx4 -d "fdrmkw41z_ble_observer.bin";
   text	   data	    bss	    dec	    hex	filename
 190264	   1728	  21808	 213800	  34328	fdrmkw41z_ble_observer.axf
 
23:03:17 **** Incremental Build of configuration Debug for project fdrmkw41z_ble_observer ****
make -r -j4 all 
make: Nothing to be done for `all'.
23:06:41 **** Incremental Build of configuration Debug for project fdrmkw41z_ble_observer ****
make -r -j4 all 
make: Nothing to be done for `all'.
23:06:47 **** Incremental Build of configuration Debug for project fdrmkw41z_ble_observer ****
make -r -j4 all 
make: Nothing to be done for `all'.
