Component: ARM Compiler 5.06 update 5 (build 528) Tool: armlink [4d35e2]

==============================================================================

Section Cross References

    mbed/TARGET_KW41Z/TOOLCHAIN_ARM_STD/analogin_api.o(i.analogin_init) refers to mbed/TARGET_KW41Z/TOOLCHAIN_ARM_STD/mbed.ar(mbed_pinmap_common.o)(i.pinmap_peripheral) for pinmap_peripheral
    mbed/TARGET_KW41Z/TOOLCHAIN_ARM_STD/analogin_api.o(i.analogin_init) refers to mbed/TARGET_KW41Z/TOOLCHAIN_ARM_STD/mbed.ar(mbed_assert.o)(i.mbed_assert_internal) for mbed_assert_internal
    mbed/TARGET_KW41Z/TOOLCHAIN_ARM_STD/analogin_api.o(i.analogin_init) refers to mbed/TARGET_KW41Z/TOOLCHAIN_ARM_STD/fsl_clock.o(i.CLOCK_GetFreq) for CLOCK_GetFreq
    mbed/TARGET_KW41Z/TOOLCHAIN_ARM_STD/analogin_api.o(i.analogin_init) refers to mbed/TARGET_KW41Z/TOOLCHAIN_ARM_STD/fsl_adc16.o(i.ADC16_GetDefaultConfig) for ADC16_GetDefaultConfig
    mbed/TARGET_KW41Z/TOOLCHAIN_ARM_STD/analogin_api.o(i.analogin_init) refers to mbed/TARGET_KW41Z/TOOLCHAIN_ARM_STD/fsl_adc16.o(i.ADC16_Init) for ADC16_Init
    mbed/TARGET_KW41Z/TOOLCHAIN_ARM_STD/analogin_api.o(i.analogin_init) refers to mbed/TARGET_KW41Z/TOOLCHAIN_ARM_STD/fsl_adc16.o(i.ADC16_SetHardwareAverage) for ADC16_SetHardwareAverage
    mbed/TARGET_KW41Z/TOOLCHAIN_ARM_STD/analogin_api.o(i.analogin_init) refers to mbed/TARGET_KW41Z/TOOLCHAIN_ARM_STD/mbed.ar(mbed_pinmap_common.o)(i.pinmap_pinout) for pinmap_pinout
    mbed/TARGET_KW41Z/TOOLCHAIN_ARM_STD/analogin_api.o(i.analogin_init) refers to mbed/TARGET_KW41Z/TOOLCHAIN_ARM_STD/PeripheralPins.o(.constdata) for PinMap_ADC
    mbed/TARGET_KW41Z/TOOLCHAIN_ARM_STD/analogin_api.o(i.analogin_init) refers to mbed/TARGET_KW41Z/TOOLCHAIN_ARM_STD/analogin_api.o(.conststring) for .conststring
    mbed/TARGET_KW41Z/TOOLCHAIN_ARM_STD/analogin_api.o(i.analogin_init) refers to mbed/TARGET_KW41Z/TOOLCHAIN_ARM_STD/analogin_api.o(.constdata) for .constdata
    mbed/TARGET_KW41Z/TOOLCHAIN_ARM_STD/analogin_api.o(i.analogin_read) refers to mbed/TARGET_KW41Z/TOOLCHAIN_ARM_STD/fsl_adc16.o(i.ADC16_SetChannelMuxMode) for ADC16_SetChannelMuxMode
    mbed/TARGET_KW41Z/TOOLCHAIN_ARM_STD/analogin_api.o(i.analogin_read) refers to mbed/TARGET_KW41Z/TOOLCHAIN_ARM_STD/fsl_adc16.o(i.ADC16_SetChannelConfig) for ADC16_SetChannelConfig
    mbed/TARGET_KW41Z/TOOLCHAIN_ARM_STD/analogin_api.o(i.analogin_read) refers to mbed/TARGET_KW41Z/TOOLCHAIN_ARM_STD/fsl_adc16.o(i.ADC16_GetChannelStatusFlags) for ADC16_GetChannelStatusFlags
    mbed/TARGET_KW41Z/TOOLCHAIN_ARM_STD/analogin_api.o(i.analogin_read) refers to C:\Keil_v5\ARM\ARMCC\Bin\..\lib\armlib\fz_ps.l(fflti.o)(.text) for __aeabi_ui2f
    mbed/TARGET_KW41Z/TOOLCHAIN_ARM_STD/analogin_api.o(i.analogin_read) refers to C:\Keil_v5\ARM\ARMCC\Bin\..\lib\armlib\fz_ps.l(fmul.o)(x$fpl$fmul) for __aeabi_fmul
    mbed/TARGET_KW41Z/TOOLCHAIN_ARM_STD/analogin_api.o(i.analogin_read) refers to mbed/TARGET_KW41Z/TOOLCHAIN_ARM_STD/analogin_api.o(.constdata) for .constdata
    mbed/TARGET_KW41Z/TOOLCHAIN_ARM_STD/analogin_api.o(i.analogin_read_u16) refers to mbed/TARGET_KW41Z/TOOLCHAIN_ARM_STD/fsl_adc16.o(i.ADC16_SetChannelMuxMode) for ADC16_SetChannelMuxMode
    mbed/TARGET_KW41Z/TOOLCHAIN_ARM_STD/analogin_api.o(i.analogin_read_u16) refers to mbed/TARGET_KW41Z/TOOLCHAIN_ARM_STD/fsl_adc16.o(i.ADC16_SetChannelConfig) for ADC16_SetChannelConfig
    mbed/TARGET_KW41Z/TOOLCHAIN_ARM_STD/analogin_api.o(i.analogin_read_u16) refers to mbed/TARGET_KW41Z/TOOLCHAIN_ARM_STD/fsl_adc16.o(i.ADC16_GetChannelStatusFlags) for ADC16_GetChannelStatusFlags
    mbed/TARGET_KW41Z/TOOLCHAIN_ARM_STD/analogin_api.o(i.analogin_read_u16) refers to mbed/TARGET_KW41Z/TOOLCHAIN_ARM_STD/analogin_api.o(.constdata) for .constdata
    mbed/TARGET_KW41Z/TOOLCHAIN_ARM_STD/analogout_api.o(i.analogout_init) refers to mbed/TARGET_KW41Z/TOOLCHAIN_ARM_STD/mbed.ar(mbed_pinmap_common.o)(i.pinmap_peripheral) for pinmap_peripheral
    mbed/TARGET_KW41Z/TOOLCHAIN_ARM_STD/analogout_api.o(i.analogout_init) refers to mbed/TARGET_KW41Z/TOOLCHAIN_ARM_STD/mbed.ar(mbed_error.o)(i.error) for error
    mbed/TARGET_KW41Z/TOOLCHAIN_ARM_STD/analogout_api.o(i.analogout_init) refers to mbed/TARGET_KW41Z/TOOLCHAIN_ARM_STD/fsl_dac.o(i.DAC_GetDefaultConfig) for DAC_GetDefaultConfig
    mbed/TARGET_KW41Z/TOOLCHAIN_ARM_STD/analogout_api.o(i.analogout_init) refers to mbed/TARGET_KW41Z/TOOLCHAIN_ARM_STD/fsl_dac.o(i.DAC_Init) for DAC_Init
    mbed/TARGET_KW41Z/TOOLCHAIN_ARM_STD/analogout_api.o(i.analogout_init) refers to mbed/TARGET_KW41Z/TOOLCHAIN_ARM_STD/fsl_dac.o(i.DAC_SetBufferValue) for DAC_SetBufferValue
    mbed/TARGET_KW41Z/TOOLCHAIN_ARM_STD/analogout_api.o(i.analogout_init) refers to mbed/TARGET_KW41Z/TOOLCHAIN_ARM_STD/PeripheralPins.o(.constdata) for PinMap_DAC
    mbed/TARGET_KW41Z/TOOLCHAIN_ARM_STD/analogout_api.o(i.analogout_init) refers to mbed/TARGET_KW41Z/TOOLCHAIN_ARM_STD/analogout_api.o(.constdata) for .constdata
[...]
    CLOCK_GetFreq                            0x00002cdd   Thumb Code   260  mbed/TARGET_KW41Z/TOOLCHAIN_ARM_STD/fsl_clock.o(i.CLOCK_GetFreq)
    CLOCK_GetOutClkFreq                      0x00002e09   Thumb Code   134  mbed/TARGET_KW41Z/TOOLCHAIN_ARM_STD/fsl_clock.o(i.CLOCK_GetOutClkFreq)
    CLOCK_InitOsc0                           0x00002eb1   Thumb Code    62  mbed/TARGET_KW41Z/TOOLCHAIN_ARM_STD/fsl_clock.o(i.CLOCK_InitOsc0)
    CLOCK_SetFeeMode                         0x00002f0d   Thumb Code    96  mbed/TARGET_KW41Z/TOOLCHAIN_ARM_STD/fsl_clock.o(i.CLOCK_SetFeeMode)
    CLOCK_SetInternalRefClkConfig            0x00002f71   Thumb Code   116  mbed/TARGET_KW41Z/TOOLCHAIN_ARM_STD/fsl_clock.o(i.CLOCK_SetInternalRefClkConfig)
    CLOCK_SetSimConfig                       0x00002fe9   Thumb Code    28  mbed/TARGET_KW41Z/TOOLCHAIN_ARM_STD/fsl_clock.o(i.CLOCK_SetSimConfig)
    DMA0_DriverIRQHandler                    0x0000300d   Thumb Code    12  mbed/TARGET_KW41Z/TOOLCHAIN_ARM_STD/fsl_edma.o(i.DMA0_DriverIRQHandler)
    DMA1_DriverIRQHandler                    0x0000301d   Thumb Code    12  mbed/TARGET_KW41Z/TOOLCHAIN_ARM_STD/fsl_edma.o(i.DMA1_DriverIRQHandler)
    DMA2_DriverIRQHandler                    0x0000302d   Thumb Code    12  mbed/TARGET_KW41Z/TOOLCHAIN_ARM_STD/fsl_edma.o(i.DMA2_DriverIRQHandler)
    DMA3_DriverIRQHandler                    0x0000303d   Thumb Code    12  mbed/TARGET_KW41Z/TOOLCHAIN_ARM_STD/fsl_edma.o(i.DMA3_DriverIRQHandler)
    EDMA_HandleIRQ                           0x0000304d   Thumb Code   158  mbed/TARGET_KW41Z/TOOLCHAIN_ARM_STD/fsl_edma.o(i.EDMA_HandleIRQ)
    I2C0_DriverIRQHandler                    0x00003109   Thumb Code    28  mbed/TARGET_KW41Z/TOOLCHAIN_ARM_STD/fsl_i2c.o(i.I2C0_DriverIRQHandler)
    I2C1_DriverIRQHandler                    0x00003131   Thumb Code    28  mbed/TARGET_KW41Z/TOOLCHAIN_ARM_STD/fsl_i2c.o(i.I2C1_DriverIRQHandler)
    LPTMR_GetDefaultConfig                   0x00003159   Thumb Code    36  mbed/TARGET_KW41Z/TOOLCHAIN_ARM_STD/fsl_lptmr.o(i.LPTMR_GetDefaultConfig)
    LPTMR_Init                               0x00003189   Thumb Code   112  mbed/TARGET_KW41Z/TOOLCHAIN_ARM_STD/fsl_lptmr.o(i.LPTMR_Init)
    LPUART0_DriverIRQHandler                 0x00003239   Thumb Code    12  mbed/TARGET_KW41Z/TOOLCHAIN_ARM_STD/fsl_lpuart.o(i.LPUART0_DriverIRQHandler)
    LPUART_ClearStatusFlags                  0x0000324d   Thumb Code    50  mbed/TARGET_KW41Z/TOOLCHAIN_ARM_STD/fsl_lpuart.o(i.LPUART_ClearStatusFlags)
    LPUART_DisableInterrupts                 0x00003289   Thumb Code    24  mbed/TARGET_KW41Z/TOOLCHAIN_ARM_STD/fsl_lpuart.o(i.LPUART_DisableInterrupts)
    LPUART_EnableInterrupts                  0x000032a1   Thumb Code    24  mbed/TARGET_KW41Z/TOOLCHAIN_ARM_STD/fsl_lpuart.o(i.LPUART_EnableInterrupts)
    LPUART_GetDefaultConfig                  0x000032b9   Thumb Code    40  mbed/TARGET_KW41Z/TOOLCHAIN_ARM_STD/fsl_lpuart.o(i.LPUART_GetDefaultConfig)
    LPUART_GetEnabledInterrupts              0x000032ed   Thumb Code    18  mbed/TARGET_KW41Z/TOOLCHAIN_ARM_STD/fsl_lpuart.o(i.LPUART_GetEnabledInterrupts)
    LPUART_GetInstance                       0x00003305   Thumb Code    26  mbed/TARGET_KW41Z/TOOLCHAIN_ARM_STD/fsl_lpuart.o(i.LPUART_GetInstance)
    LPUART_GetStatusFlags                    0x00003351   Thumb Code     4  mbed/TARGET_KW41Z/TOOLCHAIN_ARM_STD/fsl_lpuart.o(i.LPUART_GetStatusFlags)
    LPUART_Init                              0x00003355   Thumb Code   394  mbed/TARGET_KW41Z/TOOLCHAIN_ARM_STD/fsl_lpuart.o(i.LPUART_Init)
    LPUART_ReadBlocking                      0x00003521   Thumb Code   168  mbed/TARGET_KW41Z/TOOLCHAIN_ARM_STD/fsl_lpuart.o(i.LPUART_ReadBlocking)
    LPUART_SetBaudRate                       0x000035e9   Thumb Code   222  mbed/TARGET_KW41Z/TOOLCHAIN_ARM_STD/fsl_lpuart.o(i.LPUART_SetBaudRate)
    NMI_Handler                              0x000036e1   Thumb Code    12  mbed/TARGET_KW41Z/TOOLCHAIN_ARM_STD/mbed_overrides.o(i.NMI_Handler)
    PIT_Init                                 0x000036f1   Thumb Code    82  mbed/TARGET_KW41Z/TOOLCHAIN_ARM_STD/fsl_pit.o(i.PIT_Init)
    SPI0_DriverIRQHandler                    0x00003785   Thumb Code    42  mbed/TARGET_KW41Z/TOOLCHAIN_ARM_STD/fsl_dspi.o(i.SPI0_DriverIRQHandler)
    SPI1_DriverIRQHandler                    0x000037d5   Thumb Code    42  mbed/TARGET_KW41Z/TOOLCHAIN_ARM_STD/fsl_dspi.o(i.SPI1_DriverIRQHandler)
    SystemInit                               0x00003825   Thumb Code     8  mbed/TARGET_KW41Z/TOOLCHAIN_ARM_STD/system_MKW41Z4.o(i.SystemInit)
    ICMPpacket()                             0x00003831   Thumb Code   188  .\build\ppp-blinky.o(i._Z10ICMPpacketv)
    IGMPpacket()                             0x000038f1   Thumb Code     2  .\build\ppp-blinky.o(i._Z10IGMPpacketv)
    LCPconfAck()                             0x000038f3   Thumb Code     2  .\build\ppp-blinky.o(i._Z10LCPconfAckv)
    LCPconfReq()                             0x000038f5   Thumb Code    90  .\build\ppp-blinky.o(i._Z10LCPconfReqv)
    SHA1Update(SHA1_CTX*, const unsigned char*, unsigned) 0x00003955   Thumb Code   118  .\build\sha1.o(i._Z10SHA1UpdateP8SHA1_CTXPKhj)
    bufferToIP(char*)                        0x000039cb   Thumb Code    28  .\build\ppp-blinky.o(i._Z10bufferToIPPc)
    led1Toggle()                             0x000039e9   Thumb Code    28  .\build\ppp-blinky.o(i._Z10led1Togglev)
    tcpHandler()                             0x00003a0d   Thumb Code   590  .\build\ppp-blinky.o(i._Z10tcpHandlerv)
    dumpDataTCP(int)                         0x00003c6d   Thumb Code     2  .\build\ppp-blinky.o(i._Z11dumpDataTCPi)
    sendUdpData()                            0x00003c6f   Thumb Code     2  .\build\ppp-blinky.o(i._Z11sendUdpDatav)
    swapIpPorts()                            0x00003c71   Thumb Code    58  .\build\ppp-blinky.o(i._Z11swapIpPortsv)
    tcpResponse(char*, int, int*)            0x00003cb1   Thumb Code   122  .\build\ppp-blinky.o(i._Z11tcpResponsePciPi)
    connectedPpp()                           0x00003d35   Thumb Code     6  .\build\ppp-blinky.o(i._Z12connectedPppv)
    dataCheckSum(char*, int, int)            0x00003d41   Thumb Code   120  .\build\ppp-blinky.o(i._Z12dataCheckSumPcii)
    dumpHeaderIP(int)                        0x00003dbd   Thumb Code     2  .\build\ppp-blinky.o(i._Z12dumpHeaderIPi)
    dumpPPPFrame()                           0x00003dc1   Thumb Code    82  .\build\ppp-blinky.o(i._Z12dumpPPPFramev)
    httpResponse(char*, int*)                0x00003e35   Thumb Code   366  .\build\ppp-blinky.o(i._Z12httpResponsePcPi)
    sendPppFrame()                           0x00004129   Thumb Code   106  .\build\ppp-blinky.o(i._Z12sendPppFramev)
    SHA1Transform(unsigned*, const unsigned char*) 0x0000419d   Thumb Code  5686  .\build\sha1.o(i._Z13SHA1TransformPjPKh)
    dumpHeaderTCP(int)                       0x000057d9   Thumb Code     2  .\build\ppp-blinky.o(i._Z13dumpHeaderTCPi)
    initializePpp()                          0x000057dd   Thumb Code   108  .\build\ppp-blinky.o(i._Z13initializePppv)
    otherProtocol()                          0x00005855   Thumb Code     2  .\build\ppp-blinky.o(i._Z13otherProtocolv)
    pppInitStruct()                          0x00005859   Thumb Code    80  .\build\ppp-blinky.o(i._Z13pppInitStructv)
    discardedFrame()                         0x000058b9   Thumb Code     2  .\build\ppp-blinky.o(i._Z14discardedFramev)
    ipcpAckHandler()                         0x000058bb   Thumb Code     2  .\build\ppp-blinky.o(i._Z14ipcpAckHandlerv)
    ipcpNackHandler()                        0x000058bd   Thumb Code    36  .\build\ppp-blinky.o(i._Z15ipcpNackHandlerv)
    processPPPFrame(int, int)                0x000058e5   Thumb Code   224  .\build\ppp-blinky.o(i._Z15processPPPFrameii)
    swapIpAddresses()                        0x000059f9   Thumb Code    26  .\build\ppp-blinky.o(i._Z15swapIpAddressesv)
    waitForPppFrame()                        0x00005a19   Thumb Code   100  .\build\ppp-blinky.o(i._Z15waitForPppFramev)
    IpHeaderCheckSum()                       0x00005a89   Thumb Code    70  .\build\ppp-blinky.o(i._Z16IpHeaderCheckSumv)
    webSocketHandler(char*)                  0x00005ad5   Thumb Code   262  .\build\ppp-blinky.o(i._Z16webSocketHandlerPc)
    pppReceiveHandler()                      0x00005cdd   Thumb Code    88  .\build\ppp-blinky.o(i._Z17pppReceiveHandlerv)
    ipcpDefaultHandler()                     0x00005d41   Thumb Code     2  .\build\ppp-blinky.o(i._Z18ipcpDefaultHandlerv)
    determinePacketType()                    0x00005d45   Thumb Code    94  .\build\ppp-blinky.o(i._Z19determinePacketTypev)
    checkSumPseudoHeader(unsigned)           0x00005dad   Thumb Code    90  .\build\ppp-blinky.o(i._Z20checkSumPseudoHeaderj)
    putsWhileCheckingInput(char*)            0x00005e0d   Thumb Code     2  .\build\ppp-blinky.o(i._Z22putsWhileCheckingInputPc)
    waitForPcConnectString()                 0x00005e11   Thumb Code    56  .\build\ppp-blinky.o(i._Z22waitForPcConnectStringv)
    ipcpConfigRequestHandler()               0x00005e69   Thumb Code   104  .\build\ppp-blinky.o(i._Z24ipcpConfigRequestHandlerv)
    pcPutcWhileCheckingInput(int)            0x00005ed9   Thumb Code    22  .\build\ppp-blinky.o(i._Z24pcPutcWhileCheckingInputi)
    sha1(char*, const char*, int)            0x00005ef5   Thumb Code    48  .\build\sha1.o(i._Z4sha1PcPKci)
    enc64(char*, char*, int)                 0x00005f25   Thumb Code   180  .\build\ppp-blinky.o(i._Z5enc64PcS_i)
    fcsDo(int)                               0x00005fdd   Thumb Code    60  .\build\ppp-blinky.o(i._Z5fcsDoi)
    LCPend()                                 0x00006021   Thumb Code    36  .\build\ppp-blinky.o(i._Z6LCPendv)
    fcsBuf(char*, int)                       0x00006049   Thumb Code    34  .\build\ppp-blinky.o(i._Z6fcsBufPci)
    initIP(unsigned, unsigned, unsigned, unsigned, unsigned) 0x00006071   Thumb Code   322  .\build\ppp-blinky.o(i._Z6initIPjjjjj)
    IPframe()                                0x000061bd   Thumb Code    64  .\build\ppp-blinky.o(i._Z7IPframev)
    checkPc()                                0x00006201   Thumb Code     2  .\build\ppp-blinky.o(i._Z7checkPcv)
    hdlcPut(int)                             0x00006203   Thumb Code    42  .\build\ppp-blinky.o(i._Z7hdlcPuti)
    sendUdp(unsigned, unsigned, unsigned, unsigned, char*, int) 0x0000622d   Thumb Code   210  .\build\ppp-blinky.o(i._Z7sendUdpjjjjPci)
    LCPframe()                               0x00006309   Thumb Code    50  .\build\ppp-blinky.o(i._Z8LCPframev)
    LCPother()                               0x00006341   Thumb Code     8  .\build\ppp-blinky.o(i._Z8LCPotherv)
    SHA1Init(SHA1_CTX*)                      0x00006349   Thumb Code    32  .\build\sha1.o(i._Z8SHA1InitP8SHA1_CTX)
    fcsReset()                               0x00006375   Thumb Code     8  .\build\ppp-blinky.o(i._Z8fcsResetv)
    IPCPframe()                              0x00006385   Thumb Code    50  .\build\ppp-blinky.o(i._Z9IPCPframev)
    SHA1Final(unsigned char*, SHA1_CTX*)     0x000063bd   Thumb Code   152  .\build\sha1.o(i._Z9SHA1FinalPhP8SHA1_CTX)
    TCPpacket()                              0x00006455   Thumb Code    26  .\build\ppp-blinky.o(i._Z9TCPpacketv)
    UDPpacket()                              0x00006471   Thumb Code   396  .\build\ppp-blinky.o(i._Z9UDPpacketv)
    pc_getBuf()                              0x00006651   Thumb Code    32  .\build\ppp-blinky.o(i._Z9pc_getBufv)
    mbed::DigitalOut::DigitalOut(PinName)    0x00006679   Thumb Code    22  .\build\ppp-blinky.o(i._ZN4mbed10DigitalOutC1E7PinName)
    mbed::DigitalOut::DigitalOut__sub_object(PinName) 0x00006679   Thumb Code     0  .\build\ppp-blinky.o(i._ZN4mbed10DigitalOutC1E7PinName)
    mbed::DigitalOut::operator =(int)        0x0000668f   Thumb Code    22  .\build\ppp-blinky.o(i._ZN4mbed10DigitalOutaSEi)
    mbed::SerialBase::_base_getc()           0x000066a5   Thumb Code    10  mbed/TARGET_KW41Z/TOOLCHAIN_ARM_STD/mbed.ar(SerialBase.o)(i._ZN4mbed10SerialBase10_base_getcEv)
    mbed::SerialBase::_base_putc(int)        0x000066af   Thumb Code    14  mbed/TARGET_KW41Z/TOOLCHAIN_ARM_STD/mbed.ar(SerialBase.o)(i._ZN4mbed10SerialBase10_base_putcEi)
    mbed::SerialBase::_irq_handler(unsigned, SerialIrq) 0x000066bd   Thumb Code    18  mbed/TARGET_KW41Z/TOOLCHAIN_ARM_STD/mbed.ar(SerialBase.o)(i._ZN4mbed10SerialBase12_irq_handlerEj9SerialIrq)
    mbed::SerialBase::baud(int)              0x000066cf   Thumb Code    34  mbed/TARGET_KW41Z/TOOLCHAIN_ARM_STD/mbed.ar(SerialBase.o)(i._ZN4mbed10SerialBase4baudEi)
    mbed::SerialBase::lock()                 0x000066f1   Thumb Code     2  mbed/TARGET_KW41Z/TOOLCHAIN_ARM_STD/mbed.ar(SerialBase.o)(i._ZN4mbed10SerialBase4lockEv)
    mbed::SerialBase::attach(mbed::Callback<void()>, mbed::SerialBase::IrqType) 0x000066f3   Thumb Code   184  mbed/TARGET_KW41Z/TOOLCHAIN_ARM_STD/mbed.ar(SerialBase.o)(i._ZN4mbed10SerialBase6attachENS_8CallbackIFvvEEENS0_7IrqTypeE)
    mbed::SerialBase::unlock()               0x000067ab   Thumb Code     2  mbed/TARGET_KW41Z/TOOLCHAIN_ARM_STD/mbed.ar(SerialBase.o)(i._ZN4mbed10SerialBase6unlockEv)
    mbed::SerialBase::readable()             0x000067ad   Thumb Code    32  mbed/TARGET_KW41Z/TOOLCHAIN_ARM_STD/mbed.ar(SerialBase.o)(i._ZN4mbed10SerialBase8readableEv)
    mbed::SerialBase::SerialBase(PinName, PinName, int) 0x000067cd   Thumb Code   138  mbed/TARGET_KW41Z/TOOLCHAIN_ARM_STD/mbed.ar(SerialBase.o)(i._ZN4mbed10SerialBaseC1E7PinNameS1_i)
    mbed::SerialBase::SerialBase__sub_object(PinName, PinName, int) 0x000067cd   Thumb Code     0  mbed/TARGET_KW41Z/TOOLCHAIN_ARM_STD/mbed.ar(SerialBase.o)(i._ZN4mbed10SerialBaseC1E7PinNameS1_i)
    mbed::SerialBase::~SerialBase()          0x00006865   Thumb Code   246  mbed/TARGET_KW41Z/TOOLCHAIN_ARM_STD/mbed.ar(SerialBase.o)(i._ZN4mbed10SerialBaseD1Ev)
    mbed::SerialBase::~SerialBase__sub_object() 0x00006865   Thumb Code     0  mbed/TARGET_KW41Z/TOOLCHAIN_ARM_STD/mbed.ar(SerialBase.o)(i._ZN4mbed10SerialBaseD1Ev)
    mbed::FileBase::getPathType()            0x00006965   Thumb Code     4  mbed/TARGET_KW41Z/TOOLCHAIN_ARM_STD/mbed.ar(FileBase.o)(i._ZN4mbed8FileBase11getPathTypeEv)
    mbed::FileBase::lookup(const char*, unsigned) 0x00006969   Thumb Code    96  mbed/TARGET_KW41Z/TOOLCHAIN_ARM_STD/mbed.ar(FileBase.o)(i._ZN4mbed8FileBase6lookupEPKcj)
    mbed::FilePath::fileSystem()             0x000069d9   Thumb Code    32  mbed/TARGET_KW41Z/TOOLCHAIN_ARM_STD/mbed.ar(FilePath.o)(i._ZN4mbed8FilePath10fileSystemEv)
    mbed::FilePath::file()                   0x000069f9   Thumb Code    32  mbed/TARGET_KW41Z/TOOLCHAIN_ARM_STD/mbed.ar(FilePath.o)(i._ZN4mbed8FilePath4fileEv)
    mbed::FilePath::exists()                 0x00006a19   Thumb Code    10  mbed/TARGET_KW41Z/TOOLCHAIN_ARM_STD/mbed.ar(FilePath.o)(i._ZN4mbed8FilePath6existsEv)
    mbed::FilePath::isFile()                 0x00006a23   Thumb Code    24  mbed/TARGET_KW41Z/TOOLCHAIN_ARM_STD/mbed.ar(FilePath.o)(i._ZN4mbed8FilePath6isFileEv)
    mbed::FilePath::fileName()               0x00006a3b   Thumb Code     4  mbed/TARGET_KW41Z/TOOLCHAIN_ARM_STD/mbed.ar(FilePath.o)(i._ZN4mbed8FilePath8fileNameEv)
    mbed::FilePath::FilePath(const char*)    0x00006a3f   Thumb Code    68  mbed/TARGET_KW41Z/TOOLCHAIN_ARM_STD/mbed.ar(FilePath.o)(i._ZN4mbed8FilePathC1EPKc)
    mbed::FilePath::FilePath__sub_object(const char*) 0x00006a3f   Thumb Code     0  mbed/TARGET_KW41Z/TOOLCHAIN_ARM_STD/mbed.ar(FilePath.o)(i._ZN4mbed8FilePathC1EPKc)
    mbed::RawSerial::getc()                  0x00006a83   Thumb Code    32  mbed/TARGET_KW41Z/TOOLCHAIN_ARM_STD/mbed.ar(RawSerial.o)(i._ZN4mbed9RawSerial4getcEv)
    mbed::RawSerial::lock()                  0x00006aa3   Thumb Code     2  mbed/TARGET_KW41Z/TOOLCHAIN_ARM_STD/mbed.ar(RawSerial.o)(i._ZN4mbed9RawSerial4lockEv)
    mbed::RawSerial::putc(int)               0x00006aa5   Thumb Code    36  mbed/TARGET_KW41Z/TOOLCHAIN_ARM_STD/mbed.ar(RawSerial.o)(i._ZN4mbed9RawSerial4putcEi)
    mbed::RawSerial::puts(const char*)       0x00006ac9   Thumb Code    66  mbed/TARGET_KW41Z/TOOLCHAIN_ARM_STD/mbed.ar(RawSerial.o)(i._ZN4mbed9RawSerial4putsEPKc)
    mbed::RawSerial::unlock()                0x00006b0b   Thumb Code     2  mbed/TARGET_KW41Z/TOOLCHAIN_ARM_STD/mbed.ar(RawSerial.o)(i._ZN4mbed9RawSerial6unlockEv)
    mbed::RawSerial::RawSerial(PinName, PinName, int) 0x00006b0d   Thumb Code    12  mbed/TARGET_KW41Z/TOOLCHAIN_ARM_STD/mbed.ar(RawSerial.o)(i._ZN4mbed9RawSerialC1E7PinNameS1_i)
    mbed::RawSerial::RawSerial__sub_object(PinName, PinName, int) 0x00006b0d   Thumb Code     0  mbed/TARGET_KW41Z/TOOLCHAIN_ARM_STD/mbed.ar(RawSerial.o)(i._ZN4mbed9RawSerialC1E7PinNameS1_i)
    mbed::RawSerial::~RawSerial()            0x00006b1d   Thumb Code     8  mbed/TARGET_KW41Z/TOOLCHAIN_ARM_STD/mbed.ar(RawSerial.o)(i._ZN4mbed9RawSerialD1Ev)
    mbed::RawSerial::~RawSerial__sub_object() 0x00006b1d   Thumb Code     0  mbed/TARGET_KW41Z/TOOLCHAIN_ARM_STD/mbed.ar(RawSerial.o)(i._ZN4mbed9RawSerialD1Ev)
    std::strstr(char*, const char*)          0x00006b25   Thumb Code    16  .\build\ppp-blinky.o(i._ZSt6strstrPcPKc)
    __ARM_common_ll_muluu                    0x00006b35   Thumb Code    48  C:\Keil_v5\ARM\ARMCC\Bin\..\lib\armlib\c_p.l(btod.o)(i.__ARM_common_ll_muluu)
    __ARM_fpclassify                         0x00006b65   Thumb Code    40  C:\Keil_v5\ARM\ARMCC\Bin\..\lib\armlib\m_ps.l(fpclassify.o)(i.__ARM_fpclassify)
    __aeabi_atexit                           0x00006b91   Thumb Code     4  mbed/TARGET_KW41Z/TOOLCHAIN_ARM_STD/mbed_retarget.o(i.__aeabi_atexit)
    __aeabi_vec_ctor_nocookie_nodtor         0x00006b95   Thumb Code    34  C:\Keil_v5\ARM\ARMCC\Bin\..\lib\cpplib\cpprt_p.l(aeabi_vec_ctor_nocookie_nodtor.o)(i.__aeabi_vec_ctor_nocookie_nodtor)
    __user_setup_stackheap                   0x00006c01   Thumb Code     8  mbed/TARGET_KW41Z/TOOLCHAIN_ARM_STD/mbed_retarget.o(i.__user_setup_stackheap)
    _is_digit                                0x00006c09   Thumb Code    14  C:\Keil_v5\ARM\ARMCC\Bin\..\lib\armlib\c_p.l(__printf_wp.o)(i._is_digit)
    _mbed_user_setup_stackheap               0x00006c19   Thumb Code    10  mbed/TARGET_KW41Z/TOOLCHAIN_ARM_STD/mbed_retarget.o(i._mbed_user_setup_stackheap)
    _platform_post_stackheap_init            0x00006c29   Thumb Code    24  mbed/TARGET_KW41Z/TOOLCHAIN_ARM_STD/mbed_sdk_boot.o(i._platform_post_stackheap_init)
    _sys_close                               0x00006c49   Thumb Code    68  mbed/TARGET_KW41Z/TOOLCHAIN_ARM_STD/mbed_retarget.o(i._sys_close)
    _sys_flen                                0x00006c91   Thumb Code    70  mbed/TARGET_KW41Z/TOOLCHAIN_ARM_STD/mbed_retarget.o(i._sys_flen)
    _sys_istty                               0x00006cdd   Thumb Code    58  mbed/TARGET_KW41Z/TOOLCHAIN_ARM_STD/mbed_retarget.o(i._sys_istty)
    _sys_open                                0x00006d1d   Thumb Code   504  mbed/TARGET_KW41Z/TOOLCHAIN_ARM_STD/mbed_retarget.o(i._sys_open)
    _sys_seek                                0x00006f3d   Thumb Code    70  mbed/TARGET_KW41Z/TOOLCHAIN_ARM_STD/mbed_retarget.o(i._sys_seek)
    _sys_write                               0x00006f89   Thumb Code   114  mbed/TARGET_KW41Z/TOOLCHAIN_ARM_STD/mbed_retarget.o(i._sys_write)
    core_util_atomic_decr_u16                0x0000700d   Thumb Code    26  mbed/TARGET_KW41Z/TOOLCHAIN_ARM_STD/mbed.ar(mbed_critical.o)(i.core_util_atomic_decr_u16)
    core_util_atomic_incr_u16                0x00007027   Thumb Code    26  mbed/TARGET_KW41Z/TOOLCHAIN_ARM_STD/mbed.ar(mbed_critical.o)(i.core_util_atomic_incr_u16)
    core_util_critical_section_enter         0x00007041   Thumb Code    72  mbed/TARGET_KW41Z/TOOLCHAIN_ARM_STD/mbed.ar(mbed_critical.o)(i.core_util_critical_section_enter)
    core_util_critical_section_exit          0x00007109   Thumb Code    58  mbed/TARGET_KW41Z/TOOLCHAIN_ARM_STD/mbed.ar(mbed_critical.o)(i.core_util_critical_section_exit)
    error                                    0x0000719d   Thumb Code    38  mbed/TARGET_KW41Z/TOOLCHAIN_ARM_STD/mbed.ar(mbed_error.o)(i.error)
    exit                                     0x000071c9   Thumb Code    24  mbed/TARGET_KW41Z/TOOLCHAIN_ARM_STD/mbed_retarget.o(i.exit)
    get_us_ticker_data                       0x000071e9   Thumb Code     4  mbed/TARGET_KW41Z/TOOLCHAIN_ARM_STD/mbed.ar(mbed_us_ticker_api.o)(i.get_us_ticker_data)
    gpio_dir                                 0x000071f1   Thumb Code    66  mbed/TARGET_KW41Z/TOOLCHAIN_ARM_STD/gpio_api.o(i.gpio_dir)
    gpio_init                                0x00007255   Thumb Code    20  mbed/TARGET_KW41Z/TOOLCHAIN_ARM_STD/gpio_api.o(i.gpio_init)
    gpio_init_in                             0x00007269   Thumb Code    34  mbed/TARGET_KW41Z/TOOLCHAIN_ARM_STD/mbed.ar(mbed_gpio.o)(i.gpio_init_in)
    gpio_init_out                            0x0000728b   Thumb Code    44  mbed/TARGET_KW41Z/TOOLCHAIN_ARM_STD/mbed.ar(mbed_gpio.o)(i.gpio_init_out)
    gpio_mode                                0x000072b7   Thumb Code    14  mbed/TARGET_KW41Z/TOOLCHAIN_ARM_STD/gpio_api.o(i.gpio_mode)
    gpio_read                                0x000072c5   Thumb Code    44  mbed/TARGET_KW41Z/TOOLCHAIN_ARM_STD/gpio_api.o(i.gpio_read)
    gpio_write                               0x00007311   Thumb Code    58  mbed/TARGET_KW41Z/TOOLCHAIN_ARM_STD/gpio_api.o(i.gpio_write)
    $Super$$main                             0x00007391   Thumb Code    26  .\build\main.o(i.main)
    mbed_assert_internal                     0x000073ad   Thumb Code    30  mbed/TARGET_KW41Z/TOOLCHAIN_ARM_STD/mbed.ar(mbed_assert.o)(i.mbed_assert_internal)
    mbed_die                                 0x00007401   Thumb Code    92  mbed/TARGET_KW41Z/TOOLCHAIN_ARM_STD/mbed_board.o(i.mbed_die)
    mbed_error_printf                        0x00007461   Thumb Code    80  mbed/TARGET_KW41Z/TOOLCHAIN_ARM_STD/mbed_board.o(i.mbed_error_printf)
    mbed_error_vfprintf                      0x000074bd   Thumb Code    72  mbed/TARGET_KW41Z/TOOLCHAIN_ARM_STD/mbed_board.o(i.mbed_error_vfprintf)
    mbed_main                                0x00007511   Thumb Code     2  mbed/TARGET_KW41Z/TOOLCHAIN_ARM_STD/mbed_sdk_boot.o(i.mbed_main)
    mbed_sdk_init                            0x00007513   Thumb Code     8  mbed/TARGET_KW41Z/TOOLCHAIN_ARM_STD/mbed_overrides.o(i.mbed_sdk_init)
    pin_function                             0x0000751d   Thumb Code    88  mbed/TARGET_KW41Z/TOOLCHAIN_ARM_STD/pinmap.o(i.pin_function)
    pin_mode                                 0x00007595   Thumb Code    76  mbed/TARGET_KW41Z/TOOLCHAIN_ARM_STD/pinmap.o(i.pin_mode)
    pinmap_merge                             0x00007605   Thumb Code    30  mbed/TARGET_KW41Z/TOOLCHAIN_ARM_STD/mbed.ar(mbed_pinmap_common.o)(i.pinmap_merge)
    pinmap_peripheral                        0x00007639   Thumb Code    60  mbed/TARGET_KW41Z/TOOLCHAIN_ARM_STD/mbed.ar(mbed_pinmap_common.o)(i.pinmap_peripheral)
    pinmap_pinout                            0x00007695   Thumb Code    62  mbed/TARGET_KW41Z/TOOLCHAIN_ARM_STD/mbed.ar(mbed_pinmap_common.o)(i.pinmap_pinout)
    serial_baud                              0x00007751   Thumb Code    36  mbed/TARGET_KW41Z/TOOLCHAIN_ARM_STD/serial_api.o(i.serial_baud)
    serial_getc                              0x0000777d   Thumb Code    24  mbed/TARGET_KW41Z/TOOLCHAIN_ARM_STD/serial_api.o(i.serial_getc)
    serial_init                              0x00007799   Thumb Code   210  mbed/TARGET_KW41Z/TOOLCHAIN_ARM_STD/serial_api.o(i.serial_init)
    serial_irq_handler                       0x000078a1   Thumb Code    14  mbed/TARGET_KW41Z/TOOLCHAIN_ARM_STD/serial_api.o(i.serial_irq_handler)
    serial_irq_set                           0x000078b5   Thumb Code   208  mbed/TARGET_KW41Z/TOOLCHAIN_ARM_STD/serial_api.o(i.serial_irq_set)
    serial_putc                              0x0000799d   Thumb Code    62  mbed/TARGET_KW41Z/TOOLCHAIN_ARM_STD/serial_api.o(i.serial_putc)
    serial_readable                          0x000079e1   Thumb Code    44  mbed/TARGET_KW41Z/TOOLCHAIN_ARM_STD/serial_api.o(i.serial_readable)
    sleep_manager_lock_deep_sleep            0x00007a11   Thumb Code    40  mbed/TARGET_KW41Z/TOOLCHAIN_ARM_STD/mbed.ar(mbed_sleep_manager.o)(i.sleep_manager_lock_deep_sleep)
    sleep_manager_unlock_deep_sleep          0x00007a71   Thumb Code    38  mbed/TARGET_KW41Z/TOOLCHAIN_ARM_STD/mbed.ar(mbed_sleep_manager.o)(i.sleep_manager_unlock_deep_sleep)
    ticker_irq_handler                       0x00007ac5   Thumb Code    94  mbed/TARGET_KW41Z/TOOLCHAIN_ARM_STD/mbed.ar(mbed_ticker_api.o)(i.ticker_irq_handler)
    ticker_read                              0x00007b23   Thumb Code    64  mbed/TARGET_KW41Z/TOOLCHAIN_ARM_STD/mbed.ar(mbed_ticker_api.o)(i.ticker_read)
    uart0_irq                                0x00007b65   Thumb Code    72  mbed/TARGET_KW41Z/TOOLCHAIN_ARM_STD/serial_api.o(i.uart0_irq)
    us_ticker_clear_interrupt                0x00007be5   Thumb Code    12  mbed/TARGET_KW41Z/TOOLCHAIN_ARM_STD/us_ticker.o(i.us_ticker_clear_interrupt)
    us_ticker_disable_interrupt              0x00007bf5   Thumb Code    16  mbed/TARGET_KW41Z/TOOLCHAIN_ARM_STD/us_ticker.o(i.us_ticker_disable_interrupt)
    us_ticker_fire_interrupt                 0x00007c09   Thumb Code    10  mbed/TARGET_KW41Z/TOOLCHAIN_ARM_STD/us_ticker.o(i.us_ticker_fire_interrupt)
    us_ticker_init                           0x00007c19   Thumb Code   136  mbed/TARGET_KW41Z/TOOLCHAIN_ARM_STD/us_ticker.o(i.us_ticker_init)
    us_ticker_irq_handler                    0x00007cc5   Thumb Code    10  mbed/TARGET_KW41Z/TOOLCHAIN_ARM_STD/mbed.ar(mbed_us_ticker_api.o)(i.us_ticker_irq_handler)
    us_ticker_read                           0x00007cd5   Thumb Code    22  mbed/TARGET_KW41Z/TOOLCHAIN_ARM_STD/us_ticker.o(i.us_ticker_read)
    us_ticker_set_interrupt                  0x00007cf5   Thumb Code    64  mbed/TARGET_KW41Z/TOOLCHAIN_ARM_STD/us_ticker.o(i.us_ticker_set_interrupt)
    wait_ms                                  0x00007d41   Thumb Code    36  mbed/TARGET_KW41Z/TOOLCHAIN_ARM_STD/mbed.ar(mbed_wait_api_no_rtos.o)(i.wait_ms)
    wait_us                                  0x00007d65   Thumb Code    30  mbed/TARGET_KW41Z/TOOLCHAIN_ARM_STD/mbed.ar(mbed_wait_api_no_rtos.o)(i.wait_us)
    _get_lc_numeric                          0x00007d85   Thumb Code    44  C:\Keil_v5\ARM\ARMCC\Bin\..\lib\armlib\c_p.l(lc_numeric_c.o)(locale$$code)
    _get_lc_ctype                            0x00007db1   Thumb Code    44  C:\Keil_v5\ARM\ARMCC\Bin\..\lib\armlib\c_p.l(lc_ctype_c.o)(locale$$code)
    SingletonPtr<PlatformMutex>::operator ->() 0x00007ddd   Thumb Code    36  mbed/TARGET_KW41Z/TOOLCHAIN_ARM_STD/mbed.ar(FileBase.o)(t._ZN12SingletonPtrI13PlatformMutexEptEv)
    void mbed::Callback<void()>::function_call<void(*)()>(const void*) 0x00007e09   Thumb Code    10  .\build\ppp-blinky.o(t._ZN4mbed8CallbackIFvvEE13function_callIPS1_EEvPKv)
    void mbed::Callback<void()>::function_dtor<void(*)()>(void*) 0x00007e13   Thumb Code     2  .\build\ppp-blinky.o(t._ZN4mbed8CallbackIFvvEE13function_dtorIPS1_EEvPv)
    void mbed::Callback<void()>::function_move<void(*)()>(void*, const void*) 0x00007e15   Thumb Code    14  .\build\ppp-blinky.o(t._ZN4mbed8CallbackIFvvEE13function_moveIPS1_EEvPvPKv)
    mbed::Callback<void()>::~Callback()      0x00007e23   Thumb Code    20  mbed/TARGET_KW41Z/TOOLCHAIN_ARM_STD/mbed.ar(SerialBase.o)(t._ZN4mbed8CallbackIFvvEED1Ev)
    mbed::Callback<void()>::~Callback__sub_object() 0x00007e23   Thumb Code     0  mbed/TARGET_KW41Z/TOOLCHAIN_ARM_STD/mbed.ar(SerialBase.o)(t._ZN4mbed8CallbackIFvvEED1Ev)
    _printf_fp_dec                           0x00007e39   Thumb Code    16  C:\Keil_v5\ARM\ARMCC\Bin\..\lib\armlib\fz_ps.l(printf1.o)(x$fpl$printf1)
    _printf_fp_hex                           0x00007e49   Thumb Code    16  C:\Keil_v5\ARM\ARMCC\Bin\..\lib\armlib\fz_ps.l(printf2.o)(x$fpl$printf2)
    __I$use$fp                               0x00007e58   Number         0  C:\Keil_v5\ARM\ARMCC\Bin\..\lib\armlib\fz_ps.l(usenofp.o)(x$fpl$usenofp)
    g_defaultClockConfigVlpr                 0x00007e9c   Data          28  mbed/TARGET_KW41Z/TOOLCHAIN_ARM_STD/fsl_clock_config.o(.constdata)
    g_defaultClockConfigRun                  0x00007eb8   Data          28  mbed/TARGET_KW41Z/TOOLCHAIN_ARM_STD/fsl_clock_config.o(.constdata)
    __stdin_name                             0x00007efc   Data           7  mbed/TARGET_KW41Z/TOOLCHAIN_ARM_STD/mbed_retarget.o(.constdata)
    __stdout_name                            0x00007f03   Data           8  mbed/TARGET_KW41Z/TOOLCHAIN_ARM_STD/mbed_retarget.o(.constdata)
    __stderr_name                            0x00007f0b   Data           8  mbed/TARGET_KW41Z/TOOLCHAIN_ARM_STD/mbed_retarget.o(.constdata)
    PinMap_UART_TX                           0x00007f14   Data          48  mbed/TARGET_KW41Z/TOOLCHAIN_ARM_STD/PeripheralPins.o(.constdata)
    PinMap_UART_RX                           0x00007f44   Data          48  mbed/TARGET_KW41Z/TOOLCHAIN_ARM_STD/PeripheralPins.o(.constdata)
    vtable for mbed::SerialBase              0x00008680   Data          24  mbed/TARGET_KW41Z/TOOLCHAIN_ARM_STD/mbed.ar(SerialBase.o)(.constdata__ZTVN4mbed10SerialBaseE)
    vtable for mbed::RawSerial               0x00008698   Data          24  mbed/TARGET_KW41Z/TOOLCHAIN_ARM_STD/mbed.ar(RawSerial.o)(.constdata__ZTVN4mbed9RawSerialE)
    SingletonPtr<PlatformMutex>::get()::string 0x000086b0   Data          20  mbed/TARGET_KW41Z/TOOLCHAIN_ARM_STD/mbed_retarget.o(.constdata__ZZN12SingletonPtrI13PlatformMutexE3getEvEs)
    SingletonPtr<PlatformMutex>::get()::string (instance 2) 0x000086c4   Data          72  mbed/TARGET_KW41Z/TOOLCHAIN_ARM_STD/mbed_retarget.o(.constdata__ZZN12SingletonPtrI13PlatformMutexE3getEvEs_0)
    void mbed::Callback<void()>::generate<void(*)()>(const T1&)::ops 0x0000870c   Data          12  .\build\ppp-blinky.o(.constdata__ZZN4mbed8CallbackIFvvEE8generateIPS1_EEvRKT_E3ops)
    Region$$Table$$Base                      0x00008b1c   Number         0  anon$$obj.o(Region$$Table)
    Region$$Table$$Limit                     0x00008b3c   Number         0  anon$$obj.o(Region$$Table)
    __ctype                                  0x00008b65   Data           0  C:\Keil_v5\ARM\ARMCC\Bin\..\lib\armlib\c_p.l(lc_ctype_c.o)(locale$$data)
    SHT$$INIT_ARRAY$$Base                    0x00008c68   Number         0  .\build\ppp-blinky.o(.init_array)
    SHT$$INIT_ARRAY$$Limit                   0x00008c6c   Number         0  C:\Keil_v5\ARM\ARMCC\Bin\..\lib\armlib\c_p.l(init_aeabi.o)(.init_array)
    Image$$VECTOR_RAM$$Base                  0x1fff8000   Number         0  anon$$obj.o ABSOLUTE
    Image$$RW_m_data$$Base                   0x1fff8200   Number         0  anon$$obj.o ABSOLUTE
    g_xtal0Freq                              0x1fff8208   Data           4  mbed/TARGET_KW41Z/TOOLCHAIN_ARM_STD/fsl_clock.o(.data)
    g_xtal32Freq                             0x1fff820c   Data           4  mbed/TARGET_KW41Z/TOOLCHAIN_ARM_STD/fsl_clock.o(.data)
    stdio_uart_inited                        0x1fff824c   Data           4  mbed/TARGET_KW41Z/TOOLCHAIN_ARM_STD/serial_api.o(.data)
    stdio_uart                               0x1fff8254   Data           4  mbed/TARGET_KW41Z/TOOLCHAIN_ARM_STD/serial_api.o(.data)
    SystemCoreClock                          0x1fff8258   Data           4  mbed/TARGET_KW41Z/TOOLCHAIN_ARM_STD/system_MKW41Z4.o(.data)
    led1                                     0x1fff8260   Data           2  .\build\ppp-blinky.o(.data)
    led2                                     0x1fff8262   Data           2  .\build\ppp-blinky.o(.data)
    mbed::FileBase::_head                    0x1fff8270   Data           4  mbed/TARGET_KW41Z/TOOLCHAIN_ARM_STD/mbed.ar(FileBase.o)(.data)
    mbed::FileBase::_mutex                   0x1fff8274   Data           8  mbed/TARGET_KW41Z/TOOLCHAIN_ARM_STD/mbed.ar(FileBase.o)(.data)
    __aeabi_stdin                            0x1fff827c   Data           4  C:\Keil_v5\ARM\ARMCC\Bin\..\lib\armlib\c_p.l(stdio_streams.o)(.data)
    __aeabi_stdout                           0x1fff8280   Data           4  C:\Keil_v5\ARM\ARMCC\Bin\..\lib\armlib\c_p.l(stdio_streams.o)(.data)
    __aeabi_stderr                           0x1fff8284   Data           4  C:\Keil_v5\ARM\ARMCC\Bin\..\lib\armlib\c_p.l(stdio_streams.o)(.data)
    pc                                       0x1fff83e0   Data          44  .\build\ppp-blinky.o(.bss)
    ppp                                      0x1fff840c   Data        3728  .\build\ppp-blinky.o(.bss)
    __stdin                                  0x1fff92bc   Data          84  C:\Keil_v5\ARM\ARMCC\Bin\..\lib\armlib\c_p.l(stdio_streams.o)(.bss)
    __stdout                                 0x1fff9310   Data          84  C:\Keil_v5\ARM\ARMCC\Bin\..\lib\armlib\c_p.l(stdio_streams.o)(.bss)
    __stderr                                 0x1fff9364   Data          84  C:\Keil_v5\ARM\ARMCC\Bin\..\lib\armlib\c_p.l(stdio_streams.o)(.bss)
    Image$$RW_IRAM1$$ZI$$Limit               0x1fff93d0   Number         0  anon$$obj.o ABSOLUTE



==============================================================================

Memory Map of the image

  Image Entry point : 0x00000411

  Load Region LR_m_text (Base: 0x00000000, Size: 0x00008cf8, Max: 0x00080000, ABSOLUTE)

    Execution Region VECTOR_ROM (Exec base: 0x00000000, Load base: 0x00000000, Size: 0x000000c0, Max: 0x00000200, ABSOLUTE)

    Exec Addr    Load Addr    Size         Type   Attr      Idx    E Section Name        Object

    0x00000000   0x00000000   0x000000c0   Data   RO         1408    RESET               mbed/TARGET_KW41Z/TOOLCHAIN_ARM_STD/startup_MKW41Z4.o


    Execution Region ER_m_flash_config (Exec base: 0x00000400, Load base: 0x00000400, Size: 0x00000010, Max: 0x00000010, ABSOLUTE, FIXED)

    Exec Addr    Load Addr    Size         Type   Attr      Idx    E Section Name        Object

    0x00000400   0x00000400   0x00000010   Data   RO         1409    FlashConfig         mbed/TARGET_KW41Z/TOOLCHAIN_ARM_STD/startup_MKW41Z4.o


    Execution Region ER_m_text (Exec base: 0x00000410, Load base: 0x00000410, Size: 0x0000885c, Max: 0x0007fbf0, ABSOLUTE)

    Exec Addr    Load Addr    Size         Type   Attr      Idx    E Section Name        Object

    0x00000410   0x00000410   0x00000008   Code   RO         2976  * !!!main             C:\Keil_v5\ARM\ARMCC\Bin\..\lib\armlib\c_p.l(__main.o)
    0x00000418   0x00000418   0x0000003c   Code   RO         3500    !!!scatter          C:\Keil_v5\ARM\ARMCC\Bin\..\lib\armlib\c_p.l(__scatter.o)
    0x00000454   0x00000454   0x0000001a   Code   RO         3502    !!handler_copy      C:\Keil_v5\ARM\ARMCC\Bin\..\lib\armlib\c_p.l(__scatter_copy.o)
    0x0000046e   0x0000046e   0x00000002   PAD
    0x00000470   0x00000470   0x0000001c   Code   RO         3504    !!handler_zi        C:\Keil_v5\ARM\ARMCC\Bin\..\lib\armlib\c_p.l(__scatter_zi.o)
    0x0000048c   0x0000048c   0x00000002   Code   RO         2925    .ARM.Collect$$_printf_percent$$00000000  C:\Keil_v5\ARM\ARMCC\Bin\..\lib\armlib\c_p.l(_printf_percent.o)
    0x0000048e   0x0000048e   0x0000000a   Code   RO         3176    .ARM.Collect$$_printf_percent$$00000001  C:\Keil_v5\ARM\ARMCC\Bin\..\lib\armlib\c_p.l(_printf_n.o)
    0x00000498   0x00000498   0x0000000a   Code   RO         3177    .ARM.Collect$$_printf_percent$$00000002  C:\Keil_v5\ARM\ARMCC\Bin\..\lib\armlib\c_p.l(_printf_p.o)
    0x000004a2   0x000004a2   0x0000000a   Code   RO         3181    .ARM.Collect$$_printf_percent$$00000003  C:\Keil_v5\ARM\ARMCC\Bin\..\lib\armlib\c_p.l(_printf_f.o)
    0x000004ac   0x000004ac   0x0000000a   Code   RO         3182    .ARM.Collect$$_printf_percent$$00000004  C:\Keil_v5\ARM\ARMCC\Bin\..\lib\armlib\c_p.l(_printf_e.o)
    0x000004b6   0x000004b6   0x0000000a   Code   RO         3183    .ARM.Collect$$_printf_percent$$00000005  C:\Keil_v5\ARM\ARMCC\Bin\..\lib\armlib\c_p.l(_printf_g.o)
    0x000004c0   0x000004c0   0x0000000a   Code   RO         3184    .ARM.Collect$$_printf_percent$$00000006  C:\Keil_v5\ARM\ARMCC\Bin\..\lib\armlib\c_p.l(_printf_a.o)
    0x000004ca   0x000004ca   0x0000000a   Code   RO         3189    .ARM.Collect$$_printf_percent$$00000007  C:\Keil_v5\ARM\ARMCC\Bin\..\lib\armlib\c_p.l(_printf_ll.o)
    0x000004d4   0x000004d4   0x0000000a   Code   RO         3179    .ARM.Collect$$_printf_percent$$00000008  C:\Keil_v5\ARM\ARMCC\Bin\..\lib\armlib\c_p.l(_printf_i.o)
    0x000004de   0x000004de   0x0000000a   Code   RO         2924    .ARM.Collect$$_printf_percent$$00000009  C:\Keil_v5\ARM\ARMCC\Bin\..\lib\armlib\c_p.l(_printf_d.o)
    0x000004e8   0x000004e8   0x0000000a   Code   RO         3180    .ARM.Collect$$_printf_percent$$0000000A  C:\Keil_v5\ARM\ARMCC\Bin\..\lib\armlib\c_p.l(_printf_u.o)
    0x000004f2   0x000004f2   0x0000000a   Code   RO         3178    .ARM.Collect$$_printf_percent$$0000000B  C:\Keil_v5\ARM\ARMCC\Bin\..\lib\armlib\c_p.l(_printf_o.o)
    0x000004fc   0x000004fc   0x0000000a   Code   RO         2923    .ARM.Collect$$_printf_percent$$0000000C  C:\Keil_v5\ARM\ARMCC\Bin\..\lib\armlib\c_p.l(_printf_x.o)
    0x00000506   0x00000506   0x0000000a   Code   RO         3186    .ARM.Collect$$_printf_percent$$0000000D  C:\Keil_v5\ARM\ARMCC\Bin\..\lib\armlib\c_p.l(_printf_lli.o)
    0x00000510   0x00000510   0x0000000a   Code   RO         3187    .ARM.Collect$$_printf_percent$$0000000E  C:\Keil_v5\ARM\ARMCC\Bin\..\lib\armlib\c_p.l(_printf_lld.o)
    0x0000051a   0x0000051a   0x0000000a   Code   RO         3188    .ARM.Collect$$_printf_percent$$0000000F  C:\Keil_v5\ARM\ARMCC\Bin\..\lib\armlib\c_p.l(_printf_llu.o)
    0x00000524   0x00000524   0x0000000a   Code   RO         3193    .ARM.Collect$$_printf_percent$$00000010  C:\Keil_v5\ARM\ARMCC\Bin\..\lib\armlib\c_p.l(_printf_llo.o)
    0x0000052e   0x0000052e   0x0000000a   Code   RO         3194    .ARM.Collect$$_printf_percent$$00000011  C:\Keil_v5\ARM\ARMCC\Bin\..\lib\armlib\c_p.l(_printf_llx.o)
    0x00000538   0x00000538   0x0000000a   Code   RO         3190    .ARM.Collect$$_printf_percent$$00000012  C:\Keil_v5\ARM\ARMCC\Bin\..\lib\armlib\c_p.l(_printf_l.o)
    0x00000542   0x00000542   0x0000000a   Code   RO         3175    .ARM.Collect$$_printf_percent$$00000013  C:\Keil_v5\ARM\ARMCC\Bin\..\lib\armlib\c_p.l(_printf_c.o)
    0x0000054c   0x0000054c   0x0000000a   Code   RO         2922    .ARM.Collect$$_printf_percent$$00000014  C:\Keil_v5\ARM\ARMCC\Bin\..\lib\armlib\c_p.l(_printf_s.o)
    0x00000556   0x00000556   0x0000000a   Code   RO         3191    .ARM.Collect$$_printf_percent$$00000015  C:\Keil_v5\ARM\ARMCC\Bin\..\lib\armlib\c_p.l(_printf_lc.o)
    0x00000560   0x00000560   0x0000000a   Code   RO         3192    .ARM.Collect$$_printf_percent$$00000016  C:\Keil_v5\ARM\ARMCC\Bin\..\lib\armlib\c_p.l(_printf_ls.o)
    0x0000056a   0x0000056a   0x00000004   Code   RO         3185    .ARM.Collect$$_printf_percent$$00000017  C:\Keil_v5\ARM\ARMCC\Bin\..\lib\armlib\c_p.l(_printf_percent_end.o)
    0x0000056e   0x0000056e   0x00000002   Code   RO         3457    .ARM.Collect$$libinit$$00000000  C:\Keil_v5\ARM\ARMCC\Bin\..\lib\armlib\c_p.l(libinit.o)
    0x00000570   0x00000570   0x00000000   Code   RO         3225    .ARM.Collect$$libinit$$00000002  C:\Keil_v5\ARM\ARMCC\Bin\..\lib\armlib\c_p.l(libinit2.o)
    0x00000570   0x00000570   0x00000000   Code   RO         3227    .ARM.Collect$$libinit$$00000004  C:\Keil_v5\ARM\ARMCC\Bin\..\lib\armlib\c_p.l(libinit2.o)
    0x00000570   0x00000570   0x00000008   Code   RO         3228    .ARM.Collect$$libinit$$00000005  C:\Keil_v5\ARM\ARMCC\Bin\..\lib\armlib\c_p.l(libinit2.o)
    0x00000578   0x00000578   0x00000000   Code   RO         3230    .ARM.Collect$$libinit$$0000000A  C:\Keil_v5\ARM\ARMCC\Bin\..\lib\armlib\c_p.l(libinit2.o)
    0x00000578   0x00000578   0x00000000   Code   RO         3232    .ARM.Collect$$libinit$$0000000C  C:\Keil_v5\ARM\ARMCC\Bin\..\lib\armlib\c_p.l(libinit2.o)
    0x00000578   0x00000578   0x00000000   Code   RO         3234    .ARM.Collect$$libinit$$0000000E  C:\Keil_v5\ARM\ARMCC\Bin\..\lib\armlib\c_p.l(libinit2.o)
    0x00000578   0x00000578   0x00000006   Code   RO         3235    .ARM.Collect$$libinit$$0000000F  C:\Keil_v5\ARM\ARMCC\Bin\..\lib\armlib\c_p.l(libinit2.o)
    0x0000057e   0x0000057e   0x00000000   Code   RO         3237    .ARM.Collect$$libinit$$00000011  C:\Keil_v5\ARM\ARMCC\Bin\..\lib\armlib\c_p.l(libinit2.o)
    0x0000057e   0x0000057e   0x0000000c   Code   RO         3238    .ARM.Collect$$libinit$$00000012  C:\Keil_v5\ARM\ARMCC\Bin\..\lib\armlib\c_p.l(libinit2.o)
    0x0000058a   0x0000058a   0x00000000   Code   RO         3239    .ARM.Collect$$libinit$$00000013  C:\Keil_v5\ARM\ARMCC\Bin\..\lib\armlib\c_p.l(libinit2.o)
    0x0000058a   0x0000058a   0x00000000   Code   RO         3241    .ARM.Collect$$libinit$$00000015  C:\Keil_v5\ARM\ARMCC\Bin\..\lib\armlib\c_p.l(libinit2.o)
    0x0000058a   0x0000058a   0x0000000a   Code   RO         3242    .ARM.Collect$$libinit$$00000016  C:\Keil_v5\ARM\ARMCC\Bin\..\lib\armlib\c_p.l(libinit2.o)
    0x00000594   0x00000594   0x00000000   Code   RO         3243    .ARM.Collect$$libinit$$00000017  C:\Keil_v5\ARM\ARMCC\Bin\..\lib\armlib\c_p.l(libinit2.o)
    0x00000594   0x00000594   0x00000000   Code   RO         3245    .ARM.Collect$$libinit$$00000019  C:\Keil_v5\ARM\ARMCC\Bin\..\lib\armlib\c_p.l(libinit2.o)
    0x00000594   0x00000594   0x00000000   Code   RO         3247    .ARM.Collect$$libinit$$0000001B  C:\Keil_v5\ARM\ARMCC\Bin\..\lib\armlib\c_p.l(libinit2.o)
    0x00000594   0x00000594   0x00000000   Code   RO         3249    .ARM.Collect$$libinit$$0000001D  C:\Keil_v5\ARM\ARMCC\Bin\..\lib\armlib\c_p.l(libinit2.o)
    0x00000594   0x00000594   0x00000000   Code   RO         3251    .ARM.Collect$$libinit$$0000001F  C:\Keil_v5\ARM\ARMCC\Bin\..\lib\armlib\c_p.l(libinit2.o)
    0x00000594   0x00000594   0x00000000   Code   RO         3253    .ARM.Collect$$libinit$$00000021  C:\Keil_v5\ARM\ARMCC\Bin\..\lib\armlib\c_p.l(libinit2.o)
    0x00000594   0x00000594   0x00000000   Code   RO         3255    .ARM.Collect$$libinit$$00000023  C:\Keil_v5\ARM\ARMCC\Bin\..\lib\armlib\c_p.l(libinit2.o)
    0x00000594   0x00000594   0x00000004   Code   RO         3256    .ARM.Collect$$libinit$$00000024  C:\Keil_v5\ARM\ARMCC\Bin\..\lib\armlib\c_p.l(libinit2.o)
    0x00000598   0x00000598   0x00000000   Code   RO         3257    .ARM.Collect$$libinit$$00000025  C:\Keil_v5\ARM\ARMCC\Bin\..\lib\armlib\c_p.l(libinit2.o)
    0x00000598   0x00000598   0x00000000   Code   RO         3261    .ARM.Collect$$libinit$$0000002C  C:\Keil_v5\ARM\ARMCC\Bin\..\lib\armlib\c_p.l(libinit2.o)
    0x00000598   0x00000598   0x00000000   Code   RO         3263    .ARM.Collect$$libinit$$0000002E  C:\Keil_v5\ARM\ARMCC\Bin\..\lib\armlib\c_p.l(libinit2.o)
    0x00000598   0x00000598   0x00000000   Code   RO         3265    .ARM.Collect$$libinit$$00000030  C:\Keil_v5\ARM\ARMCC\Bin\..\lib\armlib\c_p.l(libinit2.o)
    0x00000598   0x00000598   0x00000004   Code   RO         3266    .ARM.Collect$$libinit$$00000031  C:\Keil_v5\ARM\ARMCC\Bin\..\lib\armlib\c_p.l(libinit2.o)
    0x0000059c   0x0000059c   0x00000000   Code   RO         3267    .ARM.Collect$$libinit$$00000032  C:\Keil_v5\ARM\ARMCC\Bin\..\lib\armlib\c_p.l(libinit2.o)
    0x0000059c   0x0000059c   0x00000002   Code   RO         3268    .ARM.Collect$$libinit$$00000033  C:\Keil_v5\ARM\ARMCC\Bin\..\lib\armlib\c_p.l(libinit2.o)
    0x0000059e   0x0000059e   0x00000000   Code   RO         3376    .ARM.Collect$$libshutdown$$00000004  C:\Keil_v5\ARM\ARMCC\Bin\..\lib\armlib\c_p.l(libshutdown2.o)
    0x0000059e   0x0000059e   0x00000000   Code   RO         3120    .ARM.Collect$$rtentry$$00000000  C:\Keil_v5\ARM\ARMCC\Bin\..\lib\armlib\c_p.l(__rtentry.o)
    0x0000059e   0x0000059e   0x00000000   Code   RO         3301    .ARM.Collect$$rtentry$$00000002  C:\Keil_v5\ARM\ARMCC\Bin\..\lib\armlib\c_p.l(__rtentry2.o)
    0x0000059e   0x0000059e   0x00000006   Code   RO         3313    .ARM.Collect$$rtentry$$00000004  C:\Keil_v5\ARM\ARMCC\Bin\..\lib\armlib\c_p.l(__rtentry4.o)
    0x000005a4   0x000005a4   0x00000008   Code   RO         3302    .ARM.Collect$$rtentry$$00000008  C:\Keil_v5\ARM\ARMCC\Bin\..\lib\armlib\c_p.l(__rtentry2.o)
    0x000005ac   0x000005ac   0x00000004   Code   RO         3304    .ARM.Collect$$rtentry$$0000000A  C:\Keil_v5\ARM\ARMCC\Bin\..\lib\armlib\c_p.l(__rtentry2.o)
    0x000005b0   0x000005b0   0x00000000   Code   RO         3306    .ARM.Collect$$rtentry$$0000000C  C:\Keil_v5\ARM\ARMCC\Bin\..\lib\armlib\c_p.l(__rtentry2.o)
    0x000005b0   0x000005b0   0x00000008   Code   RO         3307    .ARM.Collect$$rtentry$$0000000D  C:\Keil_v5\ARM\ARMCC\Bin\..\lib\armlib\c_p.l(__rtentry2.o)
    0x000005b8   0x000005b8   0x00000038   Code   RO         2962    .emb_text           C:\Keil_v5\ARM\ARMCC\Bin\..\lib\armlib\c_p.l(rt_memcpy.o)
    0x000005f0   0x000005f0   0x00000000   Code   RO         3319    .emb_text           C:\Keil_v5\ARM\ARMCC\Bin\..\lib\armlib\c_p.l(maybetermalloc1.o)
    0x000005f0   0x000005f0   0x00000004   Code   RO         1867    .rev16_text         .\build\ppp-blinky.o
    0x000005f4   0x000005f4   0x0000007c   Code   RO         1410    .text               mbed/TARGET_KW41Z/TOOLCHAIN_ARM_STD/startup_MKW41Z4.o
    0x00000670   0x00000670   0x00000008   Code   RO         2792    .text               C:\Keil_v5\ARM\ARMCC\Bin\..\lib\armlib\c_p.l(rt_errno_addr.o)
    0x00000678   0x00000678   0x00000062   Code   RO         2801    .text               C:\Keil_v5\ARM\ARMCC\Bin\..\lib\armlib\c_p.l(h1_alloc.o)
    0x000006da   0x000006da   0x0000004c   Code   RO         2803    .text               C:\Keil_v5\ARM\ARMCC\Bin\..\lib\armlib\c_p.l(h1_free.o)
    0x00000726   0x00000726   0x00000002   PAD
    0x00000728   0x00000728   0x00000038   Code   RO         2859    .text               C:\Keil_v5\ARM\ARMCC\Bin\..\lib\armlib\c_p.l(vsnprintf.o)
    0x00000760   0x00000760   0x0000002c   Code   RO         2865    .text               C:\Keil_v5\ARM\ARMCC\Bin\..\lib\armlib\c_p.l(__2sprintf.o)
    0x0000078c   0x0000078c   0x0000003c   Code   RO         2867    .text               C:\Keil_v5\ARM\ARMCC\Bin\..\lib\armlib\c_p.l(__2snprintf.o)
    0x000007c8   0x000007c8   0x0000004e   Code   RO         2875    .text               C:\Keil_v5\ARM\ARMCC\Bin\..\lib\armlib\c_p.l(_printf_pad.o)
    0x00000816   0x00000816   0x00000052   Code   RO         2877    .text               C:\Keil_v5\ARM\ARMCC\Bin\..\lib\armlib\c_p.l(_printf_str.o)
    0x00000868   0x00000868   0x0000006c   Code   RO         2879    .text               C:\Keil_v5\ARM\ARMCC\Bin\..\lib\armlib\c_p.l(_printf_dec.o)
    0x000008d4   0x000008d4   0x00000098   Code   RO         2899    .text               C:\Keil_v5\ARM\ARMCC\Bin\..\lib\armlib\c_p.l(_printf_hex_int_ll_ptr.o)
    0x0000096c   0x0000096c   0x00000188   Code   RO         2919    .text               C:\Keil_v5\ARM\ARMCC\Bin\..\lib\armlib\c_p.l(__printf_flags_ss_wp.o)
    0x00000af4   0x00000af4   0x00000068   Code   RO         2926    .text               C:\Keil_v5\ARM\ARMCC\Bin\..\lib\armlib\c_p.l(fflush.o)
    0x00000b5c   0x00000b5c   0x000000e8   Code   RO         2934    .text               C:\Keil_v5\ARM\ARMCC\Bin\..\lib\armlib\c_p.l(fopen.o)
    0x00000c44   0x00000c44   0x0000007c   Code   RO         2950    .text               C:\Keil_v5\ARM\ARMCC\Bin\..\lib\armlib\c_p.l(assert.o)
    0x00000cc0   0x00000cc0   0x00000014   Code   RO         2952    .text               C:\Keil_v5\ARM\ARMCC\Bin\..\lib\armlib\c_p.l(strchr.o)
    0x00000cd4   0x00000cd4   0x00000028   Code   RO         2954    .text               C:\Keil_v5\ARM\ARMCC\Bin\..\lib\armlib\c_p.l(strstr.o)
    0x00000cfc   0x00000cfc   0x0000004c   Code   RO         2956    .text               C:\Keil_v5\ARM\ARMCC\Bin\..\lib\armlib\c_p.l(strcpy.o)
    0x00000d48   0x00000d48   0x00000044   Code   RO         2958    .text               C:\Keil_v5\ARM\ARMCC\Bin\..\lib\armlib\c_p.l(strlen.o)
    0x00000d8c   0x00000d8c   0x000000a0   Code   RO         2960    .text               C:\Keil_v5\ARM\ARMCC\Bin\..\lib\armlib\c_p.l(strncmp.o)
    0x00000e2c   0x00000e2c   0x00000082   Code   RO         2963    .text               C:\Keil_v5\ARM\ARMCC\Bin\..\lib\armlib\c_p.l(rt_memcpy.o)
    0x00000eae   0x00000eae   0x00000040   Code   RO         2966    .text               C:\Keil_v5\ARM\ARMCC\Bin\..\lib\armlib\c_p.l(rt_memclr.o)
    0x00000eee   0x00000eee   0x00000002   PAD
    0x00000ef0   0x00000ef0   0x0000006c   Code   RO         2968    .text               C:\Keil_v5\ARM\ARMCC\Bin\..\lib\armlib\c_p.l(strncpy.o)
    0x00000f5c   0x00000f5c   0x000000a0   Code   RO         2970    .text               C:\Keil_v5\ARM\ARMCC\Bin\..\lib\armlib\c_p.l(strcmpv6m.o)
    0x00000ffc   0x00000ffc   0x000001e8   Code   RO         2972    .text               C:\Keil_v5\ARM\ARMCC\Bin\..\lib\armlib\c_p.l(aeabi_sdivfast.o)
    0x000011e4   0x000011e4   0x00000024   Code   RO         2981    .text               C:\Keil_v5\ARM\ARMCC\Bin\..\lib\armlib\c_p.l(init_aeabi.o)
    0x00001208   0x00001208   0x00000022   Code   RO         3093    .text               C:\Keil_v5\ARM\ARMCC\Bin\..\lib\cpplib\cpprt_p.l(aeabi_vec_dtor_noexceptions.o)
    0x0000122a   0x0000122a   0x00000002   PAD
    0x0000122c   0x0000122c   0x00000008   Code   RO         3125    .text               C:\Keil_v5\ARM\ARMCC\Bin\..\lib\armlib\c_p.l(rt_heap_descriptor.o)
    0x00001234   0x00001234   0x00000004   Code   RO         3130    .text               C:\Keil_v5\ARM\ARMCC\Bin\..\lib\armlib\c_p.l(hguard.o)
    0x00001238   0x00001238   0x00000088   Code   RO         3132    .text               C:\Keil_v5\ARM\ARMCC\Bin\..\lib\armlib\c_p.l(init_alloc.o)
    0x000012c0   0x000012c0   0x0000000e   Code   RO         3136    .text               C:\Keil_v5\ARM\ARMCC\Bin\..\lib\armlib\c_p.l(h1_init.o)
    0x000012ce   0x000012ce   0x00000024   Code   RO         3150    .text               C:\Keil_v5\ARM\ARMCC\Bin\..\lib\armlib\c_p.l(_printf_truncate.o)
    0x000012f2   0x000012f2   0x000000b0   Code   RO         3152    .text               C:\Keil_v5\ARM\ARMCC\Bin\..\lib\armlib\c_p.l(_printf_intcommon.o)
    0x000013a2   0x000013a2   0x00000026   Code   RO         3154    .text               C:\Keil_v5\ARM\ARMCC\Bin\..\lib\armlib\c_p.l(_printf_charcount.o)
    0x000013c8   0x000013c8   0x00000030   Code   RO         3156    .text               C:\Keil_v5\ARM\ARMCC\Bin\..\lib\armlib\c_p.l(_printf_char_common.o)
    0x000013f8   0x000013f8   0x0000000a   Code   RO         3158    .text               C:\Keil_v5\ARM\ARMCC\Bin\..\lib\armlib\c_p.l(_sputc.o)
    0x00001402   0x00001402   0x00000010   Code   RO         3160    .text               C:\Keil_v5\ARM\ARMCC\Bin\..\lib\armlib\c_p.l(_snputc.o)
    0x00001412   0x00001412   0x0000002e   Code   RO         3162    .text               C:\Keil_v5\ARM\ARMCC\Bin\..\lib\armlib\c_p.l(_printf_char.o)
    0x00001440   0x00001440   0x000000bc   Code   RO         3164    .text               C:\Keil_v5\ARM\ARMCC\Bin\..\lib\armlib\c_p.l(_printf_wctomb.o)
    0x000014fc   0x000014fc   0x00000070   Code   RO         3167    .text               C:\Keil_v5\ARM\ARMCC\Bin\..\lib\armlib\c_p.l(_printf_longlong_dec.o)
    0x0000156c   0x0000156c   0x00000070   Code   RO         3173    .text               C:\Keil_v5\ARM\ARMCC\Bin\..\lib\armlib\c_p.l(_printf_oct_int_ll.o)
    0x000015dc   0x000015dc   0x000000f4   Code   RO         3199    .text               C:\Keil_v5\ARM\ARMCC\Bin\..\lib\armlib\c_p.l(fseek.o)
    0x000016d0   0x000016d0   0x0000004c   Code   RO         3201    .text               C:\Keil_v5\ARM\ARMCC\Bin\..\lib\armlib\c_p.l(setvbuf.o)
    0x0000171c   0x0000171c   0x000000f0   Code   RO         3203    .text               C:\Keil_v5\ARM\ARMCC\Bin\..\lib\armlib\c_p.l(stdio.o)
    0x0000180c   0x0000180c   0x0000013c   Code   RO         3206    .text               C:\Keil_v5\ARM\ARMCC\Bin\..\lib\armlib\c_p.l(initio.o)
    0x00001948   0x00001948   0x0000004c   Code   RO         3208    .text               C:\Keil_v5\ARM\ARMCC\Bin\..\lib\armlib\c_p.l(fclose.o)
    0x00001994   0x00001994   0x00000014   Code   RO         3216    .text               C:\Keil_v5\ARM\ARMCC\Bin\..\lib\armlib\c_p.l(abort.o)
    0x000019a8   0x000019a8   0x00000014   Code   RO         3218    .text               C:\Keil_v5\ARM\ARMCC\Bin\..\lib\armlib\c_p.l(assert_puts.o)
    0x000019bc   0x000019bc   0x00000028   Code   RO         3220    .text               C:\Keil_v5\ARM\ARMCC\Bin\..\lib\armlib\c_p.l(rtudiv10.o)
    0x000019e4   0x000019e4   0x0000000c   Code   RO         3296    .text               C:\Keil_v5\ARM\ARMCC\Bin\..\lib\armlib\c_p.l(sys_wrch.o)
    0x000019f0   0x000019f0   0x0000000c   Code   RO         3298    .text               C:\Keil_v5\ARM\ARMCC\Bin\..\lib\armlib\c_p.l(sys_exit.o)
    0x000019fc   0x000019fc   0x00000034   Code   RO         3321    .text               C:\Keil_v5\ARM\ARMCC\Bin\..\lib\armlib\c_p.l(h1_extend.o)
    0x00001a30   0x00001a30   0x0000007a   Code   RO         3325    .text               C:\Keil_v5\ARM\ARMCC\Bin\..\lib\armlib\c_p.l(lludiv10.o)
    0x00001aaa   0x00001aaa   0x00000002   PAD
    0x00001aac   0x00001aac   0x00000418   Code   RO         3327    .text               C:\Keil_v5\ARM\ARMCC\Bin\..\lib\armlib\c_p.l(_printf_fp_dec.o)
    0x00001ec4   0x00001ec4   0x000002d8   Code   RO         3329    .text               C:\Keil_v5\ARM\ARMCC\Bin\..\lib\armlib\c_p.l(_printf_fp_hex.o)
    0x0000219c   0x0000219c   0x0000002e   Code   RO         3334    .text               C:\Keil_v5\ARM\ARMCC\Bin\..\lib\armlib\c_p.l(_printf_wchar.o)
    0x000021ca   0x000021ca   0x00000042   Code   RO         3336    .text               C:\Keil_v5\ARM\ARMCC\Bin\..\lib\armlib\c_p.l(ftell.o)
    0x0000220c   0x0000220c   0x00000040   Code   RO         3352    .text               C:\Keil_v5\ARM\ARMCC\Bin\..\lib\armlib\c_p.l(_wcrtomb.o)
    0x0000224c   0x0000224c   0x0000000c   Code   RO         3354    .text               C:\Keil_v5\ARM\ARMCC\Bin\..\lib\armlib\c_p.l(defsig_abrt_outer.o)
    0x00002258   0x00002258   0x0000000c   Code   RO         3358    .text               C:\Keil_v5\ARM\ARMCC\Bin\..\lib\armlib\c_p.l(defsig_rtred_outer.o)
    0x00002264   0x00002264   0x0000000c   Code   RO         3362    .text               C:\Keil_v5\ARM\ARMCC\Bin\..\lib\armlib\c_p.l(defsig_rtmem_outer.o)
    0x00002270   0x00002270   0x00000050   Code   RO         3366    .text               C:\Keil_v5\ARM\ARMCC\Bin\..\lib\armlib\c_p.l(heapauxa.o)
    0x000022c0   0x000022c0   0x00000002   Code   RO         3407    .text               C:\Keil_v5\ARM\ARMCC\Bin\..\lib\armlib\c_p.l(use_no_semi.o)
    0x000022c2   0x000022c2   0x00000000   Code   RO         3409    .text               C:\Keil_v5\ARM\ARMCC\Bin\..\lib\armlib\c_p.l(indicate_semi.o)
    0x000022c2   0x000022c2   0x00000002   PAD
    0x000022c4   0x000022c4   0x00000010   Code   RO         3410    .text               C:\Keil_v5\ARM\ARMCC\Bin\..\lib\armlib\c_p.l(rt_ctype_table.o)
    0x000022d4   0x000022d4   0x00000008   Code   RO         3414    .text               C:\Keil_v5\ARM\ARMCC\Bin\..\lib\armlib\c_p.l(rt_locale.o)
    0x000022dc   0x000022dc   0x00000088   Code   RO         3426    .text               C:\Keil_v5\ARM\ARMCC\Bin\..\lib\armlib\c_p.l(_printf_fp_infnan.o)
    0x00002364   0x00002364   0x000000d8   Code   RO         3428    .text               C:\Keil_v5\ARM\ARMCC\Bin\..\lib\armlib\c_p.l(bigflt0.o)
    0x0000243c   0x0000243c   0x00000580   Code   RO         3431    .text               C:\Keil_v5\ARM\ARMCC\Bin\..\lib\armlib\c_p.l(btod.o)
    0x000029bc   0x000029bc   0x0000000c   Code   RO         3438    .text               C:\Keil_v5\ARM\ARMCC\Bin\..\lib\armlib\c_p.l(defsig_exit.o)
    0x000029c8   0x000029c8   0x00000030   Code   RO         3440    .text               C:\Keil_v5\ARM\ARMCC\Bin\..\lib\armlib\c_p.l(defsig_abrt_inner.o)
    0x000029f8   0x000029f8   0x00000034   Code   RO         3446    .text               C:\Keil_v5\ARM\ARMCC\Bin\..\lib\armlib\c_p.l(defsig_rtred_inner.o)
    0x00002a2c   0x00002a2c   0x00000050   Code   RO         3448    .text               C:\Keil_v5\ARM\ARMCC\Bin\..\lib\armlib\c_p.l(defsig_rtmem_inner.o)
    0x00002a7c   0x00002a7c   0x00000034   Code   RO         3483    .text               C:\Keil_v5\ARM\ARMCC\Bin\..\lib\armlib\c_p.l(defsig_general.o)
    0x00002ab0   0x00002ab0   0x0000000c   Code   RO         1239    i.$Sub$$main        mbed/TARGET_KW41Z/TOOLCHAIN_ARM_STD/mbed_sdk_boot.o
    0x00002abc   0x00002abc   0x0000000c   Code   RO         2527    i.<Func1>           mbed/TARGET_KW41Z/TOOLCHAIN_ARM_STD/mbed.ar(SerialBase.o)
    0x00002ac8   0x00002ac8   0x000000c0   Code   RO          158    i.BOARD_BootClockRUN  mbed/TARGET_KW41Z/TOOLCHAIN_ARM_STD/fsl_clock_config.o
    0x00002b88   0x00002b88   0x00000060   Code   RO           79    i.CLOCK_BootToFeeMode  mbed/TARGET_KW41Z/TOOLCHAIN_ARM_STD/fsl_clock.o
    0x00002be8   0x00002be8   0x0000005c   Code   RO           87    i.CLOCK_GetEr32kClkFreq  mbed/TARGET_KW41Z/TOOLCHAIN_ARM_STD/fsl_clock.o
    0x00002c44   0x00002c44   0x00000098   Code   RO           91    i.CLOCK_GetFllRefClkFreq  mbed/TARGET_KW41Z/TOOLCHAIN_ARM_STD/fsl_clock.o
    0x00002cdc   0x00002cdc   0x0000012c   Code   RO           92    i.CLOCK_GetFreq     mbed/TARGET_KW41Z/TOOLCHAIN_ARM_STD/fsl_clock.o
    0x00002e08   0x00002e08   0x000000a8   Code   RO           96    i.CLOCK_GetOutClkFreq  mbed/TARGET_KW41Z/TOOLCHAIN_ARM_STD/fsl_clock.o
    0x00002eb0   0x00002eb0   0x0000004c   Code   RO           99    i.CLOCK_InitOsc0    mbed/TARGET_KW41Z/TOOLCHAIN_ARM_STD/fsl_clock.o
    0x00002efc   0x00002efc   0x00000010   Code   RO          161    i.CLOCK_SYS_FllStableDelay  mbed/TARGET_KW41Z/TOOLCHAIN_ARM_STD/fsl_clock_config.o
    0x00002f0c   0x00002f0c   0x00000064   Code   RO          106    i.CLOCK_SetFeeMode  mbed/TARGET_KW41Z/TOOLCHAIN_ARM_STD/fsl_clock.o
    0x00002f70   0x00002f70   0x00000078   Code   RO          108    i.CLOCK_SetInternalRefClkConfig  mbed/TARGET_KW41Z/TOOLCHAIN_ARM_STD/fsl_clock.o
    0x00002fe8   0x00002fe8   0x00000024   Code   RO          112    i.CLOCK_SetSimConfig  mbed/TARGET_KW41Z/TOOLCHAIN_ARM_STD/fsl_clock.o
    0x0000300c   0x0000300c   0x00000010   Code   RO          406    i.DMA0_DriverIRQHandler  mbed/TARGET_KW41Z/TOOLCHAIN_ARM_STD/fsl_edma.o
    0x0000301c   0x0000301c   0x00000010   Code   RO          407    i.DMA1_DriverIRQHandler  mbed/TARGET_KW41Z/TOOLCHAIN_ARM_STD/fsl_edma.o
    0x0000302c   0x0000302c   0x00000010   Code   RO          408    i.DMA2_DriverIRQHandler  mbed/TARGET_KW41Z/TOOLCHAIN_ARM_STD/fsl_edma.o
    0x0000303c   0x0000303c   0x00000010   Code   RO          409    i.DMA3_DriverIRQHandler  mbed/TARGET_KW41Z/TOOLCHAIN_ARM_STD/fsl_edma.o
    0x0000304c   0x0000304c   0x000000bc   Code   RO          419    i.EDMA_HandleIRQ    mbed/TARGET_KW41Z/TOOLCHAIN_ARM_STD/fsl_edma.o
    0x00003108   0x00003108   0x00000028   Code   RO          558    i.I2C0_DriverIRQHandler  mbed/TARGET_KW41Z/TOOLCHAIN_ARM_STD/fsl_i2c.o
    0x00003130   0x00003130   0x00000028   Code   RO          559    i.I2C1_DriverIRQHandler  mbed/TARGET_KW41Z/TOOLCHAIN_ARM_STD/fsl_i2c.o
    0x00003158   0x00003158   0x00000030   Code   RO          660    i.LPTMR_GetDefaultConfig  mbed/TARGET_KW41Z/TOOLCHAIN_ARM_STD/fsl_lptmr.o
    0x00003188   0x00003188   0x000000b0   Code   RO          661    i.LPTMR_Init        mbed/TARGET_KW41Z/TOOLCHAIN_ARM_STD/fsl_lptmr.o
    0x00003238   0x00003238   0x00000014   Code   RO          671    i.LPUART0_DriverIRQHandler  mbed/TARGET_KW41Z/TOOLCHAIN_ARM_STD/fsl_lpuart.o
    0x0000324c   0x0000324c   0x0000003c   Code   RO          672    i.LPUART_ClearStatusFlags  mbed/TARGET_KW41Z/TOOLCHAIN_ARM_STD/fsl_lpuart.o
    0x00003288   0x00003288   0x00000018   Code   RO          674    i.LPUART_DisableInterrupts  mbed/TARGET_KW41Z/TOOLCHAIN_ARM_STD/fsl_lpuart.o
    0x000032a0   0x000032a0   0x00000018   Code   RO          675    i.LPUART_EnableInterrupts  mbed/TARGET_KW41Z/TOOLCHAIN_ARM_STD/fsl_lpuart.o
    0x000032b8   0x000032b8   0x00000034   Code   RO          676    i.LPUART_GetDefaultConfig  mbed/TARGET_KW41Z/TOOLCHAIN_ARM_STD/fsl_lpuart.o
    0x000032ec   0x000032ec   0x00000018   Code   RO          677    i.LPUART_GetEnabledInterrupts  mbed/TARGET_KW41Z/TOOLCHAIN_ARM_STD/fsl_lpuart.o
    0x00003304   0x00003304   0x0000004c   Code   RO          678    i.LPUART_GetInstance  mbed/TARGET_KW41Z/TOOLCHAIN_ARM_STD/fsl_lpuart.o
    0x00003350   0x00003350   0x00000004   Code   RO          679    i.LPUART_GetStatusFlags  mbed/TARGET_KW41Z/TOOLCHAIN_ARM_STD/fsl_lpuart.o
    0x00003354   0x00003354   0x000001cc   Code   RO          680    i.LPUART_Init       mbed/TARGET_KW41Z/TOOLCHAIN_ARM_STD/fsl_lpuart.o
    0x00003520   0x00003520   0x000000c8   Code   RO          681    i.LPUART_ReadBlocking  mbed/TARGET_KW41Z/TOOLCHAIN_ARM_STD/fsl_lpuart.o
    0x000035e8   0x000035e8   0x000000f8   Code   RO          682    i.LPUART_SetBaudRate  mbed/TARGET_KW41Z/TOOLCHAIN_ARM_STD/fsl_lpuart.o
    0x000036e0   0x000036e0   0x00000010   Code   RO         1081    i.NMI_Handler       mbed/TARGET_KW41Z/TOOLCHAIN_ARM_STD/mbed_overrides.o
    0x000036f0   0x000036f0   0x00000094   Code   RO          833    i.PIT_Init          mbed/TARGET_KW41Z/TOOLCHAIN_ARM_STD/fsl_pit.o
    0x00003784   0x00003784   0x00000050   Code   RO          341    i.SPI0_DriverIRQHandler  mbed/TARGET_KW41Z/TOOLCHAIN_ARM_STD/fsl_dspi.o
    0x000037d4   0x000037d4   0x00000050   Code   RO          342    i.SPI1_DriverIRQHandler  mbed/TARGET_KW41Z/TOOLCHAIN_ARM_STD/fsl_dspi.o
    0x00003824   0x00003824   0x0000000c   Code   RO         1415    i.SystemInit        mbed/TARGET_KW41Z/TOOLCHAIN_ARM_STD/system_MKW41Z4.o
    0x00003830   0x00003830   0x000000c0   Code   RO         1869    i._Z10ICMPpacketv   .\build\ppp-blinky.o
    0x000038f0   0x000038f0   0x00000002   Code   RO         1870    i._Z10IGMPpacketv   .\build\ppp-blinky.o
    0x000038f2   0x000038f2   0x00000002   Code   RO         1871    i._Z10LCPconfAckv   .\build\ppp-blinky.o
    0x000038f4   0x000038f4   0x00000060   Code   RO         1872    i._Z10LCPconfReqv   .\build\ppp-blinky.o
    0x00003954   0x00003954   0x00000076   Code   RO         2429    i._Z10SHA1UpdateP8SHA1_CTXPKhj  .\build\sha1.o
    0x000039ca   0x000039ca   0x0000001c   Code   RO         1873    i._Z10bufferToIPPc  .\build\ppp-blinky.o
    0x000039e6   0x000039e6   0x00000002   PAD
    0x000039e8   0x000039e8   0x00000024   Code   RO         1874    i._Z10led1Togglev   .\build\ppp-blinky.o
    0x00003a0c   0x00003a0c   0x00000260   Code   RO         1875    i._Z10tcpHandlerv   .\build\ppp-blinky.o
    0x00003c6c   0x00003c6c   0x00000002   Code   RO         1876    i._Z11dumpDataTCPi  .\build\ppp-blinky.o
    0x00003c6e   0x00003c6e   0x00000002   Code   RO         1877    i._Z11sendUdpDatav  .\build\ppp-blinky.o
    0x00003c70   0x00003c70   0x00000040   Code   RO         1878    i._Z11swapIpPortsv  .\build\ppp-blinky.o
    0x00003cb0   0x00003cb0   0x00000084   Code   RO         1879    i._Z11tcpResponsePciPi  .\build\ppp-blinky.o
    0x00003d34   0x00003d34   0x0000000c   Code   RO         1880    i._Z12connectedPppv  .\build\ppp-blinky.o
    0x00003d40   0x00003d40   0x0000007c   Code   RO         1881    i._Z12dataCheckSumPcii  .\build\ppp-blinky.o
    0x00003dbc   0x00003dbc   0x00000002   Code   RO         1882    i._Z12dumpHeaderIPi  .\build\ppp-blinky.o
    0x00003dbe   0x00003dbe   0x00000002   PAD
    0x00003dc0   0x00003dc0   0x00000074   Code   RO         1883    i._Z12dumpPPPFramev  .\build\ppp-blinky.o
    0x00003e34   0x00003e34   0x000002f4   Code   RO         1884    i._Z12httpResponsePcPi  .\build\ppp-blinky.o
    0x00004128   0x00004128   0x00000074   Code   RO         1885    i._Z12sendPppFramev  .\build\ppp-blinky.o
    0x0000419c   0x0000419c   0x0000163c   Code   RO         2430    i._Z13SHA1TransformPjPKh  .\build\sha1.o
    0x000057d8   0x000057d8   0x00000002   Code   RO         1886    i._Z13dumpHeaderTCPi  .\build\ppp-blinky.o
    0x000057da   0x000057da   0x00000002   PAD
    0x000057dc   0x000057dc   0x00000078   Code   RO         1887    i._Z13initializePppv  .\build\ppp-blinky.o
    0x00005854   0x00005854   0x00000002   Code   RO         1888    i._Z13otherProtocolv  .\build\ppp-blinky.o
    0x00005856   0x00005856   0x00000002   PAD
    0x00005858   0x00005858   0x00000060   Code   RO         1889    i._Z13pppInitStructv  .\build\ppp-blinky.o
    0x000058b8   0x000058b8   0x00000002   Code   RO         1890    i._Z14discardedFramev  .\build\ppp-blinky.o
    0x000058ba   0x000058ba   0x00000002   Code   RO         1891    i._Z14ipcpAckHandlerv  .\build\ppp-blinky.o
    0x000058bc   0x000058bc   0x00000028   Code   RO         1892    i._Z15ipcpNackHandlerv  .\build\ppp-blinky.o
    0x000058e4   0x000058e4   0x00000114   Code   RO         1893    i._Z15processPPPFrameii  .\build\ppp-blinky.o
    0x000059f8   0x000059f8   0x00000020   Code   RO         1894    i._Z15swapIpAddressesv  .\build\ppp-blinky.o
    0x00005a18   0x00005a18   0x00000070   Code   RO         1895    i._Z15waitForPppFramev  .\build\ppp-blinky.o
    0x00005a88   0x00005a88   0x0000004c   Code   RO         1896    i._Z16IpHeaderCheckSumv  .\build\ppp-blinky.o
    0x00005ad4   0x00005ad4   0x00000208   Code   RO         1897    i._Z16webSocketHandlerPc  .\build\ppp-blinky.o
    0x00005cdc   0x00005cdc   0x00000064   Code   RO         1898    i._Z17pppReceiveHandlerv  .\build\ppp-blinky.o
    0x00005d40   0x00005d40   0x00000002   Code   RO         1899    i._Z18ipcpDefaultHandlerv  .\build\ppp-blinky.o
    0x00005d42   0x00005d42   0x00000002   PAD
    0x00005d44   0x00005d44   0x00000068   Code   RO         1900    i._Z19determinePacketTypev  .\build\ppp-blinky.o
    0x00005dac   0x00005dac   0x00000060   Code   RO         1901    i._Z20checkSumPseudoHeaderj  .\build\ppp-blinky.o
    0x00005e0c   0x00005e0c   0x00000002   Code   RO         1903    i._Z22putsWhileCheckingInputPc  .\build\ppp-blinky.o
    0x00005e0e   0x00005e0e   0x00000002   PAD
    0x00005e10   0x00005e10   0x00000058   Code   RO         1904    i._Z22waitForPcConnectStringv  .\build\ppp-blinky.o
    0x00005e68   0x00005e68   0x00000070   Code   RO         1905    i._Z24ipcpConfigRequestHandlerv  .\build\ppp-blinky.o
    0x00005ed8   0x00005ed8   0x0000001c   Code   RO         1906    i._Z24pcPutcWhileCheckingInputi  .\build\ppp-blinky.o
    0x00005ef4   0x00005ef4   0x00000030   Code   RO         2431    i._Z4sha1PcPKci     .\build\sha1.o
    0x00005f24   0x00005f24   0x000000b8   Code   RO         1908    i._Z5enc64PcS_i     .\build\ppp-blinky.o
    0x00005fdc   0x00005fdc   0x00000044   Code   RO         1909    i._Z5fcsDoi         .\build\ppp-blinky.o
    0x00006020   0x00006020   0x00000028   Code   RO         1911    i._Z6LCPendv        .\build\ppp-blinky.o
    0x00006048   0x00006048   0x00000028   Code   RO         1912    i._Z6fcsBufPci      .\build\ppp-blinky.o
    0x00006070   0x00006070   0x0000014c   Code   RO         1913    i._Z6initIPjjjjj    .\build\ppp-blinky.o
    0x000061bc   0x000061bc   0x00000044   Code   RO         1914    i._Z7IPframev       .\build\ppp-blinky.o
    0x00006200   0x00006200   0x00000002   Code   RO         1915    i._Z7checkPcv       .\build\ppp-blinky.o
    0x00006202   0x00006202   0x0000002a   Code   RO         1916    i._Z7hdlcPuti       .\build\ppp-blinky.o
    0x0000622c   0x0000622c   0x000000dc   Code   RO         1917    i._Z7sendUdpjjjjPci  .\build\ppp-blinky.o
    0x00006308   0x00006308   0x00000038   Code   RO         1918    i._Z8LCPframev      .\build\ppp-blinky.o
    0x00006340   0x00006340   0x00000008   Code   RO         1919    i._Z8LCPotherv      .\build\ppp-blinky.o
    0x00006348   0x00006348   0x0000002c   Code   RO         2432    i._Z8SHA1InitP8SHA1_CTX  .\build\sha1.o
    0x00006374   0x00006374   0x00000010   Code   RO         1920    i._Z8fcsResetv      .\build\ppp-blinky.o
    0x00006384   0x00006384   0x00000038   Code   RO         1921    i._Z9IPCPframev     .\build\ppp-blinky.o
    0x000063bc   0x000063bc   0x00000098   Code   RO         2433    i._Z9SHA1FinalPhP8SHA1_CTX  .\build\sha1.o
    0x00006454   0x00006454   0x0000001a   Code   RO         1922    i._Z9TCPpacketv     .\build\ppp-blinky.o
    0x0000646e   0x0000646e   0x00000002   PAD
    0x00006470   0x00006470   0x000001e0   Code   RO         1923    i._Z9UDPpacketv     .\build\ppp-blinky.o
    0x00006650   0x00006650   0x00000028   Code   RO         1924    i._Z9pc_getBufv     .\build\ppp-blinky.o
    0x00006678   0x00006678   0x00000016   Code   RO         2291    i._ZN4mbed10DigitalOutC1E7PinName  .\build\ppp-blinky.o
    0x0000668e   0x0000668e   0x00000016   Code   RO         2279    i._ZN4mbed10DigitalOutaSEi  .\build\ppp-blinky.o
    0x000066a4   0x000066a4   0x0000000a   Code   RO         2528    i._ZN4mbed10SerialBase10_base_getcEv  mbed/TARGET_KW41Z/TOOLCHAIN_ARM_STD/mbed.ar(SerialBase.o)
    0x000066ae   0x000066ae   0x0000000e   Code   RO         2529    i._ZN4mbed10SerialBase10_base_putcEi  mbed/TARGET_KW41Z/TOOLCHAIN_ARM_STD/mbed.ar(SerialBase.o)
    0x000066bc   0x000066bc   0x00000012   Code   RO         2531    i._ZN4mbed10SerialBase12_irq_handlerEj9SerialIrq  mbed/TARGET_KW41Z/TOOLCHAIN_ARM_STD/mbed.ar(SerialBase.o)
    0x000066ce   0x000066ce   0x00000022   Code   RO         2532    i._ZN4mbed10SerialBase4baudEi  mbed/TARGET_KW41Z/TOOLCHAIN_ARM_STD/mbed.ar(SerialBase.o)
    0x000066f0   0x000066f0   0x00000002   Code   RO         2533    i._ZN4mbed10SerialBase4lockEv  mbed/TARGET_KW41Z/TOOLCHAIN_ARM_STD/mbed.ar(SerialBase.o)
    0x000066f2   0x000066f2   0x000000b8   Code   RO         2534    i._ZN4mbed10SerialBase6attachENS_8CallbackIFvvEEENS0_7IrqTypeE  mbed/TARGET_KW41Z/TOOLCHAIN_ARM_STD/mbed.ar(SerialBase.o)
    0x000067aa   0x000067aa   0x00000002   Code   RO         2536    i._ZN4mbed10SerialBase6unlockEv  mbed/TARGET_KW41Z/TOOLCHAIN_ARM_STD/mbed.ar(SerialBase.o)
    0x000067ac   0x000067ac   0x00000020   Code   RO         2537    i._ZN4mbed10SerialBase8readableEv  mbed/TARGET_KW41Z/TOOLCHAIN_ARM_STD/mbed.ar(SerialBase.o)
    0x000067cc   0x000067cc   0x00000098   Code   RO         2539    i._ZN4mbed10SerialBaseC1E7PinNameS1_i  mbed/TARGET_KW41Z/TOOLCHAIN_ARM_STD/mbed.ar(SerialBase.o)
    0x00006864   0x00006864   0x00000100   Code   RO         2541    i._ZN4mbed10SerialBaseD1Ev  mbed/TARGET_KW41Z/TOOLCHAIN_ARM_STD/mbed.ar(SerialBase.o)
    0x00006964   0x00006964   0x00000004   Code   RO         2757    i._ZN4mbed8FileBase11getPathTypeEv  mbed/TARGET_KW41Z/TOOLCHAIN_ARM_STD/mbed.ar(FileBase.o)
    0x00006968   0x00006968   0x00000070   Code   RO         2759    i._ZN4mbed8FileBase6lookupEPKcj  mbed/TARGET_KW41Z/TOOLCHAIN_ARM_STD/mbed.ar(FileBase.o)
    0x000069d8   0x000069d8   0x00000020   Code   RO         2659    i._ZN4mbed8FilePath10fileSystemEv  mbed/TARGET_KW41Z/TOOLCHAIN_ARM_STD/mbed.ar(FilePath.o)
    0x000069f8   0x000069f8   0x00000020   Code   RO         2661    i._ZN4mbed8FilePath4fileEv  mbed/TARGET_KW41Z/TOOLCHAIN_ARM_STD/mbed.ar(FilePath.o)
    0x00006a18   0x00006a18   0x0000000a   Code   RO         2662    i._ZN4mbed8FilePath6existsEv  mbed/TARGET_KW41Z/TOOLCHAIN_ARM_STD/mbed.ar(FilePath.o)
    0x00006a22   0x00006a22   0x00000018   Code   RO         2663    i._ZN4mbed8FilePath6isFileEv  mbed/TARGET_KW41Z/TOOLCHAIN_ARM_STD/mbed.ar(FilePath.o)
    0x00006a3a   0x00006a3a   0x00000004   Code   RO         2664    i._ZN4mbed8FilePath8fileNameEv  mbed/TARGET_KW41Z/TOOLCHAIN_ARM_STD/mbed.ar(FilePath.o)
    0x00006a3e   0x00006a3e   0x00000044   Code   RO         2665    i._ZN4mbed8FilePathC1EPKc  mbed/TARGET_KW41Z/TOOLCHAIN_ARM_STD/mbed.ar(FilePath.o)
    0x00006a82   0x00006a82   0x00000020   Code   RO         2485    i._ZN4mbed9RawSerial4getcEv  mbed/TARGET_KW41Z/TOOLCHAIN_ARM_STD/mbed.ar(RawSerial.o)
    0x00006aa2   0x00006aa2   0x00000002   Code   RO         2486    i._ZN4mbed9RawSerial4lockEv  mbed/TARGET_KW41Z/TOOLCHAIN_ARM_STD/mbed.ar(RawSerial.o)
    0x00006aa4   0x00006aa4   0x00000024   Code   RO         2487    i._ZN4mbed9RawSerial4putcEi  mbed/TARGET_KW41Z/TOOLCHAIN_ARM_STD/mbed.ar(RawSerial.o)
    0x00006ac8   0x00006ac8   0x00000042   Code   RO         2488    i._ZN4mbed9RawSerial4putsEPKc  mbed/TARGET_KW41Z/TOOLCHAIN_ARM_STD/mbed.ar(RawSerial.o)
    0x00006b0a   0x00006b0a   0x00000002   Code   RO         2490    i._ZN4mbed9RawSerial6unlockEv  mbed/TARGET_KW41Z/TOOLCHAIN_ARM_STD/mbed.ar(RawSerial.o)
    0x00006b0c   0x00006b0c   0x00000010   Code   RO         2491    i._ZN4mbed9RawSerialC1E7PinNameS1_i  mbed/TARGET_KW41Z/TOOLCHAIN_ARM_STD/mbed.ar(RawSerial.o)
    0x00006b1c   0x00006b1c   0x00000008   Code   RO         2515    i._ZN4mbed9RawSerialD1Ev  mbed/TARGET_KW41Z/TOOLCHAIN_ARM_STD/mbed.ar(RawSerial.o)
    0x00006b24   0x00006b24   0x00000010   Code   RO         2285    i._ZSt6strstrPcPKc  .\build\ppp-blinky.o
    0x00006b34   0x00006b34   0x00000030   Code   RO         3433    i.__ARM_common_ll_muluu  C:\Keil_v5\ARM\ARMCC\Bin\..\lib\armlib\c_p.l(btod.o)
    0x00006b64   0x00006b64   0x0000002c   Code   RO         3470    i.__ARM_fpclassify  C:\Keil_v5\ARM\ARMCC\Bin\..\lib\armlib\m_ps.l(fpclassify.o)
    0x00006b90   0x00006b90   0x00000004   Code   RO         1102    i.__aeabi_atexit    mbed/TARGET_KW41Z/TOOLCHAIN_ARM_STD/mbed_retarget.o
    0x00006b94   0x00006b94   0x00000022   Code   RO         3090    i.__aeabi_vec_ctor_nocookie_nodtor  C:\Keil_v5\ARM\ARMCC\Bin\..\lib\cpplib\cpprt_p.l(aeabi_vec_ctor_nocookie_nodtor.o)
    0x00006bb6   0x00006bb6   0x00000002   PAD
    0x00006bb8   0x00006bb8   0x00000048   Code   RO         1925    i.__sti___14_ppp_blinky_cpp_pc  .\build\ppp-blinky.o
    0x00006c00   0x00006c00   0x00000008   Code   RO         1105    i.__user_setup_stackheap  mbed/TARGET_KW41Z/TOOLCHAIN_ARM_STD/mbed_retarget.o
    0x00006c08   0x00006c08   0x0000000e   Code   RO         2912    i._is_digit         C:\Keil_v5\ARM\ARMCC\Bin\..\lib\armlib\c_p.l(__printf_wp.o)
    0x00006c16   0x00006c16   0x00000002   PAD
    0x00006c18   0x00006c18   0x00000010   Code   RO         1106    i._mbed_user_setup_stackheap  mbed/TARGET_KW41Z/TOOLCHAIN_ARM_STD/mbed_retarget.o
    0x00006c28   0x00006c28   0x00000020   Code   RO         1240    i._platform_post_stackheap_init  mbed/TARGET_KW41Z/TOOLCHAIN_ARM_STD/mbed_sdk_boot.o
    0x00006c48   0x00006c48   0x00000048   Code   RO         1107    i._sys_close        mbed/TARGET_KW41Z/TOOLCHAIN_ARM_STD/mbed_retarget.o
    0x00006c90   0x00006c90   0x0000004c   Code   RO         1110    i._sys_flen         mbed/TARGET_KW41Z/TOOLCHAIN_ARM_STD/mbed_retarget.o
    0x00006cdc   0x00006cdc   0x00000040   Code   RO         1111    i._sys_istty        mbed/TARGET_KW41Z/TOOLCHAIN_ARM_STD/mbed_retarget.o
    0x00006d1c   0x00006d1c   0x00000220   Code   RO         1112    i._sys_open         mbed/TARGET_KW41Z/TOOLCHAIN_ARM_STD/mbed_retarget.o
    0x00006f3c   0x00006f3c   0x0000004c   Code   RO         1114    i._sys_seek         mbed/TARGET_KW41Z/TOOLCHAIN_ARM_STD/mbed_retarget.o
    0x00006f88   0x00006f88   0x00000084   Code   RO         1115    i._sys_write        mbed/TARGET_KW41Z/TOOLCHAIN_ARM_STD/mbed_retarget.o
    0x0000700c   0x0000700c   0x0000001a   Code   RO         2696    i.core_util_atomic_decr_u16  mbed/TARGET_KW41Z/TOOLCHAIN_ARM_STD/mbed.ar(mbed_critical.o)
    0x00007026   0x00007026   0x0000001a   Code   RO         2700    i.core_util_atomic_incr_u16  mbed/TARGET_KW41Z/TOOLCHAIN_ARM_STD/mbed.ar(mbed_critical.o)
    0x00007040   0x00007040   0x000000c8   Code   RO         2703    i.core_util_critical_section_enter  mbed/TARGET_KW41Z/TOOLCHAIN_ARM_STD/mbed.ar(mbed_critical.o)
    0x00007108   0x00007108   0x00000094   Code   RO         2704    i.core_util_critical_section_exit  mbed/TARGET_KW41Z/TOOLCHAIN_ARM_STD/mbed.ar(mbed_critical.o)
    0x0000719c   0x0000719c   0x0000002c   Code   RO         2727    i.error             mbed/TARGET_KW41Z/TOOLCHAIN_ARM_STD/mbed.ar(mbed_error.o)
    0x000071c8   0x000071c8   0x00000020   Code   RO         1118    i.exit              mbed/TARGET_KW41Z/TOOLCHAIN_ARM_STD/mbed_retarget.o
    0x000071e8   0x000071e8   0x00000008   Code   RO         2624    i.get_us_ticker_data  mbed/TARGET_KW41Z/TOOLCHAIN_ARM_STD/mbed.ar(mbed_us_ticker_api.o)
    0x000071f0   0x000071f0   0x00000064   Code   RO          989    i.gpio_dir          mbed/TARGET_KW41Z/TOOLCHAIN_ARM_STD/gpio_api.o
    0x00007254   0x00007254   0x00000014   Code   RO          990    i.gpio_init         mbed/TARGET_KW41Z/TOOLCHAIN_ARM_STD/gpio_api.o
    0x00007268   0x00007268   0x00000022   Code   RO         2594    i.gpio_init_in      mbed/TARGET_KW41Z/TOOLCHAIN_ARM_STD/mbed.ar(mbed_gpio.o)
    0x0000728a   0x0000728a   0x0000002c   Code   RO         2597    i.gpio_init_out     mbed/TARGET_KW41Z/TOOLCHAIN_ARM_STD/mbed.ar(mbed_gpio.o)
    0x000072b6   0x000072b6   0x0000000e   Code   RO          991    i.gpio_mode         mbed/TARGET_KW41Z/TOOLCHAIN_ARM_STD/gpio_api.o
    0x000072c4   0x000072c4   0x0000004c   Code   RO          992    i.gpio_read         mbed/TARGET_KW41Z/TOOLCHAIN_ARM_STD/gpio_api.o
    0x00007310   0x00007310   0x0000005c   Code   RO          994    i.gpio_write        mbed/TARGET_KW41Z/TOOLCHAIN_ARM_STD/gpio_api.o
    0x0000736c   0x0000736c   0x00000024   Code   RO         1433    i.lptmr_isr         mbed/TARGET_KW41Z/TOOLCHAIN_ARM_STD/us_ticker.o
    0x00007390   0x00007390   0x0000001a   Code   RO         1452    i.main              .\build\main.o
    0x000073aa   0x000073aa   0x00000002   PAD
    0x000073ac   0x000073ac   0x00000054   Code   RO         2684    i.mbed_assert_internal  mbed/TARGET_KW41Z/TOOLCHAIN_ARM_STD/mbed.ar(mbed_assert.o)
    0x00007400   0x00007400   0x00000060   Code   RO         1071    i.mbed_die          mbed/TARGET_KW41Z/TOOLCHAIN_ARM_STD/mbed_board.o
    0x00007460   0x00007460   0x0000005c   Code   RO         1072    i.mbed_error_printf  mbed/TARGET_KW41Z/TOOLCHAIN_ARM_STD/mbed_board.o
    0x000074bc   0x000074bc   0x00000054   Code   RO         1073    i.mbed_error_vfprintf  mbed/TARGET_KW41Z/TOOLCHAIN_ARM_STD/mbed_board.o
    0x00007510   0x00007510   0x00000002   Code   RO         1242    i.mbed_main         mbed/TARGET_KW41Z/TOOLCHAIN_ARM_STD/mbed_sdk_boot.o
    0x00007512   0x00007512   0x00000008   Code   RO         1082    i.mbed_sdk_init     mbed/TARGET_KW41Z/TOOLCHAIN_ARM_STD/mbed_overrides.o
    0x0000751a   0x0000751a   0x00000002   PAD
    0x0000751c   0x0000751c   0x00000078   Code   RO         1273    i.pin_function      mbed/TARGET_KW41Z/TOOLCHAIN_ARM_STD/pinmap.o
    0x00007594   0x00007594   0x00000070   Code   RO         1274    i.pin_mode          mbed/TARGET_KW41Z/TOOLCHAIN_ARM_STD/pinmap.o
    0x00007604   0x00007604   0x00000034   Code   RO         2611    i.pinmap_merge      mbed/TARGET_KW41Z/TOOLCHAIN_ARM_STD/mbed.ar(mbed_pinmap_common.o)
    0x00007638   0x00007638   0x0000005c   Code   RO         2612    i.pinmap_peripheral  mbed/TARGET_KW41Z/TOOLCHAIN_ARM_STD/mbed.ar(mbed_pinmap_common.o)
    0x00007694   0x00007694   0x00000054   Code   RO         2613    i.pinmap_pinout     mbed/TARGET_KW41Z/TOOLCHAIN_ARM_STD/mbed.ar(mbed_pinmap_common.o)
    0x000076e8   0x000076e8   0x00000066   Code   RO         2635    i.schedule_interrupt  mbed/TARGET_KW41Z/TOOLCHAIN_ARM_STD/mbed.ar(mbed_ticker_api.o)
    0x0000774e   0x0000774e   0x00000002   PAD
    0x00007750   0x00007750   0x0000002c   Code   RO         1341    i.serial_baud       mbed/TARGET_KW41Z/TOOLCHAIN_ARM_STD/serial_api.o
    0x0000777c   0x0000777c   0x0000001c   Code   RO         1347    i.serial_getc       mbed/TARGET_KW41Z/TOOLCHAIN_ARM_STD/serial_api.o
    0x00007798   0x00007798   0x00000108   Code   RO         1348    i.serial_init       mbed/TARGET_KW41Z/TOOLCHAIN_ARM_STD/serial_api.o
    0x000078a0   0x000078a0   0x00000014   Code   RO         1349    i.serial_irq_handler  mbed/TARGET_KW41Z/TOOLCHAIN_ARM_STD/serial_api.o
    0x000078b4   0x000078b4   0x000000e8   Code   RO         1350    i.serial_irq_set    mbed/TARGET_KW41Z/TOOLCHAIN_ARM_STD/serial_api.o
    0x0000799c   0x0000799c   0x00000044   Code   RO         1352    i.serial_putc       mbed/TARGET_KW41Z/TOOLCHAIN_ARM_STD/serial_api.o
    0x000079e0   0x000079e0   0x00000030   Code   RO         1353    i.serial_readable   mbed/TARGET_KW41Z/TOOLCHAIN_ARM_STD/serial_api.o
    0x00007a10   0x00007a10   0x00000060   Code   RO         2745    i.sleep_manager_lock_deep_sleep  mbed/TARGET_KW41Z/TOOLCHAIN_ARM_STD/mbed.ar(mbed_sleep_manager.o)
    0x00007a70   0x00007a70   0x00000054   Code   RO         2747    i.sleep_manager_unlock_deep_sleep  mbed/TARGET_KW41Z/TOOLCHAIN_ARM_STD/mbed.ar(mbed_sleep_manager.o)
    0x00007ac4   0x00007ac4   0x0000005e   Code   RO         2639    i.ticker_irq_handler  mbed/TARGET_KW41Z/TOOLCHAIN_ARM_STD/mbed.ar(mbed_ticker_api.o)
    0x00007b22   0x00007b22   0x00000040   Code   RO         2640    i.ticker_read       mbed/TARGET_KW41Z/TOOLCHAIN_ARM_STD/mbed.ar(mbed_ticker_api.o)
    0x00007b62   0x00007b62   0x00000002   PAD
    0x00007b64   0x00007b64   0x00000054   Code   RO         1355    i.uart0_irq         mbed/TARGET_KW41Z/TOOLCHAIN_ARM_STD/serial_api.o
    0x00007bb8   0x00007bb8   0x0000002c   Code   RO         2644    i.update_present_time  mbed/TARGET_KW41Z/TOOLCHAIN_ARM_STD/mbed.ar(mbed_ticker_api.o)
    0x00007be4   0x00007be4   0x00000010   Code   RO         1434    i.us_ticker_clear_interrupt  mbed/TARGET_KW41Z/TOOLCHAIN_ARM_STD/us_ticker.o
    0x00007bf4   0x00007bf4   0x00000014   Code   RO         1435    i.us_ticker_disable_interrupt  mbed/TARGET_KW41Z/TOOLCHAIN_ARM_STD/us_ticker.o
    0x00007c08   0x00007c08   0x00000010   Code   RO         1436    i.us_ticker_fire_interrupt  mbed/TARGET_KW41Z/TOOLCHAIN_ARM_STD/us_ticker.o
    0x00007c18   0x00007c18   0x000000ac   Code   RO         1437    i.us_ticker_init    mbed/TARGET_KW41Z/TOOLCHAIN_ARM_STD/us_ticker.o
    0x00007cc4   0x00007cc4   0x00000010   Code   RO         2625    i.us_ticker_irq_handler  mbed/TARGET_KW41Z/TOOLCHAIN_ARM_STD/mbed.ar(mbed_us_ticker_api.o)
    0x00007cd4   0x00007cd4   0x00000020   Code   RO         1438    i.us_ticker_read    mbed/TARGET_KW41Z/TOOLCHAIN_ARM_STD/us_ticker.o
    0x00007cf4   0x00007cf4   0x0000004c   Code   RO         1439    i.us_ticker_set_interrupt  mbed/TARGET_KW41Z/TOOLCHAIN_ARM_STD/us_ticker.o
    0x00007d40   0x00007d40   0x00000024   Code   RO         2735    i.wait_ms           mbed/TARGET_KW41Z/TOOLCHAIN_ARM_STD/mbed.ar(mbed_wait_api_no_rtos.o)
    0x00007d64   0x00007d64   0x0000001e   Code   RO         2736    i.wait_us           mbed/TARGET_KW41Z/TOOLCHAIN_ARM_STD/mbed.ar(mbed_wait_api_no_rtos.o)
    0x00007d82   0x00007d82   0x00000002   PAD
    0x00007d84   0x00007d84   0x0000002c   Code   RO         3436    locale$$code        C:\Keil_v5\ARM\ARMCC\Bin\..\lib\armlib\c_p.l(lc_numeric_c.o)
    0x00007db0   0x00007db0   0x0000002c   Code   RO         3477    locale$$code        C:\Keil_v5\ARM\ARMCC\Bin\..\lib\armlib\c_p.l(lc_ctype_c.o)
    0x00007ddc   0x00007ddc   0x0000002c   Code   RO         2783    t._ZN12SingletonPtrI13PlatformMutexEptEv  mbed/TARGET_KW41Z/TOOLCHAIN_ARM_STD/mbed.ar(FileBase.o)
    0x00007e08   0x00007e08   0x0000000a   Code   RO         2301    t._ZN4mbed8CallbackIFvvEE13function_callIPS1_EEvPKv  .\build\ppp-blinky.o
    0x00007e12   0x00007e12   0x00000002   Code   RO         2313    t._ZN4mbed8CallbackIFvvEE13function_dtorIPS1_EEvPv  .\build\ppp-blinky.o
    0x00007e14   0x00007e14   0x0000000e   Code   RO         2307    t._ZN4mbed8CallbackIFvvEE13function_moveIPS1_EEvPvPKv  .\build\ppp-blinky.o
    0x00007e22   0x00007e22   0x00000014   Code   RO         2585    t._ZN4mbed8CallbackIFvvEED1Ev  mbed/TARGET_KW41Z/TOOLCHAIN_ARM_STD/mbed.ar(SerialBase.o)
    0x00007e36   0x00007e36   0x00000002   PAD
    0x00007e38   0x00007e38   0x00000010   Code   RO         3287    x$fpl$printf1       C:\Keil_v5\ARM\ARMCC\Bin\..\lib\armlib\fz_ps.l(printf1.o)
    0x00007e48   0x00007e48   0x00000010   Code   RO         3289    x$fpl$printf2       C:\Keil_v5\ARM\ARMCC\Bin\..\lib\armlib\fz_ps.l(printf2.o)
    0x00007e58   0x00007e58   0x00000000   Code   RO         3295    x$fpl$usenofp       C:\Keil_v5\ARM\ARMCC\Bin\..\lib\armlib\fz_ps.l(usenofp.o)
    0x00007e58   0x00007e58   0x00000044   Data   RO          114    .constdata          mbed/TARGET_KW41Z/TOOLCHAIN_ARM_STD/fsl_clock.o
    0x00007e9c   0x00007e9c   0x00000038   Data   RO          162    .constdata          mbed/TARGET_KW41Z/TOOLCHAIN_ARM_STD/fsl_clock_config.o
    0x00007ed4   0x00007ed4   0x00000008   Data   RO          662    .constdata          mbed/TARGET_KW41Z/TOOLCHAIN_ARM_STD/fsl_lptmr.o
    0x00007edc   0x00007edc   0x0000000c   Data   RO          695    .constdata          mbed/TARGET_KW41Z/TOOLCHAIN_ARM_STD/fsl_lpuart.o
    0x00007ee8   0x00007ee8   0x00000008   Data   RO          834    .constdata          mbed/TARGET_KW41Z/TOOLCHAIN_ARM_STD/fsl_pit.o
    0x00007ef0   0x00007ef0   0x0000000c   Data   RO          995    .constdata          mbed/TARGET_KW41Z/TOOLCHAIN_ARM_STD/gpio_api.o
    0x00007efc   0x00007efc   0x00000017   Data   RO         1170    .constdata          mbed/TARGET_KW41Z/TOOLCHAIN_ARM_STD/mbed_retarget.o
    0x00007f13   0x00007f13   0x00000001   PAD
    0x00007f14   0x00007f14   0x00000030   Data   RO         1260    .constdata          mbed/TARGET_KW41Z/TOOLCHAIN_ARM_STD/PeripheralPins.o
    0x00007f44   0x00007f44   0x00000030   Data   RO         1261    .constdata          mbed/TARGET_KW41Z/TOOLCHAIN_ARM_STD/PeripheralPins.o
    0x00007f74   0x00007f74   0x00000018   Data   RO         1275    .constdata          mbed/TARGET_KW41Z/TOOLCHAIN_ARM_STD/pinmap.o
    0x00007f8c   0x00007f8c   0x00000008   Data   RO         1356    .constdata          mbed/TARGET_KW41Z/TOOLCHAIN_ARM_STD/serial_api.o
    0x00007f94   0x00007f94   0x000005ca   Data   RO         1984    .constdata          .\build\ppp-blinky.o
    0x0000855e   0x0000855e   0x00000002   PAD
    0x00008560   0x00008560   0x00000018   Data   RO         2627    .constdata          mbed/TARGET_KW41Z/TOOLCHAIN_ARM_STD/mbed.ar(mbed_us_ticker_api.o)
    0x00008578   0x00008578   0x00000008   Data   RO         2628    .constdata          mbed/TARGET_KW41Z/TOOLCHAIN_ARM_STD/mbed.ar(mbed_us_ticker_api.o)
    0x00008580   0x00008580   0x00000028   Data   RO         2900    .constdata          C:\Keil_v5\ARM\ARMCC\Bin\..\lib\armlib\c_p.l(_printf_hex_int_ll_ptr.o)
    0x000085a8   0x000085a8   0x00000011   Data   RO         2920    .constdata          C:\Keil_v5\ARM\ARMCC\Bin\..\lib\armlib\c_p.l(__printf_flags_ss_wp.o)
    0x000085b9   0x000085b9   0x00000003   PAD
    0x000085bc   0x000085bc   0x00000008   Data   RO         3165    .constdata          C:\Keil_v5\ARM\ARMCC\Bin\..\lib\armlib\c_p.l(_printf_wctomb.o)
    0x000085c4   0x000085c4   0x00000026   Data   RO         3330    .constdata          C:\Keil_v5\ARM\ARMCC\Bin\..\lib\armlib\c_p.l(_printf_fp_hex.o)
    0x000085ea   0x000085ea   0x00000002   PAD
    0x000085ec   0x000085ec   0x00000094   Data   RO         3429    .constdata          C:\Keil_v5\ARM\ARMCC\Bin\..\lib\armlib\c_p.l(bigflt0.o)
    0x00008680   0x00008680   0x00000018   Data   RO         2582    .constdata__ZTVN4mbed10SerialBaseE  mbed/TARGET_KW41Z/TOOLCHAIN_ARM_STD/mbed.ar(SerialBase.o)
    0x00008698   0x00008698   0x00000018   Data   RO         2513    .constdata__ZTVN4mbed9RawSerialE  mbed/TARGET_KW41Z/TOOLCHAIN_ARM_STD/mbed.ar(RawSerial.o)
    0x000086b0   0x000086b0   0x00000014   Data   RO         1235    .constdata__ZZN12SingletonPtrI13PlatformMutexE3getEvEs  mbed/TARGET_KW41Z/TOOLCHAIN_ARM_STD/mbed_retarget.o
    0x000086c4   0x000086c4   0x00000048   Data   RO         1236    .constdata__ZZN12SingletonPtrI13PlatformMutexE3getEvEs_0  mbed/TARGET_KW41Z/TOOLCHAIN_ARM_STD/mbed_retarget.o
    0x0000870c   0x0000870c   0x0000000c   Data   RO         2300    .constdata__ZZN4mbed8CallbackIFvvEE8generateIPS1_EEvRKT_E3ops  .\build\ppp-blinky.o
    0x00008718   0x00008718   0x00000076   Data   RO          115    .conststring        mbed/TARGET_KW41Z/TOOLCHAIN_ARM_STD/fsl_clock.o
    0x0000878e   0x0000878e   0x00000002   PAD
    0x00008790   0x00008790   0x00000075   Data   RO          344    .conststring        mbed/TARGET_KW41Z/TOOLCHAIN_ARM_STD/fsl_dspi.o
    0x00008805   0x00008805   0x00000003   PAD
    0x00008808   0x00008808   0x00000075   Data   RO          442    .conststring        mbed/TARGET_KW41Z/TOOLCHAIN_ARM_STD/fsl_edma.o
    0x0000887d   0x0000887d   0x00000003   PAD
    0x00008880   0x00008880   0x00000076   Data   RO          663    .conststring        mbed/TARGET_KW41Z/TOOLCHAIN_ARM_STD/fsl_lptmr.o
    0x000088f6   0x000088f6   0x00000002   PAD
    0x000088f8   0x000088f8   0x00000077   Data   RO          696    .conststring        mbed/TARGET_KW41Z/TOOLCHAIN_ARM_STD/fsl_lpuart.o
    0x0000896f   0x0000896f   0x00000001   PAD
    0x00008970   0x00008970   0x00000074   Data   RO          835    .conststring        mbed/TARGET_KW41Z/TOOLCHAIN_ARM_STD/fsl_pit.o
    0x000089e4   0x000089e4   0x00000064   Data   RO          996    .conststring        mbed/TARGET_KW41Z/TOOLCHAIN_ARM_STD/gpio_api.o
    0x00008a48   0x00008a48   0x00000062   Data   RO         1276    .conststring        mbed/TARGET_KW41Z/TOOLCHAIN_ARM_STD/pinmap.o
    0x00008aaa   0x00008aaa   0x00000002   PAD
    0x00008aac   0x00008aac   0x0000006f   Data   RO         1357    .conststring        mbed/TARGET_KW41Z/TOOLCHAIN_ARM_STD/serial_api.o
    0x00008b1b   0x00008b1b   0x00000001   PAD
    0x00008b1c   0x00008b1c   0x00000020   Data   RO         3499    Region$$Table       anon$$obj.o
    0x00008b3c   0x00008b3c   0x0000001c   Data   RO         3435    locale$$data        C:\Keil_v5\ARM\ARMCC\Bin\..\lib\armlib\c_p.l(lc_numeric_c.o)
    0x00008b58   0x00008b58   0x00000110   Data   RO         3476    locale$$data        C:\Keil_v5\ARM\ARMCC\Bin\..\lib\armlib\c_p.l(lc_ctype_c.o)
    0x00008c68   0x00008c68   0x00000004   Data   RO         1986    .init_array         .\build\ppp-blinky.o
    0x00008c6c   0x00008c68   0x00000000   Data   RO         2979    .init_array         C:\Keil_v5\ARM\ARMCC\Bin\..\lib\armlib\c_p.l(init_aeabi.o)


    Execution Region VECTOR_RAM (Exec base: 0x1fff8000, Load base: 0x00008c6c, Size: 0x00000200, Max: 0x00000200, ABSOLUTE)

    Exec Addr    Load Addr    Size         Type   Attr      Idx    E Section Name        Object

    0x1fff8000        -       0x00000200   Zero   RW            1    VECTOR_RAM.bss      anon$$obj.o


    Execution Region RW_m_data (Exec base: 0x1fff8200, Load base: 0x00008c6c, Size: 0x000011d0, Max: 0x0001f600, ABSOLUTE)

    Exec Addr    Load Addr    Size         Type   Attr      Idx    E Section Name        Object

    0x1fff8200   0x00008c6c   0x00000010   Data   RW          116    .data               mbed/TARGET_KW41Z/TOOLCHAIN_ARM_STD/fsl_clock.o
    0x1fff8210   0x00008c7c   0x00000010   Data   RW          345    .data               mbed/TARGET_KW41Z/TOOLCHAIN_ARM_STD/fsl_dspi.o
    0x1fff8220   0x00008c8c   0x00000010   Data   RW          591    .data               mbed/TARGET_KW41Z/TOOLCHAIN_ARM_STD/fsl_i2c.o
    0x1fff8230   0x00008c9c   0x00000008   Data   RW          697    .data               mbed/TARGET_KW41Z/TOOLCHAIN_ARM_STD/fsl_lpuart.o
    0x1fff8238   0x00008ca4   0x00000010   Data   RW         1173    .data               mbed/TARGET_KW41Z/TOOLCHAIN_ARM_STD/mbed_retarget.o
    0x1fff8248   0x00008cb4   0x00000010   Data   RW         1358    .data               mbed/TARGET_KW41Z/TOOLCHAIN_ARM_STD/serial_api.o
    0x1fff8258   0x00008cc4   0x00000004   Data   RW         1416    .data               mbed/TARGET_KW41Z/TOOLCHAIN_ARM_STD/system_MKW41Z4.o
    0x1fff825c   0x00008cc8   0x00000004   Data   RW         1440    .data               mbed/TARGET_KW41Z/TOOLCHAIN_ARM_STD/us_ticker.o
    0x1fff8260   0x00008ccc   0x00000004   Data   RW         1985    .data               .\build\ppp-blinky.o
    0x1fff8264   0x00008cd0   0x00000008   Data   RW         2706    .data               mbed/TARGET_KW41Z/TOOLCHAIN_ARM_STD/mbed.ar(mbed_critical.o)
    0x1fff826c   0x00008cd8   0x00000001   Data   RW         2728    .data               mbed/TARGET_KW41Z/TOOLCHAIN_ARM_STD/mbed.ar(mbed_error.o)
    0x1fff826d   0x00008cd9   0x00000001   PAD
    0x1fff826e   0x00008cda   0x00000002   Data   RW         2748    .data               mbed/TARGET_KW41Z/TOOLCHAIN_ARM_STD/mbed.ar(mbed_sleep_manager.o)
    0x1fff8270   0x00008cdc   0x0000000c   Data   RW         2771    .data               mbed/TARGET_KW41Z/TOOLCHAIN_ARM_STD/mbed.ar(FileBase.o)
    0x1fff827c   0x00008ce8   0x00000004   Data   RW         2941    .data               C:\Keil_v5\ARM\ARMCC\Bin\..\lib\armlib\c_p.l(stdio_streams.o)
    0x1fff8280   0x00008cec   0x00000004   Data   RW         2942    .data               C:\Keil_v5\ARM\ARMCC\Bin\..\lib\armlib\c_p.l(stdio_streams.o)
    0x1fff8284   0x00008cf0   0x00000004   Data   RW         2943    .data               C:\Keil_v5\ARM\ARMCC\Bin\..\lib\armlib\c_p.l(stdio_streams.o)
    0x1fff8288   0x00008cf4   0x00000004   Data   RW         3367    .data               C:\Keil_v5\ARM\ARMCC\Bin\..\lib\armlib\c_p.l(heapauxa.o)
    0x1fff828c        -       0x00000010   Zero   RW          440    .bss                mbed/TARGET_KW41Z/TOOLCHAIN_ARM_STD/fsl_edma.o
    0x1fff829c        -       0x00000144   Zero   RW         1169    .bss                mbed/TARGET_KW41Z/TOOLCHAIN_ARM_STD/mbed_retarget.o
    0x1fff83e0        -       0x00000ebc   Zero   RW         1983    .bss                .\build\ppp-blinky.o
    0x1fff929c   0x00008cf8   0x00000004   PAD
    0x1fff92a0        -       0x00000018   Zero   RW         2626    .bss                mbed/TARGET_KW41Z/TOOLCHAIN_ARM_STD/mbed.ar(mbed_us_ticker_api.o)
    0x1fff92b8        -       0x00000004   Zero   RW         2793    .bss                C:\Keil_v5\ARM\ARMCC\Bin\..\lib\armlib\c_p.l(rt_errno_addr.o)
    0x1fff92bc        -       0x00000054   Zero   RW         2938    .bss                C:\Keil_v5\ARM\ARMCC\Bin\..\lib\armlib\c_p.l(stdio_streams.o)
    0x1fff9310        -       0x00000054   Zero   RW         2939    .bss                C:\Keil_v5\ARM\ARMCC\Bin\..\lib\armlib\c_p.l(stdio_streams.o)
    0x1fff9364        -       0x00000054   Zero   RW         2940    .bss                C:\Keil_v5\ARM\ARMCC\Bin\..\lib\armlib\c_p.l(stdio_streams.o)
    0x1fff93b8        -       0x00000004   Zero   RW         3126    .bss                C:\Keil_v5\ARM\ARMCC\Bin\..\lib\armlib\c_p.l(rt_heap_descriptor.o)
    0x1fff93bc        -       0x00000014   Zero   RW         3415    .bss                C:\Keil_v5\ARM\ARMCC\Bin\..\lib\armlib\c_p.l(rt_locale.o)


    Execution Region RW_IRAM1 (Exec base: 0x1fff93d0, Load base: 0x00008cf8, Size: 0x00000000, Max: 0xffffffff, ABSOLUTE)

    **** No section assigned to this execution region ****

